2026-07-28 12:40:00,212 ERROR scheduler Skipped queueing frappe.integrations.doctype.google_calendar.google_calendar.sync because it was found in queue for project
2026-07-28 12:40:00,216 ERROR scheduler Skipped queueing frappe.website.doctype.personal_data_deletion_request.personal_data_deletion_request.process_data_deletion_request because it was found in queue for project
2026-07-28 12:40:00,219 ERROR scheduler Skipped queueing frappe.search.sqlite_search.build_index_if_not_exists because it was found in queue for project
2026-07-28 12:40:00,221 ERROR scheduler Skipped queueing frappe.automation.doctype.reminder.reminder.send_reminders because it was found in queue for project
2026-07-28 12:40:00,222 ERROR scheduler Skipped queueing frappe.deferred_insert.save_to_db because it was found in queue for project
2026-07-28 12:40:00,223 ERROR scheduler Skipped queueing frappe.desk.form.document_follow.send_hourly_updates because it was found in queue for project
2026-07-28 12:40:00,224 ERROR scheduler Skipped queueing frappe.model.utils.link_count.update_link_count because it was found in queue for project
2026-07-28 12:40:00,225 ERROR scheduler Skipped queueing frappe.utils.global_search.sync_global_search because it was found in queue for project
2026-07-28 12:40:00,226 ERROR scheduler Skipped queueing frappe.email.doctype.notification.notification.trigger_offset_alerts because it was found in queue for project
2026-07-28 12:40:00,227 ERROR scheduler Skipped queueing frappe.email.queue.retry_sending_emails because it was found in queue for project
2026-07-28 12:40:00,227 ERROR scheduler Skipped queueing frappe.email.queue.flush because it was found in queue for project
2026-07-28 12:40:00,228 ERROR scheduler Skipped queueing frappe.email.doctype.email_account.email_account.notify_unreplied because it was found in queue for project
2026-07-28 12:40:00,229 ERROR scheduler Skipped queueing frappe.desk.utils.delete_old_exported_report_files because it was found in queue for project
2026-07-28 12:40:00,229 ERROR scheduler Skipped queueing frappe.desk.page.backups.backups.delete_downloadable_backups because it was found in queue for project
2026-07-28 12:40:00,230 ERROR scheduler Skipped queueing frappe.utils.telemetry.pulse.client.send_queued_events because it was found in queue for project
2026-07-28 12:40:00,231 ERROR scheduler Skipped queueing frappe.model.utils.user_settings.sync_user_settings because it was found in queue for project
2026-07-28 12:40:00,232 ERROR scheduler Skipped queueing frappe.website.doctype.web_page.web_page.check_publish_status because it was found in queue for project
2026-07-28 12:40:00,233 ERROR scheduler Skipped queueing frappe.twofactor.delete_all_barcodes_for_users because it was found in queue for project
2026-07-28 12:40:00,234 ERROR scheduler Skipped queueing frappe.oauth.delete_oauth2_data because it was found in queue for project
2026-07-28 12:40:00,235 ERROR scheduler Skipped queueing frappe.monitor.flush because it was found in queue for project
2026-07-28 12:40:00,236 ERROR scheduler Skipped queueing frappe.core.doctype.prepared_report.prepared_report.expire_stalled_report because it was found in queue for project
2026-07-28 12:40:00,237 ERROR scheduler Skipped queueing frappe.email.doctype.email_account.email_account.pull because it was found in queue for project
2026-08-01 08:12:00,565 ERROR scheduler Skipped queueing frappe.deferred_insert.save_to_db because it was found in queue for project
2026-08-01 08:12:00,569 ERROR scheduler Skipped queueing frappe.email.queue.flush because it was found in queue for project
2026-08-01 08:12:00,575 ERROR scheduler Skipped queueing frappe.email.doctype.email_account.email_account.notify_unreplied because it was found in queue for project
2026-08-01 08:12:00,575 ERROR scheduler Skipped queueing frappe.integrations.doctype.google_calendar.google_calendar.sync because it was found in queue for project
2026-08-01 08:12:00,576 ERROR scheduler Skipped queueing frappe.model.utils.link_count.update_link_count because it was found in queue for project
2026-08-01 08:12:00,577 ERROR scheduler Skipped queueing frappe.utils.telemetry.pulse.client.send_queued_events because it was found in queue for project
2026-08-01 08:12:00,579 ERROR scheduler Skipped queueing frappe.automation.doctype.reminder.reminder.send_reminders because it was found in queue for project
2026-08-01 08:12:00,579 ERROR scheduler Skipped queueing frappe.monitor.flush because it was found in queue for project
2026-08-01 08:12:00,581 ERROR scheduler Skipped queueing frappe.email.queue.retry_sending_emails because it was found in queue for project
2026-08-01 08:12:00,582 ERROR scheduler Skipped queueing frappe.email.doctype.email_account.email_account.pull because it was found in queue for project
2026-08-01 08:12:00,582 ERROR scheduler Skipped queueing frappe.utils.global_search.sync_global_search because it was found in queue for project
2026-08-01 08:12:00,584 ERROR scheduler Skipped queueing frappe.email.doctype.notification.notification.trigger_offset_alerts because it was found in queue for project
2026-08-03 08:08:01,002 ERROR scheduler Skipped queueing frappe.monitor.flush because it was found in queue for project
2026-08-03 08:08:01,007 ERROR scheduler Skipped queueing frappe.email.queue.flush because it was found in queue for project
2026-08-03 08:08:01,008 ERROR scheduler Skipped queueing frappe.utils.telemetry.pulse.client.send_queued_events because it was found in queue for project
