2026-07-30 06:11:12,552 ERROR cssutils Property: Invalid value for "CSS Level 2.1" property: var(--gray-900) [14:3: color]
2026-07-30 06:11:12,556 WARNING cssutils Property: Unknown Property name. [64:2: word-wrap]
2026-07-30 06:11:12,558 WARNING cssutils Property: Unknown Property name. [83:2: columns]
2026-07-30 06:11:12,559 WARNING cssutils Property: Unknown Property name. [90:2: background-size]
2026-07-30 06:11:12,560 WARNING cssutils Property: Unknown Property name. [98:2: object-fit]
2026-07-30 06:11:12,561 ERROR cssutils Invalid token: ('INVALID', '",', 110, 63)
2026-07-30 06:11:12,561 ERROR cssutils PropertyValue: Unknown syntax or no value:  
	"InterVariable", "Inter", -apple-system", "BlinkMacSystemFont",
		"Segoe UI", "Roboto", "Oxygen", "Ubuntu", "Cantarell", "Fira Sans", "Droid Sans",
		"Helvetica Neue", sans-serif
2026-07-30 06:11:12,561 ERROR cssutils CSSStyleDeclaration: Syntax Error in Property: font-family: 
	"InterVariable", "Inter", -apple-system", "BlinkMacSystemFont",
		"Segoe UI", "Roboto", "Oxygen", "Ubuntu", "Cantarell", "Fira Sans", "Droid Sans",
		"Helvetica Neue", sans-serif
2026-07-30 06:11:12,561 WARNING cssutils Property: Unknown Property name. [114:2: -webkit-print-color-adjust]
2026-07-30 06:11:12,566 WARNING cssutils Property: Unknown Property name. [166:2: word-break]
2026-07-30 06:11:21,714 ERROR cssutils Property: Invalid value for "CSS Level 2.1" property: var(--gray-900) [14:3: color]
2026-07-30 06:11:21,718 WARNING cssutils Property: Unknown Property name. [64:2: word-wrap]
2026-07-30 06:11:21,720 WARNING cssutils Property: Unknown Property name. [83:2: columns]
2026-07-30 06:11:21,721 WARNING cssutils Property: Unknown Property name. [90:2: background-size]
2026-07-30 06:11:21,721 WARNING cssutils Property: Unknown Property name. [98:2: object-fit]
2026-07-30 06:11:21,722 ERROR cssutils Invalid token: ('INVALID', '",', 110, 63)
2026-07-30 06:11:21,722 ERROR cssutils PropertyValue: Unknown syntax or no value:  
	"InterVariable", "Inter", -apple-system", "BlinkMacSystemFont",
		"Segoe UI", "Roboto", "Oxygen", "Ubuntu", "Cantarell", "Fira Sans", "Droid Sans",
		"Helvetica Neue", sans-serif
2026-07-30 06:11:21,722 ERROR cssutils CSSStyleDeclaration: Syntax Error in Property: font-family: 
	"InterVariable", "Inter", -apple-system", "BlinkMacSystemFont",
		"Segoe UI", "Roboto", "Oxygen", "Ubuntu", "Cantarell", "Fira Sans", "Droid Sans",
		"Helvetica Neue", sans-serif
2026-07-30 06:11:21,722 WARNING cssutils Property: Unknown Property name. [114:2: -webkit-print-color-adjust]
2026-07-30 06:11:21,726 WARNING cssutils Property: Unknown Property name. [166:2: word-break]
2026-07-30 06:12:03,077 ERROR cssutils Property: Invalid value for "CSS Level 2.1" property: var(--gray-900) [14:3: color]
2026-07-30 06:12:03,111 WARNING cssutils Property: Unknown Property name. [64:2: word-wrap]
2026-07-30 06:12:03,115 WARNING cssutils Property: Unknown Property name. [83:2: columns]
2026-07-30 06:12:03,116 WARNING cssutils Property: Unknown Property name. [90:2: background-size]
2026-07-30 06:12:03,117 WARNING cssutils Property: Unknown Property name. [98:2: object-fit]
2026-07-30 06:12:03,119 ERROR cssutils Invalid token: ('INVALID', '",', 110, 63)
2026-07-30 06:12:03,119 ERROR cssutils PropertyValue: Unknown syntax or no value:  
	"InterVariable", "Inter", -apple-system", "BlinkMacSystemFont",
		"Segoe UI", "Roboto", "Oxygen", "Ubuntu", "Cantarell", "Fira Sans", "Droid Sans",
		"Helvetica Neue", sans-serif
2026-07-30 06:12:03,119 ERROR cssutils CSSStyleDeclaration: Syntax Error in Property: font-family: 
	"InterVariable", "Inter", -apple-system", "BlinkMacSystemFont",
		"Segoe UI", "Roboto", "Oxygen", "Ubuntu", "Cantarell", "Fira Sans", "Droid Sans",
		"Helvetica Neue", sans-serif
2026-07-30 06:12:03,119 WARNING cssutils Property: Unknown Property name. [114:2: -webkit-print-color-adjust]
2026-07-30 06:12:03,125 WARNING cssutils Property: Unknown Property name. [166:2: word-break]
2026-07-30 06:12:17,817 ERROR cssutils Property: Invalid value for "CSS Level 2.1" property: var(--gray-900) [14:3: color]
2026-07-30 06:12:17,823 WARNING cssutils Property: Unknown Property name. [64:2: word-wrap]
2026-07-30 06:12:17,826 WARNING cssutils Property: Unknown Property name. [83:2: columns]
2026-07-30 06:12:17,827 WARNING cssutils Property: Unknown Property name. [90:2: background-size]
2026-07-30 06:12:17,828 WARNING cssutils Property: Unknown Property name. [98:2: object-fit]
2026-07-30 06:12:17,829 ERROR cssutils Invalid token: ('INVALID', '",', 110, 63)
2026-07-30 06:12:17,829 ERROR cssutils PropertyValue: Unknown syntax or no value:  
	"InterVariable", "Inter", -apple-system", "BlinkMacSystemFont",
		"Segoe UI", "Roboto", "Oxygen", "Ubuntu", "Cantarell", "Fira Sans", "Droid Sans",
		"Helvetica Neue", sans-serif
2026-07-30 06:12:17,829 ERROR cssutils CSSStyleDeclaration: Syntax Error in Property: font-family: 
	"InterVariable", "Inter", -apple-system", "BlinkMacSystemFont",
		"Segoe UI", "Roboto", "Oxygen", "Ubuntu", "Cantarell", "Fira Sans", "Droid Sans",
		"Helvetica Neue", sans-serif
2026-07-30 06:12:17,829 WARNING cssutils Property: Unknown Property name. [114:2: -webkit-print-color-adjust]
2026-07-30 06:12:17,834 WARNING cssutils Property: Unknown Property name. [166:2: word-break]
2026-07-30 06:16:07,211 ERROR cssutils Property: Invalid value for "CSS Level 2.1" property: var(--gray-900) [14:3: color]
2026-07-30 06:16:07,252 WARNING cssutils Property: Unknown Property name. [64:2: word-wrap]
2026-07-30 06:16:07,254 WARNING cssutils Property: Unknown Property name. [83:2: columns]
2026-07-30 06:16:07,255 WARNING cssutils Property: Unknown Property name. [90:2: background-size]
2026-07-30 06:16:07,257 WARNING cssutils Property: Unknown Property name. [98:2: object-fit]
2026-07-30 06:16:07,258 ERROR cssutils Invalid token: ('INVALID', '",', 110, 63)
2026-07-30 06:16:07,258 ERROR cssutils PropertyValue: Unknown syntax or no value:  
	"InterVariable", "Inter", -apple-system", "BlinkMacSystemFont",
		"Segoe UI", "Roboto", "Oxygen", "Ubuntu", "Cantarell", "Fira Sans", "Droid Sans",
		"Helvetica Neue", sans-serif
2026-07-30 06:16:07,258 ERROR cssutils CSSStyleDeclaration: Syntax Error in Property: font-family: 
	"InterVariable", "Inter", -apple-system", "BlinkMacSystemFont",
		"Segoe UI", "Roboto", "Oxygen", "Ubuntu", "Cantarell", "Fira Sans", "Droid Sans",
		"Helvetica Neue", sans-serif
2026-07-30 06:16:07,258 WARNING cssutils Property: Unknown Property name. [114:2: -webkit-print-color-adjust]
2026-07-30 06:16:07,263 WARNING cssutils Property: Unknown Property name. [166:2: word-break]
2026-07-30 06:16:07,601 ERROR cssutils Property: Invalid value for "CSS Level 2.1" property: var(--gray-900) [14:3: color]
2026-07-30 06:16:07,605 WARNING cssutils Property: Unknown Property name. [64:2: word-wrap]
2026-07-30 06:16:07,606 WARNING cssutils Property: Unknown Property name. [83:2: columns]
2026-07-30 06:16:07,607 WARNING cssutils Property: Unknown Property name. [90:2: background-size]
2026-07-30 06:16:07,608 WARNING cssutils Property: Unknown Property name. [98:2: object-fit]
2026-07-30 06:16:07,609 ERROR cssutils Invalid token: ('INVALID', '",', 110, 63)
2026-07-30 06:16:07,609 ERROR cssutils PropertyValue: Unknown syntax or no value:  
	"InterVariable", "Inter", -apple-system", "BlinkMacSystemFont",
		"Segoe UI", "Roboto", "Oxygen", "Ubuntu", "Cantarell", "Fira Sans", "Droid Sans",
		"Helvetica Neue", sans-serif
2026-07-30 06:16:07,609 ERROR cssutils CSSStyleDeclaration: Syntax Error in Property: font-family: 
	"InterVariable", "Inter", -apple-system", "BlinkMacSystemFont",
		"Segoe UI", "Roboto", "Oxygen", "Ubuntu", "Cantarell", "Fira Sans", "Droid Sans",
		"Helvetica Neue", sans-serif
2026-07-30 06:16:07,610 WARNING cssutils Property: Unknown Property name. [114:2: -webkit-print-color-adjust]
2026-07-30 06:16:07,613 WARNING cssutils Property: Unknown Property name. [166:2: word-break]
2026-07-30 06:20:07,424 ERROR cssutils Property: Invalid value for "CSS Level 2.1" property: var(--gray-900) [14:3: color]
2026-07-30 06:20:07,448 WARNING cssutils Property: Unknown Property name. [64:2: word-wrap]
2026-07-30 06:20:07,450 WARNING cssutils Property: Unknown Property name. [83:2: columns]
2026-07-30 06:20:07,450 WARNING cssutils Property: Unknown Property name. [90:2: background-size]
2026-07-30 06:20:07,452 WARNING cssutils Property: Unknown Property name. [98:2: object-fit]
2026-07-30 06:20:07,453 ERROR cssutils Invalid token: ('INVALID', '",', 110, 63)
2026-07-30 06:20:07,453 ERROR cssutils PropertyValue: Unknown syntax or no value:  
	"InterVariable", "Inter", -apple-system", "BlinkMacSystemFont",
		"Segoe UI", "Roboto", "Oxygen", "Ubuntu", "Cantarell", "Fira Sans", "Droid Sans",
		"Helvetica Neue", sans-serif
2026-07-30 06:20:07,453 ERROR cssutils CSSStyleDeclaration: Syntax Error in Property: font-family: 
	"InterVariable", "Inter", -apple-system", "BlinkMacSystemFont",
		"Segoe UI", "Roboto", "Oxygen", "Ubuntu", "Cantarell", "Fira Sans", "Droid Sans",
		"Helvetica Neue", sans-serif
2026-07-30 06:20:07,453 WARNING cssutils Property: Unknown Property name. [114:2: -webkit-print-color-adjust]
2026-07-30 06:20:07,457 WARNING cssutils Property: Unknown Property name. [166:2: word-break]
2026-07-30 06:24:16,568 ERROR cssutils Property: Invalid value for "CSS Level 2.1" property: var(--gray-900) [14:3: color]
2026-07-30 06:24:16,960 WARNING cssutils Property: Unknown Property name. [64:2: word-wrap]
2026-07-30 06:24:16,962 WARNING cssutils Property: Unknown Property name. [83:2: columns]
2026-07-30 06:24:16,963 WARNING cssutils Property: Unknown Property name. [90:2: background-size]
2026-07-30 06:24:16,964 WARNING cssutils Property: Unknown Property name. [98:2: object-fit]
2026-07-30 06:24:16,965 ERROR cssutils Invalid token: ('INVALID', '",', 110, 63)
2026-07-30 06:24:16,966 ERROR cssutils PropertyValue: Unknown syntax or no value:  
	"InterVariable", "Inter", -apple-system", "BlinkMacSystemFont",
		"Segoe UI", "Roboto", "Oxygen", "Ubuntu", "Cantarell", "Fira Sans", "Droid Sans",
		"Helvetica Neue", sans-serif
2026-07-30 06:24:16,966 ERROR cssutils CSSStyleDeclaration: Syntax Error in Property: font-family: 
	"InterVariable", "Inter", -apple-system", "BlinkMacSystemFont",
		"Segoe UI", "Roboto", "Oxygen", "Ubuntu", "Cantarell", "Fira Sans", "Droid Sans",
		"Helvetica Neue", sans-serif
2026-07-30 06:24:16,966 WARNING cssutils Property: Unknown Property name. [114:2: -webkit-print-color-adjust]
2026-07-30 06:24:16,970 WARNING cssutils Property: Unknown Property name. [166:2: word-break]
