2026-08-18 06:43:25,984 WARNING database DDL Query made to DB:
create table `tabCustom HTML Block` (
			name varchar(140) primary key,
			creation datetime(6),
			modified datetime(6),
			modified_by varchar(140),
			owner varchar(140),
			docstatus tinyint not null default '0',
			idx int not null default '0',
			`private` tinyint(4) NOT NULL DEFAULT 0,
`html` longtext,
`script` longtext,
`style` longtext,
`_user_tags` text,
`_comments` text,
`_assign` text,
`_liked_by` text,
index creation(creation))
			ENGINE=InnoDB
			ROW_FORMAT=DYNAMIC
			CHARACTER SET=utf8mb4
			COLLATE=utf8mb4_unicode_ci
2026-08-18 06:43:26,095 WARNING database DDL Query made to DB:
create table `tabSidebar Item Group` (
			name varchar(140) primary key,
			creation datetime(6),
			modified datetime(6),
			modified_by varchar(140),
			owner varchar(140),
			docstatus tinyint not null default '0',
			idx int not null default '0',
			`sidebar` varchar(140) UNIQUE,
`app` varchar(140),
`_user_tags` text,
`_comments` text,
`_assign` text,
`_liked_by` text,
index creation(creation))
			ENGINE=InnoDB
			ROW_FORMAT=DYNAMIC
			CHARACTER SET=utf8mb4
			COLLATE=utf8mb4_unicode_ci
2026-08-18 06:43:26,349 WARNING database DDL Query made to DB:
create table `tabList View Settings` (
			name varchar(140) primary key,
			creation datetime(6),
			modified datetime(6),
			modified_by varchar(140),
			owner varchar(140),
			docstatus tinyint not null default '0',
			idx int not null default '0',
			`disable_count` tinyint(4) NOT NULL DEFAULT 0,
`disable_auto_refresh` tinyint(4) NOT NULL DEFAULT 0,
`disable_sidebar_stats` tinyint(4) NOT NULL DEFAULT 0,
`disable_automatic_recency_filters` tinyint(4) NOT NULL DEFAULT 0,
`show_tags` tinyint(4) NOT NULL DEFAULT 0,
`disable_comment_count` tinyint(4) NOT NULL DEFAULT 0,
`disable_scrolling` tinyint(4) NOT NULL DEFAULT 0,
`allow_edit` tinyint(4) NOT NULL DEFAULT 0,
`fields` longtext,
`_user_tags` text,
`_comments` text,
`_assign` text,
`_liked_by` text,
index creation(creation))
			ENGINE=InnoDB
			ROW_FORMAT=DYNAMIC
			CHARACTER SET=utf8mb4
			COLLATE=utf8mb4_unicode_ci
2026-08-18 06:43:26,450 WARNING database DDL Query made to DB:
create table `tabEvent Notifications` (
			name varchar(140) primary key,
			creation datetime(6),
			modified datetime(6),
			modified_by varchar(140),
			owner varchar(140),
			docstatus tinyint not null default '0',
			idx int not null default '0',
			`type` varchar(140) DEFAULT 'Notification',
`before` int(11) NOT NULL DEFAULT 0,
`interval` varchar(140),
`time` time(6),
parent varchar(140),
parentfield varchar(140),
parenttype varchar(140),
index parent(parent))
			ENGINE=InnoDB
			ROW_FORMAT=DYNAMIC
			CHARACTER SET=utf8mb4
			COLLATE=utf8mb4_unicode_ci
2026-08-18 06:43:26,601 WARNING database DDL Query made to DB:
create table `tabCalendar View` (
			name varchar(140) primary key,
			creation datetime(6),
			modified datetime(6),
			modified_by varchar(140),
			owner varchar(140),
			docstatus tinyint not null default '0',
			idx int not null default '0',
			`reference_doctype` varchar(140),
`subject_field` varchar(140),
`start_date_field` varchar(140),
`end_date_field` varchar(140),
`all_day` tinyint(4) NOT NULL DEFAULT 0,
`_user_tags` text,
`_comments` text,
`_assign` text,
`_liked_by` text,
index creation(creation))
			ENGINE=InnoDB
			ROW_FORMAT=DYNAMIC
			CHARACTER SET=utf8mb4
			COLLATE=utf8mb4_unicode_ci
2026-08-18 06:43:26,769 WARNING database DDL Query made to DB:
create table `tabDashboard Chart Field` (
			name varchar(140) primary key,
			creation datetime(6),
			modified datetime(6),
			modified_by varchar(140),
			owner varchar(140),
			docstatus tinyint not null default '0',
			idx int not null default '0',
			`y_field` varchar(140),
`color` varchar(140),
parent varchar(140),
parentfield varchar(140),
parenttype varchar(140),
index parent(parent))
			ENGINE=InnoDB
			ROW_FORMAT=DYNAMIC
			CHARACTER SET=utf8mb4
			COLLATE=utf8mb4_unicode_ci
2026-08-18 06:43:26,897 WARNING database DDL Query made to DB:
create table `tabRoute History` (
			name varchar(140) primary key,
			creation datetime(6),
			modified datetime(6),
			modified_by varchar(140),
			owner varchar(140),
			docstatus tinyint not null default '0',
			idx int not null default '0',
			`route` varchar(140),
`user` varchar(140),
`_user_tags` text,
`_comments` text,
`_assign` text,
`_liked_by` text,
index creation(creation))
			ENGINE=InnoDB
			ROW_FORMAT=DYNAMIC
			CHARACTER SET=utf8mb4
			COLLATE=utf8mb4_unicode_ci
2026-08-18 06:43:27,080 WARNING database DDL Query made to DB:
create table `tabToDo` (
			name varchar(140) primary key,
			creation datetime(6),
			modified datetime(6),
			modified_by varchar(140),
			owner varchar(140),
			docstatus tinyint not null default '0',
			idx int not null default '0',
			`status` varchar(140) DEFAULT 'Open',
`priority` varchar(140) DEFAULT 'Medium',
`color` varchar(140),
`date` date,
`allocated_to` varchar(140),
`description` longtext,
`reference_type` varchar(140),
`reference_name` varchar(140),
`role` varchar(140),
`assigned_by` varchar(140),
`assigned_by_full_name` varchar(140),
`sender` varchar(140),
`assignment_rule` varchar(140),
`_user_tags` text,
`_comments` text,
`_assign` text,
`_liked_by` text,
`_seen` text,
index creation(creation))
			ENGINE=InnoDB
			ROW_FORMAT=DYNAMIC
			CHARACTER SET=utf8mb4
			COLLATE=utf8mb4_unicode_ci
2026-08-18 06:43:27,124 WARNING database DDL Query made to DB:
ALTER TABLE `tabToDo`
				ADD INDEX IF NOT EXISTS `reference_type_reference_name_index`(reference_type, reference_name)
2026-08-18 06:43:27,188 WARNING database DDL Query made to DB:
create table `tabGlobal Search DocType` (
			name varchar(140) primary key,
			creation datetime(6),
			modified datetime(6),
			modified_by varchar(140),
			owner varchar(140),
			docstatus tinyint not null default '0',
			idx int not null default '0',
			`document_type` varchar(140),
parent varchar(140),
parentfield varchar(140),
parenttype varchar(140),
index parent(parent))
			ENGINE=InnoDB
			ROW_FORMAT=DYNAMIC
			CHARACTER SET=utf8mb4
			COLLATE=utf8mb4_unicode_ci
2026-08-18 06:43:27,272 WARNING database DDL Query made to DB:
create table `tabList Filter` (
			name varchar(140) primary key,
			creation datetime(6),
			modified datetime(6),
			modified_by varchar(140),
			owner varchar(140),
			docstatus tinyint not null default '0',
			idx int not null default '0',
			`filter_name` varchar(140),
`reference_doctype` varchar(140),
`for_user` varchar(140),
`filters` longtext,
`_user_tags` text,
`_comments` text,
`_assign` text,
`_liked_by` text,
index creation(creation))
			ENGINE=InnoDB
			ROW_FORMAT=DYNAMIC
			CHARACTER SET=utf8mb4
			COLLATE=utf8mb4_unicode_ci
2026-08-18 06:43:27,410 WARNING database DDL Query made to DB:
create table `tabEvent` (
			name varchar(140) primary key,
			creation datetime(6),
			modified datetime(6),
			modified_by varchar(140),
			owner varchar(140),
			docstatus tinyint not null default '0',
			idx int not null default '0',
			`subject` text,
`event_category` varchar(140),
`event_type` varchar(140),
`color` varchar(140),
`repeat_this_event` tinyint(4) NOT NULL DEFAULT 0,
`location` varchar(140),
`starts_on` datetime(6),
`ends_on` datetime(6),
`status` varchar(140) DEFAULT 'Open',
`sender` varchar(140),
`attending` varchar(140),
`all_day` tinyint(4) NOT NULL DEFAULT 0,
`sync_with_google_calendar` tinyint(4) NOT NULL DEFAULT 0,
`add_video_conferencing` tinyint(4) NOT NULL DEFAULT 0,
`google_calendar` varchar(140),
`google_calendar_id` varchar(140),
`google_calendar_event_id` varchar(320),
`google_meet_link` text,
`pulled_from_google_calendar` tinyint(4) NOT NULL DEFAULT 0,
`repeat_on` varchar(140),
`repeat_till` date,
`monday` tinyint(4) NOT NULL DEFAULT 0,
`tuesday` tinyint(4) NOT NULL DEFAULT 0,
`wednesday` tinyint(4) NOT NULL DEFAULT 0,
`thursday` tinyint(4) NOT NULL DEFAULT 0,
`friday` tinyint(4) NOT NULL DEFAULT 0,
`saturday` tinyint(4) NOT NULL DEFAULT 0,
`sunday` tinyint(4) NOT NULL DEFAULT 0,
`description` longtext,
`reference_doctype` varchar(140),
`reference_docname` varchar(140),
`send_reminder` tinyint(4) NOT NULL DEFAULT 1,
`_user_tags` text,
`_comments` text,
`_assign` text,
`_liked_by` text,
`_seen` text,
index `event_type`(`event_type`),
index creation(creation))
			ENGINE=InnoDB
			ROW_FORMAT=DYNAMIC
			CHARACTER SET=utf8mb4
			COLLATE=utf8mb4_unicode_ci
2026-08-18 06:43:27,518 WARNING database DDL Query made to DB:
create table `tabKanban Board` (
			name varchar(140) primary key,
			creation datetime(6),
			modified datetime(6),
			modified_by varchar(140),
			owner varchar(140),
			docstatus tinyint not null default '0',
			idx int not null default '0',
			`kanban_board_name` varchar(140) UNIQUE,
`reference_doctype` varchar(140),
`field_name` varchar(140),
`private` tinyint(4) NOT NULL DEFAULT 0,
`show_labels` tinyint(4) NOT NULL DEFAULT 0,
`filters` longtext,
`fields` longtext,
`_user_tags` text,
`_comments` text,
`_assign` text,
`_liked_by` text,
index creation(creation))
			ENGINE=InnoDB
			ROW_FORMAT=DYNAMIC
			CHARACTER SET=utf8mb4
			COLLATE=utf8mb4_unicode_ci
2026-08-18 06:43:27,620 WARNING database DDL Query made to DB:
create table `tabNote` (
			name varchar(140) primary key,
			creation datetime(6),
			modified datetime(6),
			modified_by varchar(140),
			owner varchar(140),
			docstatus tinyint not null default '0',
			idx int not null default '0',
			`title` varchar(140),
`public` tinyint(4) NOT NULL DEFAULT 0,
`notify_on_login` tinyint(4) NOT NULL DEFAULT 0,
`notify_on_every_login` tinyint(4) NOT NULL DEFAULT 0,
`expire_notification_on` datetime(6),
`content` longtext,
`_user_tags` text,
`_comments` text,
`_assign` text,
`_liked_by` text,
index `expire_notification_on`(`expire_notification_on`),
index creation(creation))
			ENGINE=InnoDB
			ROW_FORMAT=DYNAMIC
			CHARACTER SET=utf8mb4
			COLLATE=utf8mb4_unicode_ci
2026-08-18 06:43:27,716 WARNING database DDL Query made to DB:
create table `tabDesktop Layout` (
			name varchar(140) primary key,
			creation datetime(6),
			modified datetime(6),
			modified_by varchar(140),
			owner varchar(140),
			docstatus tinyint not null default '0',
			idx int not null default '0',
			`user` varchar(140) UNIQUE,
`layout` longtext,
`_user_tags` text,
`_comments` text,
`_assign` text,
`_liked_by` text,
index creation(creation))
			ENGINE=InnoDB
			ROW_FORMAT=DYNAMIC
			CHARACTER SET=utf8mb4
			COLLATE=utf8mb4_unicode_ci
2026-08-18 06:43:27,822 WARNING database DDL Query made to DB:
create table `tabDashboard Chart Link` (
			name varchar(140) primary key,
			creation datetime(6),
			modified datetime(6),
			modified_by varchar(140),
			owner varchar(140),
			docstatus tinyint not null default '0',
			idx int not null default '0',
			`chart` varchar(140),
`width` varchar(140) DEFAULT 'Half',
parent varchar(140),
parentfield varchar(140),
parenttype varchar(140),
index parent(parent))
			ENGINE=InnoDB
			ROW_FORMAT=DYNAMIC
			CHARACTER SET=utf8mb4
			COLLATE=utf8mb4_unicode_ci
2026-08-18 06:43:27,907 WARNING database DDL Query made to DB:
create table `tabNotification Subscribed Document` (
			name varchar(140) primary key,
			creation datetime(6),
			modified datetime(6),
			modified_by varchar(140),
			owner varchar(140),
			docstatus tinyint not null default '0',
			idx int not null default '0',
			`document` varchar(140),
parent varchar(140),
parentfield varchar(140),
parenttype varchar(140),
index parent(parent))
			ENGINE=InnoDB
			ROW_FORMAT=DYNAMIC
			CHARACTER SET=utf8mb4
			COLLATE=utf8mb4_unicode_ci
2026-08-18 06:43:28,017 WARNING database DDL Query made to DB:
create table `tabNumber Card Link` (
			name varchar(140) primary key,
			creation datetime(6),
			modified datetime(6),
			modified_by varchar(140),
			owner varchar(140),
			docstatus tinyint not null default '0',
			idx int not null default '0',
			`card` varchar(140),
parent varchar(140),
parentfield varchar(140),
parenttype varchar(140),
index parent(parent))
			ENGINE=InnoDB
			ROW_FORMAT=DYNAMIC
			CHARACTER SET=utf8mb4
			COLLATE=utf8mb4_unicode_ci
2026-08-18 06:43:28,159 WARNING database DDL Query made to DB:
create table `tabDesktop Icon` (
			name varchar(140) primary key,
			creation datetime(6),
			modified datetime(6),
			modified_by varchar(140),
			owner varchar(140),
			docstatus tinyint not null default '0',
			idx int not null default '0',
			`label` varchar(140) UNIQUE,
`icon_type` varchar(140),
`link_type` varchar(140),
`link_to` varchar(140),
`parent_icon` varchar(140),
`sidebar` varchar(140),
`icon_image` text,
`standard` tinyint(4) NOT NULL DEFAULT 0,
`app` varchar(140),
`icon` varchar(140),
`logo_url` varchar(140),
`link` text,
`hidden` tinyint(4) NOT NULL DEFAULT 0,
`restrict_removal` tinyint(4) NOT NULL DEFAULT 0,
`bg_color` varchar(140),
`_user_tags` text,
`_comments` text,
`_assign` text,
`_liked_by` text,
index creation(creation))
			ENGINE=InnoDB
			ROW_FORMAT=DYNAMIC
			CHARACTER SET=utf8mb4
			COLLATE=utf8mb4_unicode_ci
2026-08-18 06:43:28,251 WARNING database DDL Query made to DB:
create table `tabTag` (
			name varchar(140) primary key,
			creation datetime(6),
			modified datetime(6),
			modified_by varchar(140),
			owner varchar(140),
			docstatus tinyint not null default '0',
			idx int not null default '0',
			`description` text,
`_user_tags` text,
`_comments` text,
`_assign` text,
`_liked_by` text,
index creation(creation))
			ENGINE=InnoDB
			ROW_FORMAT=DYNAMIC
			CHARACTER SET=utf8mb4
			COLLATE=utf8mb4_unicode_ci
2026-08-18 06:43:28,347 WARNING database DDL Query made to DB:
create table `tabEvent Participants` (
			name varchar(140) primary key,
			creation datetime(6),
			modified datetime(6),
			modified_by varchar(140),
			owner varchar(140),
			docstatus tinyint not null default '0',
			idx int not null default '0',
			`reference_doctype` varchar(140),
`reference_docname` varchar(140),
`email` varchar(140),
`attending` varchar(140),
parent varchar(140),
parentfield varchar(140),
parenttype varchar(140),
index parent(parent))
			ENGINE=InnoDB
			ROW_FORMAT=DYNAMIC
			CHARACTER SET=utf8mb4
			COLLATE=utf8mb4_unicode_ci
2026-08-18 06:43:28,673 WARNING database DDL Query made to DB:
create table `tabKanban Board Column` (
			name varchar(140) primary key,
			creation datetime(6),
			modified datetime(6),
			modified_by varchar(140),
			owner varchar(140),
			docstatus tinyint not null default '0',
			idx int not null default '0',
			`column_name` varchar(140),
`status` varchar(140) DEFAULT 'Active',
`indicator` varchar(140) DEFAULT 'Gray',
`order` longtext,
parent varchar(140),
parentfield varchar(140),
parenttype varchar(140),
index parent(parent))
			ENGINE=InnoDB
			ROW_FORMAT=DYNAMIC
			CHARACTER SET=utf8mb4
			COLLATE=utf8mb4_unicode_ci
2026-08-18 06:43:28,811 WARNING database DDL Query made to DB:
create table `tabTag Link` (
			name varchar(140) primary key,
			creation datetime(6),
			modified datetime(6),
			modified_by varchar(140),
			owner varchar(140),
			docstatus tinyint not null default '0',
			idx int not null default '0',
			`document_type` varchar(140),
`document_name` varchar(140),
`tag` varchar(140),
`title` varchar(140),
`_user_tags` text,
`_comments` text,
`_assign` text,
`_liked_by` text,
index creation(creation))
			ENGINE=InnoDB
			ROW_FORMAT=DYNAMIC
			CHARACTER SET=utf8mb4
			COLLATE=utf8mb4_unicode_ci
2026-08-18 06:43:28,861 WARNING database DDL Query made to DB:
ALTER TABLE `tabTag Link`
				ADD INDEX IF NOT EXISTS `document_type_document_name_index`(document_type, document_name)
2026-08-18 06:43:28,979 WARNING database DDL Query made to DB:
create table `tabNotification Log` (
			name varchar(140) primary key,
			creation datetime(6),
			modified datetime(6),
			modified_by varchar(140),
			owner varchar(140),
			docstatus tinyint not null default '0',
			idx int not null default '0',
			`subject` text,
`for_user` varchar(140),
`type` varchar(140),
`email_content` longtext,
`document_type` varchar(140),
`read` tinyint(4) NOT NULL DEFAULT 0,
`document_name` varchar(140),
`attached_file` longtext,
`from_user` varchar(140),
`link` text,
`email_header` varchar(140),
`_user_tags` text,
`_comments` text,
`_assign` text,
`_liked_by` text,
`_seen` text,
index `for_user`(`for_user`),
index `document_name`(`document_name`),
index creation(creation))
			ENGINE=InnoDB
			ROW_FORMAT=DYNAMIC
			CHARACTER SET=utf8mb4
			COLLATE=utf8mb4_unicode_ci
2026-08-18 06:43:29,078 WARNING database DDL Query made to DB:
create table `tabNote Seen By` (
			name varchar(140) primary key,
			creation datetime(6),
			modified datetime(6),
			modified_by varchar(140),
			owner varchar(140),
			docstatus tinyint not null default '0',
			idx int not null default '0',
			`user` varchar(140),
parent varchar(140),
parentfield varchar(140),
parenttype varchar(140),
index parent(parent))
			ENGINE=InnoDB
			ROW_FORMAT=DYNAMIC
			CHARACTER SET=utf8mb4
			COLLATE=utf8mb4_unicode_ci
2026-08-18 06:43:29,176 WARNING database DDL Query made to DB:
create table `tabConsole Log` (
			name varchar(140) primary key,
			creation datetime(6),
			modified datetime(6),
			modified_by varchar(140),
			owner varchar(140),
			docstatus tinyint not null default '0',
			idx int not null default '0',
			`script` longtext,
`type` varchar(140),
`committed` tinyint(4) NOT NULL DEFAULT 0,
`_user_tags` text,
`_comments` text,
`_assign` text,
`_liked_by` text,
index creation(creation))
			ENGINE=InnoDB
			ROW_FORMAT=DYNAMIC
			CHARACTER SET=utf8mb4
			COLLATE=utf8mb4_unicode_ci
2026-08-18 06:43:29,405 WARNING database DDL Query made to DB:
create table `tabDashboard Settings` (
			name varchar(140) primary key,
			creation datetime(6),
			modified datetime(6),
			modified_by varchar(140),
			owner varchar(140),
			docstatus tinyint not null default '0',
			idx int not null default '0',
			`user` varchar(140),
`chart_config` longtext,
`_user_tags` text,
`_comments` text,
`_assign` text,
`_liked_by` text,
index creation(creation))
			ENGINE=InnoDB
			ROW_FORMAT=DYNAMIC
			CHARACTER SET=utf8mb4
			COLLATE=utf8mb4_unicode_ci
2026-08-18 06:43:29,487 WARNING database DDL Query made to DB:
create table `tabChangelog Feed` (
			name varchar(140) primary key,
			creation datetime(6),
			modified datetime(6),
			modified_by varchar(140),
			owner varchar(140),
			docstatus tinyint not null default '0',
			idx int not null default '0',
			`title` varchar(140),
`app_name` varchar(140),
`link` longtext,
`posting_timestamp` datetime(6),
`_user_tags` text,
`_comments` text,
`_assign` text,
`_liked_by` text,
index `posting_timestamp`(`posting_timestamp`),
index creation(creation))
			ENGINE=InnoDB
			ROW_FORMAT=DYNAMIC
			CHARACTER SET=utf8mb4
			COLLATE=utf8mb4_unicode_ci
2026-08-18 06:43:29,574 WARNING database DDL Query made to DB:
create table `tabNotification Settings` (
			name varchar(140) primary key,
			creation datetime(6),
			modified datetime(6),
			modified_by varchar(140),
			owner varchar(140),
			docstatus tinyint not null default '0',
			idx int not null default '0',
			`enabled` tinyint(4) NOT NULL DEFAULT 1,
`enable_email_notifications` tinyint(4) NOT NULL DEFAULT 1,
`enable_email_mention` tinyint(4) NOT NULL DEFAULT 1,
`enable_email_assignment` tinyint(4) NOT NULL DEFAULT 1,
`enable_email_threads_on_assigned_document` tinyint(4) NOT NULL DEFAULT 1,
`enable_email_share` tinyint(4) NOT NULL DEFAULT 1,
`enable_email_event_reminders` tinyint(4) NOT NULL DEFAULT 1,
`user` varchar(140),
`seen` tinyint(4) NOT NULL DEFAULT 0,
`_user_tags` text,
`_comments` text,
`_assign` text,
`_liked_by` text,
index creation(creation))
			ENGINE=InnoDB
			ROW_FORMAT=DYNAMIC
			CHARACTER SET=utf8mb4
			COLLATE=utf8mb4_unicode_ci
2026-08-18 06:43:29,667 WARNING database DDL Query made to DB:
create table `tabSidebar Item Group Link` (
			name varchar(140) primary key,
			creation datetime(6),
			modified datetime(6),
			modified_by varchar(140),
			owner varchar(140),
			docstatus tinyint not null default '0',
			idx int not null default '0',
			`report` varchar(140),
parent varchar(140),
parentfield varchar(140),
parenttype varchar(140),
index parent(parent))
			ENGINE=InnoDB
			ROW_FORMAT=DYNAMIC
			CHARACTER SET=utf8mb4
			COLLATE=utf8mb4_unicode_ci
2026-08-18 06:43:29,923 WARNING database DDL Query made to DB:
create table `tabSocial Login Key` (
			name varchar(140) primary key,
			creation datetime(6),
			modified datetime(6),
			modified_by varchar(140),
			owner varchar(140),
			docstatus tinyint not null default '0',
			idx int not null default '0',
			`enable_social_login` tinyint(4) NOT NULL DEFAULT 0,
`social_login_provider` varchar(140) DEFAULT 'Custom',
`client_id` varchar(140),
`provider_name` varchar(140),
`client_secret` text,
`icon` varchar(140),
`base_url` varchar(140),
`sign_ups` varchar(140),
`show_in_resource_metadata` tinyint(4) NOT NULL DEFAULT 1,
`authorize_url` varchar(140),
`access_token_url` varchar(140),
`redirect_url` varchar(140),
`api_endpoint` varchar(140),
`custom_base_url` tinyint(4) NOT NULL DEFAULT 0,
`api_endpoint_args` longtext,
`auth_url_data` longtext,
`user_id_property` varchar(140),
`_user_tags` text,
`_comments` text,
`_assign` text,
`_liked_by` text,
index creation(creation))
			ENGINE=InnoDB
			ROW_FORMAT=DYNAMIC
			CHARACTER SET=utf8mb4
			COLLATE=utf8mb4_unicode_ci
2026-08-18 06:43:30,190 WARNING database DDL Query made to DB:
create table `tabGoogle Contacts` (
			name varchar(140) primary key,
			creation datetime(6),
			modified datetime(6),
			modified_by varchar(140),
			owner varchar(140),
			docstatus tinyint not null default '0',
			idx int not null default '0',
			`enable` tinyint(4) NOT NULL DEFAULT 0,
`email_id` varchar(140),
`last_sync_on` datetime(6),
`authorization_code` text,
`refresh_token` text,
`next_sync_token` text,
`pull_from_google_contacts` tinyint(4) NOT NULL DEFAULT 0,
`push_to_google_contacts` tinyint(4) NOT NULL DEFAULT 0,
`_user_tags` text,
`_comments` text,
`_assign` text,
`_liked_by` text,
index creation(creation))
			ENGINE=InnoDB
			ROW_FORMAT=DYNAMIC
			CHARACTER SET=utf8mb4
			COLLATE=utf8mb4_unicode_ci
2026-08-18 06:43:30,415 WARNING database DDL Query made to DB:
create table `tabOAuth Scope` (
			name varchar(140) primary key,
			creation datetime(6),
			modified datetime(6),
			modified_by varchar(140),
			owner varchar(140),
			docstatus tinyint not null default '0',
			idx int not null default '0',
			`scope` varchar(140),
parent varchar(140),
parentfield varchar(140),
parenttype varchar(140),
index parent(parent))
			ENGINE=InnoDB
			ROW_FORMAT=DYNAMIC
			CHARACTER SET=utf8mb4
			COLLATE=utf8mb4_unicode_ci
2026-08-18 06:43:30,502 WARNING database DDL Query made to DB:
create table `tabWebhook Data` (
			name varchar(140) primary key,
			creation datetime(6),
			modified datetime(6),
			modified_by varchar(140),
			owner varchar(140),
			docstatus tinyint not null default '0',
			idx int not null default '0',
			`fieldname` varchar(140),
`key` varchar(140),
parent varchar(140),
parentfield varchar(140),
parenttype varchar(140),
index parent(parent))
			ENGINE=InnoDB
			ROW_FORMAT=DYNAMIC
			CHARACTER SET=utf8mb4
			COLLATE=utf8mb4_unicode_ci
2026-08-18 06:43:30,630 WARNING database DDL Query made to DB:
create table `tabWebhook Request Log` (
			name varchar(140) primary key,
			creation datetime(6),
			modified datetime(6),
			modified_by varchar(140),
			owner varchar(140),
			docstatus tinyint not null default '0',
			idx int not null default '0',
			`webhook` varchar(140),
`reference_doctype` varchar(140),
`reference_document` varchar(140),
`headers` longtext,
`data` longtext,
`user` varchar(140),
`url` text,
`response` longtext,
`error` text,
`_user_tags` text,
`_comments` text,
`_assign` text,
`_liked_by` text,
index `webhook`(`webhook`),
index creation(creation))
			ENGINE=InnoDB
			ROW_FORMAT=COMPRESSED
			CHARACTER SET=utf8mb4
			COLLATE=utf8mb4_unicode_ci
2026-08-18 06:43:30,797 WARNING database DDL Query made to DB:
create table `tabQuery Parameters` (
			name varchar(140) primary key,
			creation datetime(6),
			modified datetime(6),
			modified_by varchar(140),
			owner varchar(140),
			docstatus tinyint not null default '0',
			idx int not null default '0',
			`key` varchar(140),
`value` varchar(140),
parent varchar(140),
parentfield varchar(140),
parenttype varchar(140),
index parent(parent))
			ENGINE=InnoDB
			ROW_FORMAT=DYNAMIC
			CHARACTER SET=utf8mb4
			COLLATE=utf8mb4_unicode_ci
2026-08-18 06:43:30,899 WARNING database DDL Query made to DB:
create table `tabToken Cache` (
			name varchar(140) primary key,
			creation datetime(6),
			modified datetime(6),
			modified_by varchar(140),
			owner varchar(140),
			docstatus tinyint not null default '0',
			idx int not null default '0',
			`user` varchar(140),
`connected_app` varchar(140),
`provider_name` varchar(140),
`access_token` text,
`refresh_token` text,
`expires_in` int(11) NOT NULL DEFAULT 0,
`state` varchar(140),
`success_uri` varchar(140),
`token_type` varchar(140),
`_user_tags` text,
`_comments` text,
`_assign` text,
`_liked_by` text,
index creation(creation))
			ENGINE=InnoDB
			ROW_FORMAT=DYNAMIC
			CHARACTER SET=utf8mb4
			COLLATE=utf8mb4_unicode_ci
2026-08-18 06:43:30,999 WARNING database DDL Query made to DB:
create table `tabLDAP Group Mapping` (
			name varchar(140) primary key,
			creation datetime(6),
			modified datetime(6),
			modified_by varchar(140),
			owner varchar(140),
			docstatus tinyint not null default '0',
			idx int not null default '0',
			`ldap_group` varchar(140),
`erpnext_role` varchar(140),
parent varchar(140),
parentfield varchar(140),
parenttype varchar(140),
index parent(parent))
			ENGINE=InnoDB
			ROW_FORMAT=DYNAMIC
			CHARACTER SET=utf8mb4
			COLLATE=utf8mb4_unicode_ci
2026-08-18 06:43:31,091 WARNING database DDL Query made to DB:
create table `tabWebhook Header` (
			name varchar(140) primary key,
			creation datetime(6),
			modified datetime(6),
			modified_by varchar(140),
			owner varchar(140),
			docstatus tinyint not null default '0',
			idx int not null default '0',
			`key` text,
`value` text,
parent varchar(140),
parentfield varchar(140),
parenttype varchar(140),
index parent(parent))
			ENGINE=InnoDB
			ROW_FORMAT=DYNAMIC
			CHARACTER SET=utf8mb4
			COLLATE=utf8mb4_unicode_ci
2026-08-18 06:43:31,170 WARNING database DDL Query made to DB:
create table `tabOAuth Client Role` (
			name varchar(140) primary key,
			creation datetime(6),
			modified datetime(6),
			modified_by varchar(140),
			owner varchar(140),
			docstatus tinyint not null default '0',
			idx int not null default '0',
			`role` varchar(140),
parent varchar(140),
parentfield varchar(140),
parenttype varchar(140),
index parent(parent))
			ENGINE=InnoDB
			ROW_FORMAT=DYNAMIC
			CHARACTER SET=utf8mb4
			COLLATE=utf8mb4_unicode_ci
2026-08-18 06:43:31,243 WARNING database DDL Query made to DB:
create table `tabSlack Webhook URL` (
			name varchar(140) primary key,
			creation datetime(6),
			modified datetime(6),
			modified_by varchar(140),
			owner varchar(140),
			docstatus tinyint not null default '0',
			idx int not null default '0',
			`webhook_name` varchar(140) UNIQUE,
`webhook_url` varchar(140),
`show_document_link` tinyint(4) NOT NULL DEFAULT 1,
`_user_tags` text,
`_comments` text,
`_assign` text,
`_liked_by` text,
index creation(creation))
			ENGINE=InnoDB
			ROW_FORMAT=DYNAMIC
			CHARACTER SET=utf8mb4
			COLLATE=utf8mb4_unicode_ci
2026-08-18 06:43:31,403 WARNING database DDL Query made to DB:
create table `tabOAuth Authorization Code` (
			name varchar(140) primary key,
			creation datetime(6),
			modified datetime(6),
			modified_by varchar(140),
			owner varchar(140),
			docstatus tinyint not null default '0',
			idx int not null default '0',
			`client` varchar(140),
`user` varchar(140),
`scopes` text,
`authorization_code` varchar(140) UNIQUE,
`expiration_time` datetime(6),
`redirect_uri_bound_to_authorization_code` varchar(140),
`validity` varchar(140),
`nonce` varchar(140),
`code_challenge` varchar(140),
`code_challenge_method` varchar(140),
`_user_tags` text,
`_comments` text,
`_assign` text,
`_liked_by` text,
index creation(creation))
			ENGINE=InnoDB
			ROW_FORMAT=DYNAMIC
			CHARACTER SET=utf8mb4
			COLLATE=utf8mb4_unicode_ci
2026-08-18 06:43:31,496 WARNING database DDL Query made to DB:
create table `tabOAuth Client` (
			name varchar(140) primary key,
			creation datetime(6),
			modified datetime(6),
			modified_by varchar(140),
			owner varchar(140),
			docstatus tinyint not null default '0',
			idx int not null default '0',
			`client_id` varchar(140),
`user` varchar(140),
`client_secret` varchar(140),
`default_redirect_uri` varchar(140),
`skip_authorization` tinyint(4) NOT NULL DEFAULT 0,
`app_name` varchar(140),
`scopes` text DEFAULT 'all openid',
`redirect_uris` text,
`client_uri` varchar(140),
`software_id` varchar(140),
`tos_uri` varchar(140),
`contacts` text,
`logo_uri` varchar(140),
`software_version` varchar(140),
`policy_uri` varchar(140),
`grant_type` varchar(140),
`token_endpoint_auth_method` varchar(140) DEFAULT 'Client Secret Basic',
`response_type` varchar(140) DEFAULT 'Code',
`_user_tags` text,
`_comments` text,
`_assign` text,
`_liked_by` text,
index creation(creation))
			ENGINE=InnoDB
			ROW_FORMAT=DYNAMIC
			CHARACTER SET=utf8mb4
			COLLATE=utf8mb4_unicode_ci
2026-08-18 06:43:31,603 WARNING database DDL Query made to DB:
create table `tabOAuth Bearer Token` (
			name varchar(140) primary key,
			creation datetime(6),
			modified datetime(6),
			modified_by varchar(140),
			owner varchar(140),
			docstatus tinyint not null default '0',
			idx int not null default '0',
			`client` varchar(140),
`user` varchar(140) NOT NULL DEFAULT '',
`scopes` text,
`access_token` varchar(140) UNIQUE,
`refresh_token` varchar(140),
`expiration_time` datetime(6),
`expires_in` int(11) NOT NULL DEFAULT 0,
`status` varchar(140),
`_user_tags` text,
`_comments` text,
`_assign` text,
`_liked_by` text,
index `user`(`user`),
index `expiration_time`(`expiration_time`),
index creation(creation))
			ENGINE=InnoDB
			ROW_FORMAT=DYNAMIC
			CHARACTER SET=utf8mb4
			COLLATE=utf8mb4_unicode_ci
2026-08-18 06:43:31,822 WARNING database DDL Query made to DB:
create table `tabConnected App` (
			name varchar(140) primary key,
			creation datetime(6),
			modified datetime(6),
			modified_by varchar(140),
			owner varchar(140),
			docstatus tinyint not null default '0',
			idx int not null default '0',
			`provider_name` varchar(140),
`openid_configuration` varchar(140),
`client_id` varchar(140),
`redirect_uri` varchar(140),
`client_secret` text,
`authorization_uri` text,
`token_uri` varchar(140),
`revocation_uri` varchar(140),
`userinfo_uri` varchar(140),
`introspection_uri` varchar(140),
`_user_tags` text,
`_comments` text,
`_assign` text,
`_liked_by` text,
index creation(creation))
			ENGINE=InnoDB
			ROW_FORMAT=DYNAMIC
			CHARACTER SET=utf8mb4
			COLLATE=utf8mb4_unicode_ci
2026-08-18 06:43:31,967 WARNING database DDL Query made to DB:
create table `tabWebhook` (
			name varchar(140) primary key,
			creation datetime(6),
			modified datetime(6),
			modified_by varchar(140),
			owner varchar(140),
			docstatus tinyint not null default '0',
			idx int not null default '0',
			`webhook_doctype` varchar(140),
`webhook_docevent` varchar(140),
`enabled` tinyint(4) NOT NULL DEFAULT 1,
`condition` text,
`request_url` text,
`is_dynamic_url` tinyint(4) NOT NULL DEFAULT 0,
`timeout` int(11) NOT NULL DEFAULT 5,
`background_jobs_queue` varchar(140),
`request_method` varchar(140) DEFAULT 'POST',
`request_structure` varchar(140),
`enable_security` tinyint(4) NOT NULL DEFAULT 0,
`webhook_secret` text,
`webhook_json` longtext,
`_user_tags` text,
`_comments` text,
`_assign` text,
`_liked_by` text,
index creation(creation))
			ENGINE=InnoDB
			ROW_FORMAT=DYNAMIC
			CHARACTER SET=utf8mb4
			COLLATE=utf8mb4_unicode_ci
2026-08-18 06:43:32,069 WARNING database DDL Query made to DB:
create table `tabIntegration Request` (
			name varchar(140) primary key,
			creation datetime(6),
			modified datetime(6),
			modified_by varchar(140),
			owner varchar(140),
			docstatus tinyint not null default '0',
			idx int not null default '0',
			`request_id` varchar(140),
`integration_request_service` varchar(140),
`is_remote_request` tinyint(4) NOT NULL DEFAULT 0,
`request_description` varchar(140),
`status` varchar(140) DEFAULT 'Queued',
`url` text,
`request_headers` longtext,
`data` longtext,
`response_headers` longtext,
`output` longtext,
`error` longtext,
`reference_doctype` varchar(140),
`reference_docname` varchar(140),
`_user_tags` text,
`_comments` text,
`_assign` text,
`_liked_by` text,
index creation(creation))
			ENGINE=InnoDB
			ROW_FORMAT=DYNAMIC
			CHARACTER SET=utf8mb4
			COLLATE=utf8mb4_unicode_ci
2026-08-18 06:43:32,410 WARNING database DDL Query made to DB:
create table `tabGoogle Calendar` (
			name varchar(140) primary key,
			creation datetime(6),
			modified datetime(6),
			modified_by varchar(140),
			owner varchar(140),
			docstatus tinyint not null default '0',
			idx int not null default '0',
			`enable` tinyint(4) NOT NULL DEFAULT 1,
`calendar_name` varchar(140) UNIQUE,
`user` varchar(140),
`pull_from_google_calendar` tinyint(4) NOT NULL DEFAULT 1,
`sync_as_public` tinyint(4) NOT NULL DEFAULT 0,
`push_to_google_calendar` tinyint(4) NOT NULL DEFAULT 1,
`google_calendar_id` varchar(140),
`refresh_token` text,
`authorization_code` text,
`next_sync_token` text,
`_user_tags` text,
`_comments` text,
`_assign` text,
`_liked_by` text,
index creation(creation))
			ENGINE=InnoDB
			ROW_FORMAT=DYNAMIC
			CHARACTER SET=utf8mb4
			COLLATE=utf8mb4_unicode_ci
2026-08-18 06:43:32,586 WARNING database DDL Query made to DB:
create table `tabNetwork Printer Settings` (
			name varchar(140) primary key,
			creation datetime(6),
			modified datetime(6),
			modified_by varchar(140),
			owner varchar(140),
			docstatus tinyint not null default '0',
			idx int not null default '0',
			`server_ip` varchar(140) DEFAULT 'localhost',
`port` int(11) NOT NULL DEFAULT 631,
`printer_name` varchar(140),
`_user_tags` text,
`_comments` text,
`_assign` text,
`_liked_by` text,
index creation(creation))
			ENGINE=InnoDB
			ROW_FORMAT=DYNAMIC
			CHARACTER SET=utf8mb4
			COLLATE=utf8mb4_unicode_ci
2026-08-18 06:43:32,891 WARNING database DDL Query made to DB:
create table `tabPrint Heading` (
			name varchar(140) primary key,
			creation datetime(6),
			modified datetime(6),
			modified_by varchar(140),
			owner varchar(140),
			docstatus tinyint not null default '0',
			idx int not null default '0',
			`print_heading` varchar(140) UNIQUE,
`description` text,
`_user_tags` text,
`_comments` text,
`_assign` text,
`_liked_by` text,
index creation(creation))
			ENGINE=InnoDB
			ROW_FORMAT=DYNAMIC
			CHARACTER SET=utf8mb4
			COLLATE=utf8mb4_unicode_ci
2026-08-18 06:43:33,014 WARNING database DDL Query made to DB:
create table `tabLetter Head` (
			name varchar(140) primary key,
			creation datetime(6),
			modified datetime(6),
			modified_by varchar(140),
			owner varchar(140),
			docstatus tinyint not null default '0',
			idx int not null default '0',
			`letter_head_name` varchar(140) UNIQUE,
`source` varchar(140),
`footer_source` varchar(140) DEFAULT 'HTML',
`disabled` tinyint(4) NOT NULL DEFAULT 0,
`is_default` tinyint(4) NOT NULL DEFAULT 0,
`image` text,
`image_height` decimal(21,9) NOT NULL DEFAULT 0.0,
`image_width` decimal(21,9) NOT NULL DEFAULT 0.0,
`align` varchar(140) DEFAULT 'Left',
`content` longtext,
`footer` longtext,
`footer_image` text,
`footer_image_height` decimal(21,9) NOT NULL DEFAULT 0.0,
`footer_image_width` decimal(21,9) NOT NULL DEFAULT 0.0,
`footer_align` varchar(140),
`header_script` longtext,
`footer_script` longtext,
`_user_tags` text,
`_comments` text,
`_assign` text,
`_liked_by` text,
index `is_default`(`is_default`),
index creation(creation))
			ENGINE=InnoDB
			ROW_FORMAT=DYNAMIC
			CHARACTER SET=utf8mb4
			COLLATE=utf8mb4_unicode_ci
2026-08-18 06:43:33,107 WARNING database DDL Query made to DB:
create table `tabPrint Format Field Template` (
			name varchar(140) primary key,
			creation datetime(6),
			modified datetime(6),
			modified_by varchar(140),
			owner varchar(140),
			docstatus tinyint not null default '0',
			idx int not null default '0',
			`document_type` varchar(140),
`field` varchar(140),
`template_file` varchar(140),
`module` varchar(140),
`standard` tinyint(4) NOT NULL DEFAULT 0,
`template` longtext,
`_user_tags` text,
`_comments` text,
`_assign` text,
`_liked_by` text,
index creation(creation))
			ENGINE=InnoDB
			ROW_FORMAT=DYNAMIC
			CHARACTER SET=utf8mb4
			COLLATE=utf8mb4_unicode_ci
2026-08-18 06:43:33,355 WARNING database DDL Query made to DB:
create table `tabSalutation` (
			name varchar(140) primary key,
			creation datetime(6),
			modified datetime(6),
			modified_by varchar(140),
			owner varchar(140),
			docstatus tinyint not null default '0',
			idx int not null default '0',
			`salutation` varchar(140) UNIQUE,
`_user_tags` text,
`_comments` text,
`_assign` text,
`_liked_by` text,
index creation(creation))
			ENGINE=InnoDB
			ROW_FORMAT=DYNAMIC
			CHARACTER SET=utf8mb4
			COLLATE=utf8mb4_unicode_ci
2026-08-18 06:43:33,625 WARNING database DDL Query made to DB:
create table `tabAddress Template` (
			name varchar(140) primary key,
			creation datetime(6),
			modified datetime(6),
			modified_by varchar(140),
			owner varchar(140),
			docstatus tinyint not null default '0',
			idx int not null default '0',
			`country` varchar(140) UNIQUE,
`is_default` tinyint(4) NOT NULL DEFAULT 0,
`template` longtext,
`_user_tags` text,
`_comments` text,
`_assign` text,
`_liked_by` text,
index creation(creation))
			ENGINE=InnoDB
			ROW_FORMAT=DYNAMIC
			CHARACTER SET=utf8mb4
			COLLATE=utf8mb4_unicode_ci
2026-08-18 06:43:33,713 WARNING database DDL Query made to DB:
create table `tabGender` (
			name varchar(140) primary key,
			creation datetime(6),
			modified datetime(6),
			modified_by varchar(140),
			owner varchar(140),
			docstatus tinyint not null default '0',
			idx int not null default '0',
			`gender` varchar(140) UNIQUE,
`_user_tags` text,
`_comments` text,
`_assign` text,
`_liked_by` text,
index creation(creation))
			ENGINE=InnoDB
			ROW_FORMAT=DYNAMIC
			CHARACTER SET=utf8mb4
			COLLATE=utf8mb4_unicode_ci
2026-08-18 06:43:33,785 WARNING database DDL Query made to DB:
create table `tabContact Email` (
			name varchar(140) primary key,
			creation datetime(6),
			modified datetime(6),
			modified_by varchar(140),
			owner varchar(140),
			docstatus tinyint not null default '0',
			idx int not null default '0',
			`email_id` varchar(140),
`is_primary` tinyint(4) NOT NULL DEFAULT 0,
parent varchar(140),
parentfield varchar(140),
parenttype varchar(140),
index parent(parent))
			ENGINE=InnoDB
			ROW_FORMAT=DYNAMIC
			CHARACTER SET=utf8mb4
			COLLATE=utf8mb4_unicode_ci
2026-08-18 06:43:33,907 WARNING database DDL Query made to DB:
create table `tabAddress` (
			name varchar(140) primary key,
			creation datetime(6),
			modified datetime(6),
			modified_by varchar(140),
			owner varchar(140),
			docstatus tinyint not null default '0',
			idx int not null default '0',
			`address_title` varchar(140),
`address_type` varchar(140),
`address_line1` varchar(240),
`address_line2` varchar(240),
`city` varchar(140),
`county` varchar(140),
`state` varchar(140),
`country` varchar(140),
`pincode` varchar(140),
`email_id` varchar(140),
`phone` varchar(140),
`fax` varchar(140),
`is_primary_address` tinyint(4) NOT NULL DEFAULT 0,
`is_shipping_address` tinyint(4) NOT NULL DEFAULT 0,
`disabled` tinyint(4) NOT NULL DEFAULT 0,
`_user_tags` text,
`_comments` text,
`_assign` text,
`_liked_by` text,
index `city`(`city`),
index `country`(`country`),
index `pincode`(`pincode`),
index creation(creation))
			ENGINE=InnoDB
			ROW_FORMAT=DYNAMIC
			CHARACTER SET=utf8mb4
			COLLATE=utf8mb4_unicode_ci
2026-08-18 06:43:34,185 WARNING database DDL Query made to DB:
create table `tabContact` (
			name varchar(140) primary key,
			creation datetime(6),
			modified datetime(6),
			modified_by varchar(140),
			owner varchar(140),
			docstatus tinyint not null default '0',
			idx int not null default '0',
			`first_name` varchar(140),
`middle_name` varchar(140),
`last_name` varchar(140),
`full_name` varchar(140),
`email_id` varchar(140),
`user` varchar(140),
`address` varchar(140),
`sync_with_google_contacts` tinyint(4) NOT NULL DEFAULT 0,
`status` varchar(140) DEFAULT 'Passive',
`salutation` varchar(140),
`designation` varchar(140),
`gender` varchar(140),
`phone` varchar(140),
`mobile_no` varchar(140),
`company_name` varchar(140),
`image` text,
`google_contacts` varchar(140),
`google_contacts_id` varchar(140),
`pulled_from_google_contacts` tinyint(4) NOT NULL DEFAULT 0,
`is_primary_contact` tinyint(4) NOT NULL DEFAULT 0,
`department` varchar(140),
`unsubscribed` tinyint(4) NOT NULL DEFAULT 0,
`_user_tags` text,
`_comments` text,
`_assign` text,
`_liked_by` text,
index `email_id`(`email_id`),
index creation(creation))
			ENGINE=InnoDB
			ROW_FORMAT=DYNAMIC
			CHARACTER SET=utf8mb4
			COLLATE=utf8mb4_unicode_ci
2026-08-18 06:43:34,298 WARNING database DDL Query made to DB:
create table `tabContact Phone` (
			name varchar(140) primary key,
			creation datetime(6),
			modified datetime(6),
			modified_by varchar(140),
			owner varchar(140),
			docstatus tinyint not null default '0',
			idx int not null default '0',
			`phone` varchar(140),
`is_primary_phone` tinyint(4) NOT NULL DEFAULT 0,
`is_primary_mobile_no` tinyint(4) NOT NULL DEFAULT 0,
parent varchar(140),
parentfield varchar(140),
parenttype varchar(140),
index parent(parent))
			ENGINE=InnoDB
			ROW_FORMAT=DYNAMIC
			CHARACTER SET=utf8mb4
			COLLATE=utf8mb4_unicode_ci
2026-08-18 06:43:34,437 WARNING database DDL Query made to DB:
create table `tabMilestone` (
			name varchar(140) primary key,
			creation datetime(6),
			modified datetime(6),
			modified_by varchar(140),
			owner varchar(140),
			docstatus tinyint not null default '0',
			idx int not null default '0',
			`reference_type` varchar(140),
`reference_name` varchar(140),
`track_field` varchar(140),
`value` varchar(140),
`milestone_tracker` varchar(140),
`_user_tags` text,
`_comments` text,
`_assign` text,
`_liked_by` text,
index `reference_type`(`reference_type`),
index creation(creation))
			ENGINE=InnoDB
			ROW_FORMAT=DYNAMIC
			CHARACTER SET=utf8mb4
			COLLATE=utf8mb4_unicode_ci
2026-08-18 06:43:34,545 WARNING database DDL Query made to DB:
ALTER TABLE `tabMilestone`
				ADD INDEX IF NOT EXISTS `reference_type_reference_name_index`(reference_type, reference_name)
2026-08-18 06:43:34,716 WARNING database DDL Query made to DB:
create table `tabReminder` (
			name varchar(140) primary key,
			creation datetime(6),
			modified datetime(6),
			modified_by varchar(140),
			owner varchar(140),
			docstatus tinyint not null default '0',
			idx int not null default '0',
			`user` varchar(140),
`remind_at` datetime(6),
`description` text,
`reminder_doctype` varchar(140),
`reminder_docname` varchar(140),
`notified` tinyint(4) NOT NULL DEFAULT 0,
`_user_tags` text,
`_comments` text,
`_assign` text,
`_liked_by` text,
index `user`(`user`),
index `remind_at`(`remind_at`),
index creation(creation))
			ENGINE=InnoDB
			ROW_FORMAT=DYNAMIC
			CHARACTER SET=utf8mb4
			COLLATE=utf8mb4_unicode_ci
2026-08-18 06:43:34,779 WARNING database DDL Query made to DB:
create table `tabAuto Repeat Day` (
			name varchar(140) primary key,
			creation datetime(6),
			modified datetime(6),
			modified_by varchar(140),
			owner varchar(140),
			docstatus tinyint not null default '0',
			idx int not null default '0',
			`day` varchar(140),
parent varchar(140),
parentfield varchar(140),
parenttype varchar(140),
index parent(parent))
			ENGINE=InnoDB
			ROW_FORMAT=DYNAMIC
			CHARACTER SET=utf8mb4
			COLLATE=utf8mb4_unicode_ci
2026-08-18 06:43:34,862 WARNING database DDL Query made to DB:
create table `tabAssignment Rule User` (
			name varchar(140) primary key,
			creation datetime(6),
			modified datetime(6),
			modified_by varchar(140),
			owner varchar(140),
			docstatus tinyint not null default '0',
			idx int not null default '0',
			`user` varchar(140),
`weight` int(11) NOT NULL DEFAULT 1,
parent varchar(140),
parentfield varchar(140),
parenttype varchar(140),
index parent(parent))
			ENGINE=InnoDB
			ROW_FORMAT=DYNAMIC
			CHARACTER SET=utf8mb4
			COLLATE=utf8mb4_unicode_ci
2026-08-18 06:43:35,006 WARNING database DDL Query made to DB:
create table `tabAuto Repeat` (
			name varchar(140) primary key,
			creation datetime(6),
			modified datetime(6),
			modified_by varchar(140),
			owner varchar(140),
			docstatus tinyint not null default '0',
			idx int not null default '0',
			`reference_doctype` varchar(140),
`reference_document` varchar(140),
`submit_on_creation` tinyint(4) NOT NULL DEFAULT 0,
`start_date` date,
`end_date` date,
`disabled` tinyint(4) NOT NULL DEFAULT 0,
`frequency` varchar(140),
`repeat_on_day` int(11) NOT NULL DEFAULT 0,
`repeat_on_last_day` tinyint(4) NOT NULL DEFAULT 0,
`next_schedule_date` date,
`generate_separate_documents_for_each_assignee` tinyint(4) NOT NULL DEFAULT 0,
`notify_by_email` tinyint(4) NOT NULL DEFAULT 0,
`recipients` text,
`template` varchar(140),
`subject` varchar(140),
`message` text DEFAULT 'Please find attached {{ doc.doctype }} #{{ doc.name }}',
`print_format` varchar(140),
`status` varchar(140),
`_user_tags` text,
`_comments` text,
`_assign` text,
`_liked_by` text,
index `next_schedule_date`(`next_schedule_date`),
index creation(creation))
			ENGINE=InnoDB
			ROW_FORMAT=DYNAMIC
			CHARACTER SET=utf8mb4
			COLLATE=utf8mb4_unicode_ci
2026-08-18 06:43:35,102 WARNING database DDL Query made to DB:
create table `tabMilestone Tracker` (
			name varchar(140) primary key,
			creation datetime(6),
			modified datetime(6),
			modified_by varchar(140),
			owner varchar(140),
			docstatus tinyint not null default '0',
			idx int not null default '0',
			`document_type` varchar(140) UNIQUE,
`track_field` varchar(140),
`disabled` tinyint(4) NOT NULL DEFAULT 0,
`_user_tags` text,
`_comments` text,
`_assign` text,
`_liked_by` text,
index creation(creation))
			ENGINE=InnoDB
			ROW_FORMAT=DYNAMIC
			CHARACTER SET=utf8mb4
			COLLATE=utf8mb4_unicode_ci
2026-08-18 06:43:35,183 WARNING database DDL Query made to DB:
create table `tabAssignment Rule Day` (
			name varchar(140) primary key,
			creation datetime(6),
			modified datetime(6),
			modified_by varchar(140),
			owner varchar(140),
			docstatus tinyint not null default '0',
			idx int not null default '0',
			`day` varchar(140),
parent varchar(140),
parentfield varchar(140),
parenttype varchar(140),
index parent(parent))
			ENGINE=InnoDB
			ROW_FORMAT=DYNAMIC
			CHARACTER SET=utf8mb4
			COLLATE=utf8mb4_unicode_ci
2026-08-18 06:43:35,249 WARNING database DDL Query made to DB:
create table `tabAuto Repeat User` (
			name varchar(140) primary key,
			creation datetime(6),
			modified datetime(6),
			modified_by varchar(140),
			owner varchar(140),
			docstatus tinyint not null default '0',
			idx int not null default '0',
			`user` varchar(140),
parent varchar(140),
parentfield varchar(140),
parenttype varchar(140),
index parent(parent))
			ENGINE=InnoDB
			ROW_FORMAT=DYNAMIC
			CHARACTER SET=utf8mb4
			COLLATE=utf8mb4_unicode_ci
2026-08-18 06:43:35,342 WARNING database DDL Query made to DB:
create table `tabAssignment Rule` (
			name varchar(140) primary key,
			creation datetime(6),
			modified datetime(6),
			modified_by varchar(140),
			owner varchar(140),
			docstatus tinyint not null default '0',
			idx int not null default '0',
			`document_type` varchar(140),
`due_date_based_on` varchar(140),
`priority` int(11) NOT NULL DEFAULT 0,
`disabled` tinyint(4) NOT NULL DEFAULT 0,
`description` text DEFAULT 'Automatic Assignment',
`assign_condition` longtext,
`unassign_condition` longtext,
`close_condition` longtext,
`rule` varchar(140),
`field` varchar(140),
`last_user` varchar(140),
`current_index` int(11) NOT NULL DEFAULT 0,
`_user_tags` text,
`_comments` text,
`_assign` text,
`_liked_by` text,
index creation(creation))
			ENGINE=InnoDB
			ROW_FORMAT=DYNAMIC
			CHARACTER SET=utf8mb4
			COLLATE=utf8mb4_unicode_ci
2026-08-18 06:43:35,426 WARNING database DDL Query made to DB:
create table `tabStudent_Management` (
			name varchar(140) primary key,
			creation datetime(6),
			modified datetime(6),
			modified_by varchar(140),
			owner varchar(140),
			docstatus tinyint not null default '0',
			idx int not null default '0',
			`student_name` varchar(140),
`student_gender` varchar(140),
`student_age` int(11) NOT NULL DEFAULT 0,
`student_department` varchar(140),
`student_year` varchar(140),
`student_attendance` decimal(21,9) NOT NULL DEFAULT 0.0,
`student_mark` decimal(21,2) NOT NULL DEFAULT 0.0,
`student_status` varchar(140),
`student_joining_date` date,
`student_fee` decimal(21,9) NOT NULL DEFAULT 0.0,
`_user_tags` text,
`_comments` text,
`_assign` text,
`_liked_by` text,
index creation(creation))
			ENGINE=InnoDB
			ROW_FORMAT=DYNAMIC
			CHARACTER SET=utf8mb4
			COLLATE=utf8mb4_unicode_ci
2026-08-18 08:22:00,275 WARNING database DDL Query made to DB:
create table `tabStudent` (
			name varchar(140) primary key,
			creation datetime(6),
			modified datetime(6),
			modified_by varchar(140),
			owner varchar(140),
			docstatus tinyint not null default '0',
			idx int not null default '0',
			`_user_tags` text,
`_comments` text,
`_assign` text,
`_liked_by` text,
index creation(creation))
			ENGINE=InnoDB
			ROW_FORMAT=DYNAMIC
			CHARACTER SET=utf8mb4
			COLLATE=utf8mb4_unicode_ci
2026-08-18 08:25:19,019 WARNING database DDL Query made to DB:
ALTER TABLE `tabStudent` ADD COLUMN `student_id` varchar(140), ADD COLUMN `first_name` varchar(140), ADD COLUMN `last_name` varchar(140), ADD COLUMN `date_of_birth` date, ADD COLUMN `gender` varchar(140), ADD COLUMN `email` varchar(140), ADD COLUMN `phone` varchar(140), ADD COLUMN `address` text
2026-08-18 08:26:09,115 WARNING database DDL Query made to DB:
ALTER TABLE `tabStudent` ADD COLUMN `admission_date` date, ADD COLUMN `select_ejxy` varchar(140)
2026-08-18 08:26:47,393 WARNING database DDL Query made to DB:
ALTER TABLE `tabStudent` ADD COLUMN `status` varchar(140)
2026-08-18 08:29:21,809 WARNING database DDL Query made to DB:
create table `tabDepartment` (
			name varchar(140) primary key,
			creation datetime(6),
			modified datetime(6),
			modified_by varchar(140),
			owner varchar(140),
			docstatus tinyint not null default '0',
			idx int not null default '0',
			`_user_tags` text,
`_comments` text,
`_assign` text,
`_liked_by` text,
index creation(creation))
			ENGINE=InnoDB
			ROW_FORMAT=DYNAMIC
			CHARACTER SET=utf8mb4
			COLLATE=utf8mb4_unicode_ci
2026-08-18 08:32:04,019 WARNING database DDL Query made to DB:
ALTER TABLE `tabDepartment` ADD COLUMN `department_name` varchar(140), ADD COLUMN `department_code` varchar(140) UNIQUE, ADD COLUMN `description` text, ADD COLUMN `head_of_department` varchar(140), ADD COLUMN `status` varchar(140)
2026-08-18 08:32:04,027 WARNING database DDL Query made to DB:
ALTER TABLE `tabDepartment` ADD UNIQUE INDEX IF NOT EXISTS department_code (`department_code`)
2026-08-18 08:33:49,907 WARNING database DDL Query made to DB:
create table `tabCourse` (
			name varchar(140) primary key,
			creation datetime(6),
			modified datetime(6),
			modified_by varchar(140),
			owner varchar(140),
			docstatus tinyint not null default '0',
			idx int not null default '0',
			`_user_tags` text,
`_comments` text,
`_assign` text,
`_liked_by` text,
index creation(creation))
			ENGINE=InnoDB
			ROW_FORMAT=DYNAMIC
			CHARACTER SET=utf8mb4
			COLLATE=utf8mb4_unicode_ci
2026-08-18 08:35:32,329 WARNING database DDL Query made to DB:
ALTER TABLE `tabCourse` ADD COLUMN `course_name` varchar(140), ADD COLUMN `course_code` varchar(140), ADD COLUMN `department` varchar(140)
2026-08-18 08:36:33,710 WARNING database DDL Query made to DB:
ALTER TABLE `tabCourse` ADD COLUMN `duration` varchar(140), ADD COLUMN `description` varchar(140), ADD COLUMN `status` varchar(140)
2026-08-18 08:39:29,258 WARNING database DDL Query made to DB:
ALTER TABLE `tabCourse` MODIFY `description` text
2026-08-18 08:41:27,922 WARNING database DDL Query made to DB:
ALTER TABLE `tabCourse` ADD UNIQUE INDEX IF NOT EXISTS course_code (`course_code`)
2026-08-18 08:41:55,705 WARNING database DDL Query made to DB:
create table `tabEnrollment` (
			name varchar(140) primary key,
			creation datetime(6),
			modified datetime(6),
			modified_by varchar(140),
			owner varchar(140),
			docstatus tinyint not null default '0',
			idx int not null default '0',
			`_user_tags` text,
`_comments` text,
`_assign` text,
`_liked_by` text,
index creation(creation))
			ENGINE=InnoDB
			ROW_FORMAT=DYNAMIC
			CHARACTER SET=utf8mb4
			COLLATE=utf8mb4_unicode_ci
2026-08-18 08:45:10,451 WARNING database DDL Query made to DB:
ALTER TABLE `tabEnrollment` ADD COLUMN `student` varchar(140), ADD COLUMN `course` varchar(140), ADD COLUMN `enrollment_date` date, ADD COLUMN `academic_year` varchar(140), ADD COLUMN `semester` varchar(140), ADD COLUMN `status` varchar(140)
2026-08-18 08:48:29,661 WARNING database DDL Query made to DB:
create table `tabTeacher` (
			name varchar(140) primary key,
			creation datetime(6),
			modified datetime(6),
			modified_by varchar(140),
			owner varchar(140),
			docstatus tinyint not null default '0',
			idx int not null default '0',
			`_user_tags` text,
`_comments` text,
`_assign` text,
`_liked_by` text,
index creation(creation))
			ENGINE=InnoDB
			ROW_FORMAT=DYNAMIC
			CHARACTER SET=utf8mb4
			COLLATE=utf8mb4_unicode_ci
2026-08-18 08:51:34,626 WARNING database DDL Query made to DB:
ALTER TABLE `tabTeacher` ADD COLUMN `teacher_id` varchar(140), ADD COLUMN `first_name` varchar(140), ADD COLUMN `last_name` varchar(140), ADD COLUMN `email` varchar(140)
2026-08-18 08:53:11,254 WARNING database DDL Query made to DB:
ALTER TABLE `tabTeacher` ADD COLUMN `phone` varchar(140), ADD COLUMN `department` varchar(140), ADD COLUMN `joining_date` date, ADD COLUMN `status` varchar(140)
2026-08-18 08:53:20,535 WARNING database DDL Query made to DB:
ALTER TABLE `tabTeacher` ADD UNIQUE INDEX IF NOT EXISTS teacher_id (`teacher_id`)
2026-08-18 08:54:32,181 WARNING database DDL Query made to DB:
create table `tabCourse Assignment` (
			name varchar(140) primary key,
			creation datetime(6),
			modified datetime(6),
			modified_by varchar(140),
			owner varchar(140),
			docstatus tinyint not null default '0',
			idx int not null default '0',
			`_user_tags` text,
`_comments` text,
`_assign` text,
`_liked_by` text,
index creation(creation))
			ENGINE=InnoDB
			ROW_FORMAT=DYNAMIC
			CHARACTER SET=utf8mb4
			COLLATE=utf8mb4_unicode_ci
2026-08-18 08:56:28,024 WARNING database DDL Query made to DB:
ALTER TABLE `tabCourse Assignment` ADD COLUMN `teacher` varchar(140), ADD COLUMN `course` varchar(140), ADD COLUMN `academic_year` varchar(140), ADD COLUMN `semester` varchar(140)
2026-08-18 08:57:31,041 WARNING database DDL Query made to DB:
ALTER TABLE `tabCourse Assignment` ADD COLUMN `start_date` date, ADD COLUMN `end_date` date, ADD COLUMN `status` varchar(140)
2026-08-18 08:59:06,652 WARNING database DDL Query made to DB:
create table `tabAttendance` (
			name varchar(140) primary key,
			creation datetime(6),
			modified datetime(6),
			modified_by varchar(140),
			owner varchar(140),
			docstatus tinyint not null default '0',
			idx int not null default '0',
			`_user_tags` text,
`_comments` text,
`_assign` text,
`_liked_by` text,
index creation(creation))
			ENGINE=InnoDB
			ROW_FORMAT=DYNAMIC
			CHARACTER SET=utf8mb4
			COLLATE=utf8mb4_unicode_ci
2026-08-18 09:03:25,897 WARNING database DDL Query made to DB:
ALTER TABLE `tabAttendance` ADD COLUMN `student` varchar(140), ADD COLUMN `course` varchar(140), ADD COLUMN `attendance_date` date, ADD COLUMN `status` varchar(140), ADD COLUMN `remarks` text
2026-08-18 09:04:45,334 WARNING database DDL Query made to DB:
create table `tabExamination` (
			name varchar(140) primary key,
			creation datetime(6),
			modified datetime(6),
			modified_by varchar(140),
			owner varchar(140),
			docstatus tinyint not null default '0',
			idx int not null default '0',
			`_user_tags` text,
`_comments` text,
`_assign` text,
`_liked_by` text,
index creation(creation))
			ENGINE=InnoDB
			ROW_FORMAT=DYNAMIC
			CHARACTER SET=utf8mb4
			COLLATE=utf8mb4_unicode_ci
2026-08-18 09:08:01,118 WARNING database DDL Query made to DB:
ALTER TABLE `tabExamination` ADD COLUMN `exam_name` varchar(140), ADD COLUMN `course` varchar(140), ADD COLUMN `academic_year` varchar(140), ADD COLUMN `semester` varchar(140), ADD COLUMN `exam_date` date, ADD COLUMN `exam_type` varchar(140), ADD COLUMN `status` varchar(140)
2026-08-18 09:09:06,332 WARNING database DDL Query made to DB:
create table `tabMarks` (
			name varchar(140) primary key,
			creation datetime(6),
			modified datetime(6),
			modified_by varchar(140),
			owner varchar(140),
			docstatus tinyint not null default '0',
			idx int not null default '0',
			`_user_tags` text,
`_comments` text,
`_assign` text,
`_liked_by` text,
index creation(creation))
			ENGINE=InnoDB
			ROW_FORMAT=DYNAMIC
			CHARACTER SET=utf8mb4
			COLLATE=utf8mb4_unicode_ci
2026-08-18 09:12:59,701 WARNING database DDL Query made to DB:
ALTER TABLE `tabMarks` ADD COLUMN `student` varchar(140), ADD COLUMN `examination` varchar(140), ADD COLUMN `total_marks` decimal(21,9) NOT NULL DEFAULT 0.0, ADD COLUMN `obtained_marks` decimal(21,9) NOT NULL DEFAULT 0.0, ADD COLUMN `percentage` decimal(21,9) NOT NULL DEFAULT 0.0, ADD COLUMN `grade` varchar(140), ADD COLUMN `result` varchar(140)
2026-08-18 09:14:16,410 WARNING database DDL Query made to DB:
create table `tabSubject` (
			name varchar(140) primary key,
			creation datetime(6),
			modified datetime(6),
			modified_by varchar(140),
			owner varchar(140),
			docstatus tinyint not null default '0',
			idx int not null default '0',
			`_user_tags` text,
`_comments` text,
`_assign` text,
`_liked_by` text,
index creation(creation))
			ENGINE=InnoDB
			ROW_FORMAT=DYNAMIC
			CHARACTER SET=utf8mb4
			COLLATE=utf8mb4_unicode_ci
2026-08-18 09:17:46,093 WARNING database DDL Query made to DB:
ALTER TABLE `tabSubject` ADD COLUMN `subject_name` varchar(140), ADD COLUMN `subject_code` varchar(140) UNIQUE, ADD COLUMN `course` varchar(140), ADD COLUMN `credits` decimal(21,9) NOT NULL DEFAULT 0.0, ADD COLUMN `subject_type` varchar(140), ADD COLUMN `status` varchar(140), ADD COLUMN `description` text
2026-08-18 09:17:46,109 WARNING database DDL Query made to DB:
ALTER TABLE `tabSubject` ADD UNIQUE INDEX IF NOT EXISTS subject_code (`subject_code`)
2026-08-18 09:29:29,482 WARNING database DDL Query made to DB:
create table `tabMarks Detail` (
			name varchar(140) primary key,
			creation datetime(6),
			modified datetime(6),
			modified_by varchar(140),
			owner varchar(140),
			docstatus tinyint not null default '0',
			idx int not null default '0',
			parent varchar(140),
parentfield varchar(140),
parenttype varchar(140),
index parent(parent))
			ENGINE=InnoDB
			ROW_FORMAT=DYNAMIC
			CHARACTER SET=utf8mb4
			COLLATE=utf8mb4_unicode_ci
2026-08-18 09:32:22,166 WARNING database DDL Query made to DB:
alter table `tabMarks Detail` add column if not exists parent varchar(140)
2026-08-18 09:32:22,170 WARNING database DDL Query made to DB:
alter table `tabMarks Detail` add column if not exists parenttype varchar(140)
2026-08-18 09:32:22,175 WARNING database DDL Query made to DB:
alter table `tabMarks Detail` add column if not exists parentfield varchar(140)
2026-08-18 09:32:22,371 WARNING database DDL Query made to DB:
ALTER TABLE `tabMarks Detail` ADD COLUMN `subject` varchar(140), ADD COLUMN `maximum_marks` decimal(21,9) NOT NULL DEFAULT 0.0, ADD COLUMN `obtained_marks` decimal(21,9) NOT NULL DEFAULT 0.0, ADD COLUMN `percentange` decimal(21,9) NOT NULL DEFAULT 0.0, ADD COLUMN `grade` varchar(140), ADD COLUMN `result` varchar(140)
2026-08-18 09:33:49,868 WARNING database DDL Query made to DB:
alter table `tabMarks Detail` add column if not exists parent varchar(140)
2026-08-18 09:33:49,875 WARNING database DDL Query made to DB:
alter table `tabMarks Detail` add column if not exists parenttype varchar(140)
2026-08-18 09:33:49,878 WARNING database DDL Query made to DB:
alter table `tabMarks Detail` add column if not exists parentfield varchar(140)
2026-08-18 12:00:42,919 WARNING database DDL Query made to DB:
create table `tabCourse` (
			name varchar(140) primary key,
			creation datetime(6),
			modified datetime(6),
			modified_by varchar(140),
			owner varchar(140),
			docstatus tinyint not null default '0',
			idx int not null default '0',
			`course_name` varchar(140),
`course_code` varchar(140) UNIQUE,
`department` varchar(140),
`duration` varchar(140),
`description` text,
`status` varchar(140),
`_user_tags` text,
`_comments` text,
`_assign` text,
`_liked_by` text,
index creation(creation))
			ENGINE=InnoDB
			ROW_FORMAT=DYNAMIC
			CHARACTER SET=utf8mb4
			COLLATE=utf8mb4_unicode_ci
2026-08-18 12:00:43,185 WARNING database DDL Query made to DB:
create table `tabMarks Detail` (
			name varchar(140) primary key,
			creation datetime(6),
			modified datetime(6),
			modified_by varchar(140),
			owner varchar(140),
			docstatus tinyint not null default '0',
			idx int not null default '0',
			`subject` varchar(140),
`maximum_marks` decimal(21,9) NOT NULL DEFAULT 0.0,
`obtained_marks` decimal(21,9) NOT NULL DEFAULT 0.0,
`percentange` decimal(21,9) NOT NULL DEFAULT 0.0,
`grade` varchar(140),
`result` varchar(140),
parent varchar(140),
parentfield varchar(140),
parenttype varchar(140),
index parent(parent))
			ENGINE=InnoDB
			ROW_FORMAT=DYNAMIC
			CHARACTER SET=utf8mb4
			COLLATE=utf8mb4_unicode_ci
2026-08-18 12:00:43,285 WARNING database DDL Query made to DB:
create table `tabTeacher` (
			name varchar(140) primary key,
			creation datetime(6),
			modified datetime(6),
			modified_by varchar(140),
			owner varchar(140),
			docstatus tinyint not null default '0',
			idx int not null default '0',
			`teacher_id` varchar(140) UNIQUE,
`first_name` varchar(140),
`last_name` varchar(140),
`email` varchar(140),
`phone` varchar(140),
`department` varchar(140),
`joining_date` date,
`status` varchar(140),
`_user_tags` text,
`_comments` text,
`_assign` text,
`_liked_by` text,
index creation(creation))
			ENGINE=InnoDB
			ROW_FORMAT=DYNAMIC
			CHARACTER SET=utf8mb4
			COLLATE=utf8mb4_unicode_ci
2026-08-18 12:00:43,415 WARNING database DDL Query made to DB:
create table `tabExamination` (
			name varchar(140) primary key,
			creation datetime(6),
			modified datetime(6),
			modified_by varchar(140),
			owner varchar(140),
			docstatus tinyint not null default '0',
			idx int not null default '0',
			`exam_name` varchar(140),
`course` varchar(140),
`academic_year` varchar(140),
`semester` varchar(140),
`exam_date` date,
`exam_type` varchar(140),
`status` varchar(140),
`_user_tags` text,
`_comments` text,
`_assign` text,
`_liked_by` text,
index creation(creation))
			ENGINE=InnoDB
			ROW_FORMAT=DYNAMIC
			CHARACTER SET=utf8mb4
			COLLATE=utf8mb4_unicode_ci
2026-08-18 12:00:43,498 WARNING database DDL Query made to DB:
create table `tabStudent` (
			name varchar(140) primary key,
			creation datetime(6),
			modified datetime(6),
			modified_by varchar(140),
			owner varchar(140),
			docstatus tinyint not null default '0',
			idx int not null default '0',
			`student_id` varchar(140),
`first_name` varchar(140),
`last_name` varchar(140),
`date_of_birth` date,
`gender` varchar(140),
`email` varchar(140),
`phone` varchar(140),
`address` text,
`admission_date` date,
`status` varchar(140),
`_user_tags` text,
`_comments` text,
`_assign` text,
`_liked_by` text,
index creation(creation))
			ENGINE=InnoDB
			ROW_FORMAT=DYNAMIC
			CHARACTER SET=utf8mb4
			COLLATE=utf8mb4_unicode_ci
2026-08-18 12:00:43,575 WARNING database DDL Query made to DB:
create table `tabSubject` (
			name varchar(140) primary key,
			creation datetime(6),
			modified datetime(6),
			modified_by varchar(140),
			owner varchar(140),
			docstatus tinyint not null default '0',
			idx int not null default '0',
			`subject_name` varchar(140),
`subject_code` varchar(140) UNIQUE,
`course` varchar(140),
`credits` decimal(21,9) NOT NULL DEFAULT 0.0,
`subject_type` varchar(140),
`status` varchar(140),
`description` text,
`_user_tags` text,
`_comments` text,
`_assign` text,
`_liked_by` text,
index creation(creation))
			ENGINE=InnoDB
			ROW_FORMAT=DYNAMIC
			CHARACTER SET=utf8mb4
			COLLATE=utf8mb4_unicode_ci
2026-08-18 12:00:43,668 WARNING database DDL Query made to DB:
create table `tabAttendance` (
			name varchar(140) primary key,
			creation datetime(6),
			modified datetime(6),
			modified_by varchar(140),
			owner varchar(140),
			docstatus tinyint not null default '0',
			idx int not null default '0',
			`student` varchar(140),
`course` varchar(140),
`attendance_date` date,
`status` varchar(140),
`remarks` text,
`_user_tags` text,
`_comments` text,
`_assign` text,
`_liked_by` text,
index creation(creation))
			ENGINE=InnoDB
			ROW_FORMAT=DYNAMIC
			CHARACTER SET=utf8mb4
			COLLATE=utf8mb4_unicode_ci
2026-08-18 12:00:43,779 WARNING database DDL Query made to DB:
create table `tabCourse Assignment` (
			name varchar(140) primary key,
			creation datetime(6),
			modified datetime(6),
			modified_by varchar(140),
			owner varchar(140),
			docstatus tinyint not null default '0',
			idx int not null default '0',
			`teacher` varchar(140),
`course` varchar(140),
`academic_year` varchar(140),
`semester` varchar(140),
`start_date` date,
`end_date` date,
`status` varchar(140),
`_user_tags` text,
`_comments` text,
`_assign` text,
`_liked_by` text,
index creation(creation))
			ENGINE=InnoDB
			ROW_FORMAT=DYNAMIC
			CHARACTER SET=utf8mb4
			COLLATE=utf8mb4_unicode_ci
2026-08-18 12:00:43,854 WARNING database DDL Query made to DB:
create table `tabDepartment` (
			name varchar(140) primary key,
			creation datetime(6),
			modified datetime(6),
			modified_by varchar(140),
			owner varchar(140),
			docstatus tinyint not null default '0',
			idx int not null default '0',
			`department_name` varchar(140),
`department_code` varchar(140) UNIQUE,
`description` text,
`head_of_department` varchar(140),
`status` varchar(140),
`_user_tags` text,
`_comments` text,
`_assign` text,
`_liked_by` text,
index creation(creation))
			ENGINE=InnoDB
			ROW_FORMAT=DYNAMIC
			CHARACTER SET=utf8mb4
			COLLATE=utf8mb4_unicode_ci
2026-08-18 12:00:43,948 WARNING database DDL Query made to DB:
create table `tabMarks` (
			name varchar(140) primary key,
			creation datetime(6),
			modified datetime(6),
			modified_by varchar(140),
			owner varchar(140),
			docstatus tinyint not null default '0',
			idx int not null default '0',
			`student` varchar(140),
`examination` varchar(140),
`total_marks` decimal(21,9) NOT NULL DEFAULT 0.0,
`obtained_marks` decimal(21,9) NOT NULL DEFAULT 0.0,
`percentage` decimal(21,9) NOT NULL DEFAULT 0.0,
`grade` varchar(140),
`result` varchar(140),
`_user_tags` text,
`_comments` text,
`_assign` text,
`_liked_by` text,
index creation(creation))
			ENGINE=InnoDB
			ROW_FORMAT=DYNAMIC
			CHARACTER SET=utf8mb4
			COLLATE=utf8mb4_unicode_ci
2026-08-18 12:00:44,039 WARNING database DDL Query made to DB:
create table `tabEnrollment` (
			name varchar(140) primary key,
			creation datetime(6),
			modified datetime(6),
			modified_by varchar(140),
			owner varchar(140),
			docstatus tinyint not null default '0',
			idx int not null default '0',
			`student` varchar(140),
`course` varchar(140),
`enrollment_date` date,
`academic_year` varchar(140),
`semester` varchar(140),
`status` varchar(140),
`_user_tags` text,
`_comments` text,
`_assign` text,
`_liked_by` text,
index creation(creation))
			ENGINE=InnoDB
			ROW_FORMAT=DYNAMIC
			CHARACTER SET=utf8mb4
			COLLATE=utf8mb4_unicode_ci
2026-08-20 05:23:15,062 WARNING database DDL Query made to DB:
create table `tabCheck_Calendar` (
			name varchar(140) primary key,
			creation datetime(6),
			modified datetime(6),
			modified_by varchar(140),
			owner varchar(140),
			docstatus tinyint not null default '0',
			idx int not null default '0',
			`_user_tags` text,
`_comments` text,
`_assign` text,
`_liked_by` text,
index creation(creation))
			ENGINE=InnoDB
			ROW_FORMAT=DYNAMIC
			CHARACTER SET=utf8mb4
			COLLATE=utf8mb4_unicode_ci
2026-08-20 05:25:40,247 WARNING database DDL Query made to DB:
ALTER TABLE `tabCheck_Calendar` ADD COLUMN `start_date` date, ADD COLUMN `end_date` date
2026-08-26 06:58:55,895 WARNING database DDL Query made to DB:
alter table `tabChild_Table` add column if not exists parent varchar(140)
2026-08-26 06:58:55,904 WARNING database DDL Query made to DB:
alter table `tabChild_Table` add column if not exists parenttype varchar(140)
2026-08-26 06:58:55,905 WARNING database DDL Query made to DB:
alter table `tabChild_Table` add column if not exists parentfield varchar(140)
2026-08-26 06:58:56,077 WARNING database DDL Query made to DB:
ALTER TABLE `tabChild_Table` ADD COLUMN `project_date` date
2026-08-27 09:21:20,423 WARNING database DDL Query made to DB:
create table `tabIncome` (
			name varchar(140) primary key,
			creation datetime(6),
			modified datetime(6),
			modified_by varchar(140),
			owner varchar(140),
			docstatus tinyint not null default '0',
			idx int not null default '0',
			`_user_tags` text,
`_comments` text,
`_assign` text,
`_liked_by` text,
index creation(creation))
			ENGINE=InnoDB
			ROW_FORMAT=DYNAMIC
			CHARACTER SET=utf8mb4
			COLLATE=utf8mb4_unicode_ci
2026-08-27 09:23:36,978 WARNING database DDL Query made to DB:
ALTER TABLE `tabIncome` ADD COLUMN `principal_amount` decimal(21,2) NOT NULL DEFAULT 0.0, ADD COLUMN `remaining_amount` decimal(21,9) NOT NULL DEFAULT 0.0
2026-08-27 09:23:54,358 WARNING database DDL Query made to DB:
create sequence if not exists income_id_seq nocache nocycle
2026-08-27 09:23:54,391 WARNING database DDL Query made to DB:
ALTER TABLE `tabIncome` MODIFY `name` bigint
2026-08-27 09:24:27,207 WARNING database DDL Query made to DB:
create table `tabInvoice` (
			name varchar(140) primary key,
			creation datetime(6),
			modified datetime(6),
			modified_by varchar(140),
			owner varchar(140),
			docstatus tinyint not null default '0',
			idx int not null default '0',
			`_user_tags` text,
`_comments` text,
`_assign` text,
`_liked_by` text,
index creation(creation))
			ENGINE=InnoDB
			ROW_FORMAT=DYNAMIC
			CHARACTER SET=utf8mb4
			COLLATE=utf8mb4_unicode_ci
2026-08-27 09:26:50,222 WARNING database DDL Query made to DB:
ALTER TABLE `tabInvoice` ADD COLUMN `select_amount` varchar(140), ADD COLUMN `principal_amount` decimal(21,9) NOT NULL DEFAULT 0.0
2026-08-27 09:27:44,667 WARNING database DDL Query made to DB:
ALTER TABLE `tabInvoice` ADD COLUMN `remaining_amount` decimal(21,2) NOT NULL DEFAULT 0.0
2026-08-27 09:27:44,691 WARNING database DDL Query made to DB:
ALTER TABLE `tabInvoice` MODIFY `principal_amount` decimal(21,2) NOT NULL DEFAULT 0.0
2026-08-27 09:30:59,147 WARNING database DDL Query made to DB:
ALTER TABLE `tabInvoice` ADD COLUMN `using_amount` decimal(21,9) NOT NULL DEFAULT 0.0
2026-08-27 09:31:58,209 WARNING database DDL Query made to DB:
create table `tabAmount_Usage` (
			name varchar(140) primary key,
			creation datetime(6),
			modified datetime(6),
			modified_by varchar(140),
			owner varchar(140),
			docstatus tinyint not null default '0',
			idx int not null default '0',
			parent varchar(140),
parentfield varchar(140),
parenttype varchar(140),
index parent(parent))
			ENGINE=InnoDB
			ROW_FORMAT=DYNAMIC
			CHARACTER SET=utf8mb4
			COLLATE=utf8mb4_unicode_ci
2026-08-27 09:34:06,963 WARNING database DDL Query made to DB:
alter table `tabAmount_Usage` add column if not exists parent varchar(140)
2026-08-27 09:34:06,966 WARNING database DDL Query made to DB:
alter table `tabAmount_Usage` add column if not exists parenttype varchar(140)
2026-08-27 09:34:06,968 WARNING database DDL Query made to DB:
alter table `tabAmount_Usage` add column if not exists parentfield varchar(140)
2026-08-27 09:34:07,059 WARNING database DDL Query made to DB:
ALTER TABLE `tabAmount_Usage` ADD COLUMN `invoice` varchar(140), ADD COLUMN `used_amount` decimal(21,2) NOT NULL DEFAULT 0.0
2026-08-27 09:36:06,126 WARNING database DDL Query made to DB:
ALTER TABLE `tabInvoice` ADD COLUMN `using_reason` varchar(140)
2026-08-27 09:36:45,969 WARNING database DDL Query made to DB:
alter table `tabAmount_Usage` add column if not exists parent varchar(140)
2026-08-27 09:36:45,975 WARNING database DDL Query made to DB:
alter table `tabAmount_Usage` add column if not exists parenttype varchar(140)
2026-08-27 09:36:45,976 WARNING database DDL Query made to DB:
alter table `tabAmount_Usage` add column if not exists parentfield varchar(140)
2026-08-27 09:36:46,060 WARNING database DDL Query made to DB:
ALTER TABLE `tabAmount_Usage` ADD COLUMN `used_reason` varchar(140)
2026-08-27 09:37:01,804 WARNING database DDL Query made to DB:
alter table `tabAmount_Usage` add column if not exists parent varchar(140)
2026-08-27 09:37:01,806 WARNING database DDL Query made to DB:
alter table `tabAmount_Usage` add column if not exists parenttype varchar(140)
2026-08-27 09:37:01,807 WARNING database DDL Query made to DB:
alter table `tabAmount_Usage` add column if not exists parentfield varchar(140)
2026-08-27 09:42:49,992 WARNING database DDL Query made to DB:
ALTER TABLE `tabInvoice` ADD COLUMN `select_income` varchar(140)
2026-08-27 09:43:49,833 WARNING database DDL Query made to DB:
ALTER TABLE `tabInvoice` MODIFY `using_amount` decimal(21,2) NOT NULL DEFAULT 0.0
2026-08-27 09:45:13,423 WARNING database DDL Query made to DB:
alter table `tabAmount_Usage` add column if not exists parent varchar(140)
2026-08-27 09:45:13,430 WARNING database DDL Query made to DB:
alter table `tabAmount_Usage` add column if not exists parenttype varchar(140)
2026-08-27 09:45:13,437 WARNING database DDL Query made to DB:
alter table `tabAmount_Usage` add column if not exists parentfield varchar(140)
2026-08-27 09:45:27,549 WARNING database DDL Query made to DB:
alter table `tabAmount_Usage` add column if not exists parent varchar(140)
2026-08-27 09:45:27,550 WARNING database DDL Query made to DB:
alter table `tabAmount_Usage` add column if not exists parenttype varchar(140)
2026-08-27 09:45:27,552 WARNING database DDL Query made to DB:
alter table `tabAmount_Usage` add column if not exists parentfield varchar(140)
2026-08-27 10:32:33,084 WARNING database DDL Query made to DB:
create sequence if not exists invoice_id_seq nocache nocycle
2026-08-27 10:32:33,138 WARNING database DDL Query made to DB:
ALTER TABLE `tabInvoice` MODIFY `name` bigint
2026-08-27 10:41:51,221 WARNING database DDL Query made to DB:
alter table `tabAmount_Usage` add column if not exists parent varchar(140)
2026-08-27 10:41:51,230 WARNING database DDL Query made to DB:
alter table `tabAmount_Usage` add column if not exists parenttype varchar(140)
2026-08-27 10:41:51,231 WARNING database DDL Query made to DB:
alter table `tabAmount_Usage` add column if not exists parentfield varchar(140)
2026-08-27 10:42:06,546 WARNING database DDL Query made to DB:
alter table `tabAmount_Usage` add column if not exists parent varchar(140)
2026-08-27 10:42:06,561 WARNING database DDL Query made to DB:
alter table `tabAmount_Usage` add column if not exists parenttype varchar(140)
2026-08-27 10:42:06,563 WARNING database DDL Query made to DB:
alter table `tabAmount_Usage` add column if not exists parentfield varchar(140)
2026-08-27 10:42:22,481 WARNING database DDL Query made to DB:
alter table `tabAmount_Usage` add column if not exists parent varchar(140)
2026-08-27 10:42:22,498 WARNING database DDL Query made to DB:
alter table `tabAmount_Usage` add column if not exists parenttype varchar(140)
2026-08-27 10:42:22,503 WARNING database DDL Query made to DB:
alter table `tabAmount_Usage` add column if not exists parentfield varchar(140)
2026-08-27 10:49:53,831 WARNING database DDL Query made to DB:
ALTER TABLE `tabIncome` MODIFY `remaining_amount` decimal(21,2) NOT NULL DEFAULT 0.0
2026-08-27 11:01:36,507 WARNING database DDL Query made to DB:
ALTER TABLE `tabInvoice` MODIFY `name` varchar(140)
2026-08-27 11:01:41,804 WARNING database DDL Query made to DB:
create sequence if not exists invoice_id_seq nocache nocycle
2026-08-27 11:01:41,853 WARNING database DDL Query made to DB:
ALTER TABLE `tabInvoice` MODIFY `name` bigint
2026-08-28 10:43:14,175 WARNING database DDL Query made to DB:
create table `tabEmployee` (
			name varchar(140) primary key,
			creation datetime(6),
			modified datetime(6),
			modified_by varchar(140),
			owner varchar(140),
			docstatus tinyint not null default '0',
			idx int not null default '0',
			`_user_tags` text,
`_comments` text,
`_assign` text,
`_liked_by` text,
index creation(creation))
			ENGINE=InnoDB
			ROW_FORMAT=DYNAMIC
			CHARACTER SET=utf8mb4
			COLLATE=utf8mb4_unicode_ci
2026-08-28 10:46:11,653 WARNING database DDL Query made to DB:
ALTER TABLE `tabEmployee` ADD COLUMN `employee_id` varchar(140) UNIQUE, ADD COLUMN `employee_name` varchar(140), ADD COLUMN `date_of_birth` date
2026-08-28 10:46:11,665 WARNING database DDL Query made to DB:
ALTER TABLE `tabEmployee` ADD UNIQUE INDEX IF NOT EXISTS employee_id (`employee_id`)
2026-08-28 10:46:38,776 WARNING database DDL Query made to DB:
create sequence if not exists employee_id_seq nocache nocycle
2026-08-28 10:46:38,817 WARNING database DDL Query made to DB:
ALTER TABLE `tabEmployee` MODIFY `name` bigint
2026-08-28 10:50:16,207 WARNING database DDL Query made to DB:
create table `tabEmployee Attendance` (
			name varchar(140) primary key,
			creation datetime(6),
			modified datetime(6),
			modified_by varchar(140),
			owner varchar(140),
			docstatus tinyint not null default '0',
			idx int not null default '0',
			parent varchar(140),
parentfield varchar(140),
parenttype varchar(140),
index parent(parent))
			ENGINE=InnoDB
			ROW_FORMAT=DYNAMIC
			CHARACTER SET=utf8mb4
			COLLATE=utf8mb4_unicode_ci
2026-08-28 10:52:17,098 WARNING database DDL Query made to DB:
alter table `tabEmployee Attendance` add column if not exists parent varchar(140)
2026-08-28 10:52:17,109 WARNING database DDL Query made to DB:
alter table `tabEmployee Attendance` add column if not exists parenttype varchar(140)
2026-08-28 10:52:17,112 WARNING database DDL Query made to DB:
alter table `tabEmployee Attendance` add column if not exists parentfield varchar(140)
2026-08-28 10:52:17,214 WARNING database DDL Query made to DB:
ALTER TABLE `tabEmployee Attendance` ADD COLUMN `employee_id` varchar(140), ADD COLUMN `date` date, ADD COLUMN `status` varchar(140)
2026-08-28 10:54:47,407 WARNING database DDL Query made to DB:
create table `tabEmployee Portal` (
			name varchar(140) primary key,
			creation datetime(6),
			modified datetime(6),
			modified_by varchar(140),
			owner varchar(140),
			docstatus tinyint not null default '0',
			idx int not null default '0',
			`_user_tags` text,
`_comments` text,
`_assign` text,
`_liked_by` text,
index creation(creation))
			ENGINE=InnoDB
			ROW_FORMAT=DYNAMIC
			CHARACTER SET=utf8mb4
			COLLATE=utf8mb4_unicode_ci
2026-08-28 10:59:22,782 WARNING database DDL Query made to DB:
ALTER TABLE `tabEmployee Portal` ADD COLUMN `employee_id` varchar(140), ADD COLUMN `log` varchar(140), ADD COLUMN `log_in_time` time(6), ADD COLUMN `log_out_time` time(6)
2026-08-28 11:02:53,387 WARNING database DDL Query made to DB:
ALTER TABLE `tabEmployee Portal` ADD COLUMN `date` date
2026-08-28 11:08:40,214 WARNING database DDL Query made to DB:
alter table `tabEmployee Attendance` add column if not exists parent varchar(140)
2026-08-28 11:08:40,217 WARNING database DDL Query made to DB:
alter table `tabEmployee Attendance` add column if not exists parenttype varchar(140)
2026-08-28 11:08:40,220 WARNING database DDL Query made to DB:
alter table `tabEmployee Attendance` add column if not exists parentfield varchar(140)
2026-08-28 11:12:13,172 WARNING database DDL Query made to DB:
alter table `tabEmployee Attendance` add column if not exists parent varchar(140)
2026-08-28 11:12:13,178 WARNING database DDL Query made to DB:
alter table `tabEmployee Attendance` add column if not exists parenttype varchar(140)
2026-08-28 11:12:13,180 WARNING database DDL Query made to DB:
alter table `tabEmployee Attendance` add column if not exists parentfield varchar(140)
2026-08-28 11:12:44,077 WARNING database DDL Query made to DB:
alter table `tabEmployee Attendance` add column if not exists parent varchar(140)
2026-08-28 11:12:44,083 WARNING database DDL Query made to DB:
alter table `tabEmployee Attendance` add column if not exists parenttype varchar(140)
2026-08-28 11:12:44,084 WARNING database DDL Query made to DB:
alter table `tabEmployee Attendance` add column if not exists parentfield varchar(140)
2026-08-29 06:32:21,662 WARNING database DDL Query made to DB:
alter table `tabEmployee Attendance` add column if not exists parent varchar(140)
2026-08-29 06:32:21,678 WARNING database DDL Query made to DB:
alter table `tabEmployee Attendance` add column if not exists parenttype varchar(140)
2026-08-29 06:32:21,680 WARNING database DDL Query made to DB:
alter table `tabEmployee Attendance` add column if not exists parentfield varchar(140)
2026-08-29 06:32:21,970 WARNING database DDL Query made to DB:
ALTER TABLE `tabEmployee Attendance` ADD COLUMN `total_working_hours` int(11) NOT NULL DEFAULT 0
2026-08-29 06:32:29,979 WARNING database DDL Query made to DB:
alter table `tabEmployee Attendance` add column if not exists parent varchar(140)
2026-08-29 06:32:29,984 WARNING database DDL Query made to DB:
alter table `tabEmployee Attendance` add column if not exists parenttype varchar(140)
2026-08-29 06:32:29,986 WARNING database DDL Query made to DB:
alter table `tabEmployee Attendance` add column if not exists parentfield varchar(140)
2026-08-29 06:52:00,672 WARNING database DDL Query made to DB:
alter table `tabEmployee Attendance` add column if not exists parent varchar(140)
2026-08-29 06:52:00,699 WARNING database DDL Query made to DB:
alter table `tabEmployee Attendance` add column if not exists parenttype varchar(140)
2026-08-29 06:52:00,701 WARNING database DDL Query made to DB:
alter table `tabEmployee Attendance` add column if not exists parentfield varchar(140)
2026-08-29 06:52:00,950 WARNING database DDL Query made to DB:
ALTER TABLE `tabEmployee Attendance` ADD COLUMN `in_time` time(6), ADD COLUMN `out_time` time(6)
2026-08-29 06:52:12,952 WARNING database DDL Query made to DB:
alter table `tabEmployee Attendance` add column if not exists parent varchar(140)
2026-08-29 06:52:12,966 WARNING database DDL Query made to DB:
alter table `tabEmployee Attendance` add column if not exists parenttype varchar(140)
2026-08-29 06:52:12,969 WARNING database DDL Query made to DB:
alter table `tabEmployee Attendance` add column if not exists parentfield varchar(140)
2026-08-29 06:53:09,727 WARNING database DDL Query made to DB:
alter table `tabEmployee Attendance` add column if not exists parent varchar(140)
2026-08-29 06:53:09,729 WARNING database DDL Query made to DB:
alter table `tabEmployee Attendance` add column if not exists parenttype varchar(140)
2026-08-29 06:53:09,730 WARNING database DDL Query made to DB:
alter table `tabEmployee Attendance` add column if not exists parentfield varchar(140)
2026-08-29 06:53:22,278 WARNING database DDL Query made to DB:
alter table `tabEmployee Attendance` add column if not exists parent varchar(140)
2026-08-29 06:53:22,294 WARNING database DDL Query made to DB:
alter table `tabEmployee Attendance` add column if not exists parenttype varchar(140)
2026-08-29 06:53:22,296 WARNING database DDL Query made to DB:
alter table `tabEmployee Attendance` add column if not exists parentfield varchar(140)
2026-08-29 06:53:31,194 WARNING database DDL Query made to DB:
alter table `tabEmployee Attendance` add column if not exists parent varchar(140)
2026-08-29 06:53:31,196 WARNING database DDL Query made to DB:
alter table `tabEmployee Attendance` add column if not exists parenttype varchar(140)
2026-08-29 06:53:31,198 WARNING database DDL Query made to DB:
alter table `tabEmployee Attendance` add column if not exists parentfield varchar(140)
