Wrote document file for DocType Test_Document at /home/sanjayh/frappe16-bench/apps/practice_app/practice_app/practice_app/doctype/test_document/test_document.json
/home/sanjayh/frappe16-bench/apps/practice_app/practice_app/practice_app/doctype/test_document/test_document.py already exists, skipping...
/home/sanjayh/frappe16-bench/apps/practice_app/practice_app/practice_app/doctype/test_document/test_test_document.py already exists, skipping...
/home/sanjayh/frappe16-bench/apps/practice_app/practice_app/practice_app/doctype/test_document/test_document.js already exists, skipping...
Wrote document file for DocType Test_Document at /home/sanjayh/frappe16-bench/apps/practice_app/practice_app/practice_app/doctype/test_document/test_document.json
Traceback (most recent call last):
  File "apps/frappe/frappe/model/base_document.py", line 766, in db_insert
    name = frappe.db.sql(
    	"""INSERT INTO `tab{doctype}` ({columns})
    ...<7 lines>...
    	list(d.values()),
    )
  File "apps/frappe/frappe/database/database.py", line 272, in sql
    self.execute_query(query, values)
    ~~~~~~~~~~~~~~~~~~^^^^^^^^^^^^^^^
  File "apps/frappe/frappe/database/database.py", line 372, in execute_query
    return self._cursor.execute(query, values)
           ~~~~~~~~~~~~~~~~~~~~^^^^^^^^^^^^^^^
  File "env/lib/python3.14/site-packages/MySQLdb/cursors.py", line 179, in execute
    res = self._query(mogrified_query)
  File "env/lib/python3.14/site-packages/MySQLdb/cursors.py", line 330, in _query
    db.query(q)
    ~~~~~~~~^^^
  File "env/lib/python3.14/site-packages/MySQLdb/connections.py", line 280, in query
    _mysql.connection.query(self, query)
    ~~~~~~~~~~~~~~~~~~~~~~~^^^^^^^^^^^^^
MySQLdb.IntegrityError: (1062, "Duplicate entry 'Test_Document' for key 'PRIMARY'")

During handling of the above exception, another exception occurred:

Traceback (most recent call last):
  File "apps/frappe/frappe/app.py", line 121, in application
    response = frappe.api.handle(request)
  File "apps/frappe/frappe/api/__init__.py", line 63, in handle
    data = endpoint(**arguments)
  File "apps/frappe/frappe/api/v1.py", line 40, in handle_rpc_call
    return frappe.handler.handle()
           ~~~~~~~~~~~~~~~~~~~~~^^
  File "apps/frappe/frappe/handler.py", line 53, in handle
    data = execute_cmd(cmd)
  File "apps/frappe/frappe/handler.py", line 86, in execute_cmd
    return frappe.call(method, **frappe.form_dict)
           ~~~~~~~~~~~^^^^^^^^^^^^^^^^^^^^^^^^^^^^
  File "apps/frappe/frappe/__init__.py", line 1147, in call
    return fn(*args, **newargs)
  File "apps/frappe/frappe/utils/typing_validations.py", line 36, in wrapper
    return func(*args, **kwargs)
  File "apps/frappe/frappe/client.py", line 211, in insert
    return insert_doc(doc).as_dict()
           ~~~~~~~~~~^^^^^
  File "apps/frappe/frappe/client.py", line 527, in insert_doc
    return frappe.get_doc(doc).insert()
           ~~~~~~~~~~~~~~~~~~~~~~~~~~^^
  File "apps/frappe/frappe/model/document.py", line 490, in insert
    self.db_insert(ignore_if_duplicate=ignore_if_duplicate)
    ~~~~~~~~~~~~~~^^^^^^^^^^^^^^^^^^^^^^^^^^^^^^^^^^^^^^^^^
  File "apps/frappe/frappe/model/base_document.py", line 793, in db_insert
    raise frappe.DuplicateEntryError(self.doctype, self.name, e)
frappe.exceptions.DuplicateEntryError: ('DocType', 'Test_Document', IntegrityError(1062, "Duplicate entry 'Test_Document' for key 'PRIMARY'"))

Wrote document file for Web Form test-webform at /home/sanjayh/frappe16-bench/apps/practice_app/practice_app/practice_app/web_form/test_webform/test_webform.json
Wrote document file for Web Form test-webform at /home/sanjayh/frappe16-bench/apps/practice_app/practice_app/practice_app/web_form/test_webform/test_webform.json
Wrote document file for Web Form test-webform at /home/sanjayh/frappe16-bench/apps/practice_app/practice_app/practice_app/web_form/test_webform/test_webform.json
Wrote document file for Web Form test-webform at /home/sanjayh/frappe16-bench/apps/practice_app/practice_app/practice_app/web_form/test_webform/test_webform.json
Hook called for: sanjay@email.com
Hook called for: Administrator
Hook called for: Guest
Hook called for: sanjay@email.com
Hook called for: sanjay@email.com
Hook called for: Administrator
Hook called for: sanjay@email.com
Hook called for: Administrator
Hook called for: Guest
Hook called for: sanjay@email.com
Hook called for: Administrator
Hook called for: sanjay@email.com
Hook called for: Guest
Hook called for: Administrator
Hook called for: Guest
Hook called for: sanjay@email.com
Hook called for: Administrator
Hook called for: sanjay@email.com
Hook called for: sanjay@email.com
Wrote document file for DocType Task at /home/sanjayh/frappe16-bench/apps/practice_app/practice_app/practice_app/doctype/task/task.json
/home/sanjayh/frappe16-bench/apps/practice_app/practice_app/practice_app/doctype/task/task.py already exists, skipping...
/home/sanjayh/frappe16-bench/apps/practice_app/practice_app/practice_app/doctype/task/test_task.py already exists, skipping...
/home/sanjayh/frappe16-bench/apps/practice_app/practice_app/practice_app/doctype/task/task.js already exists, skipping...
Wrote document file for DocType Task at /home/sanjayh/frappe16-bench/apps/practice_app/practice_app/practice_app/doctype/task/task.json
/home/sanjayh/frappe16-bench/apps/practice_app/practice_app/practice_app/doctype/task/task.py already exists, skipping...
/home/sanjayh/frappe16-bench/apps/practice_app/practice_app/practice_app/doctype/task/test_task.py already exists, skipping...
/home/sanjayh/frappe16-bench/apps/practice_app/practice_app/practice_app/doctype/task/task.js already exists, skipping...
Wrote document file for DocType Task at /home/sanjayh/frappe16-bench/apps/practice_app/practice_app/practice_app/doctype/task/task.json
Wrote document file for DocType Task at /home/sanjayh/frappe16-bench/apps/practice_app/practice_app/practice_app/doctype/task/task.json
/home/sanjayh/frappe16-bench/apps/practice_app/practice_app/practice_app/doctype/task/task.py already exists, skipping...
/home/sanjayh/frappe16-bench/apps/practice_app/practice_app/practice_app/doctype/task/test_task.py already exists, skipping...
/home/sanjayh/frappe16-bench/apps/practice_app/practice_app/practice_app/doctype/task/task.js already exists, skipping...
Wrote document file for DocType Task at /home/sanjayh/frappe16-bench/apps/practice_app/practice_app/practice_app/doctype/task/task.json
/home/sanjayh/frappe16-bench/apps/practice_app/practice_app/practice_app/doctype/task/task.py already exists, skipping...
/home/sanjayh/frappe16-bench/apps/practice_app/practice_app/practice_app/doctype/task/test_task.py already exists, skipping...
/home/sanjayh/frappe16-bench/apps/practice_app/practice_app/practice_app/doctype/task/task.js already exists, skipping...
Traceback (most recent call last):
  File "apps/frappe/frappe/modules/utils.py", line 304, in load_doctype_module
    doctype_python_modules[key] = frappe.get_module(module_name)
                                  ~~~~~~~~~~~~~~~~~^^^^^^^^^^^^^
  File "apps/frappe/frappe/__init__.py", line 837, in get_module
    return importlib.import_module(modulename)
           ~~~~~~~~~~~~~~~~~~~~~~~^^^^^^^^^^^^
  File "/usr/lib/python3.14/importlib/__init__.py", line 88, in import_module
    return _bootstrap._gcd_import(name[level:], package, level)
           ~~~~~~~~~~~~~~~~~~~~~~^^^^^^^^^^^^^^^^^^^^^^^^^^^^^^
  File "<frozen importlib._bootstrap>", line 1406, in _gcd_import
  File "<frozen importlib._bootstrap>", line 1371, in _find_and_load
  File "<frozen importlib._bootstrap>", line 1314, in _find_and_load_unlocked
  File "<frozen importlib._bootstrap>", line 491, in _call_with_frames_removed
  File "<frozen importlib._bootstrap>", line 1406, in _gcd_import
  File "<frozen importlib._bootstrap>", line 1371, in _find_and_load
  File "<frozen importlib._bootstrap>", line 1335, in _find_and_load_unlocked
ModuleNotFoundError: No module named 'frappe.core.doctype.task'

The above exception was the direct cause of the following exception:

Traceback (most recent call last):
  File "apps/frappe/frappe/app.py", line 121, in application
    response = frappe.api.handle(request)
  File "apps/frappe/frappe/api/__init__.py", line 63, in handle
    data = endpoint(**arguments)
  File "apps/frappe/frappe/api/v1.py", line 40, in handle_rpc_call
    return frappe.handler.handle()
           ~~~~~~~~~~~~~~~~~~~~~^^
  File "apps/frappe/frappe/handler.py", line 53, in handle
    data = execute_cmd(cmd)
  File "apps/frappe/frappe/handler.py", line 86, in execute_cmd
    return frappe.call(method, **frappe.form_dict)
           ~~~~~~~~~~~^^^^^^^^^^^^^^^^^^^^^^^^^^^^
  File "apps/frappe/frappe/__init__.py", line 1147, in call
    return fn(*args, **newargs)
  File "apps/frappe/frappe/utils/typing_validations.py", line 36, in wrapper
    return func(*args, **kwargs)
  File "apps/practice_app/practice_app/api.py", line 5, in create_task
    task = frappe.new_doc("Task")
  File "apps/frappe/frappe/model/document.py", line 2237, in new_doc
    new_doc = get_new_doc(doctype, parent_doc, parentfield, as_dict=as_dict)
  File "apps/frappe/frappe/model/create_new.py", line 22, in get_new_doc
    frappe.local.new_doc_templates[doctype] = make_new_doc(doctype)
                                              ~~~~~~~~~~~~^^^^^^^^^
  File "apps/frappe/frappe/model/create_new.py", line 35, in make_new_doc
    doc = frappe.get_doc({"doctype": doctype, "__islocal": 1, "owner": frappe.session.user, "docstatus": 0})
  File "apps/frappe/frappe/model/utils/__init__.py", line 225, in wrapper
    return dispatch(args[0])(*args, **kw)
           ~~~~~~~~~~~~~~~~~^^^^^^^^^^^^^
  File "apps/frappe/frappe/model/document.py", line 159, in get_doc_from_dict
    if controller := get_controller(data["doctype"]):
                     ~~~~~~~~~~~~~~^^^^^^^^^^^^^^^^^
  File "apps/frappe/frappe/model/base_document.py", line 92, in get_controller
    site_controllers[doctype] = import_controller(doctype)
                                ~~~~~~~~~~~~~~~~~^^^^^^^^^
  File "apps/frappe/frappe/model/base_document.py", line 112, in import_controller
    module = load_doctype_module(doctype, module_name)
  File "apps/frappe/frappe/modules/utils.py", line 308, in load_doctype_module
    raise ImportError(msg) from e
ImportError: Module import failed for Task, the DocType you're trying to open might be deleted.
Error: No module named 'frappe.core.doctype.task'

Wrote document file for DocType Task at /home/sanjayh/frappe16-bench/apps/practice_app/practice_app/practice_app/doctype/task/task.json
/home/sanjayh/frappe16-bench/apps/practice_app/practice_app/practice_app/doctype/task/task.py already exists, skipping...
/home/sanjayh/frappe16-bench/apps/practice_app/practice_app/practice_app/doctype/task/test_task.py already exists, skipping...
/home/sanjayh/frappe16-bench/apps/practice_app/practice_app/practice_app/doctype/task/task.js already exists, skipping...
Wrote document file for DocType Task at /home/sanjayh/frappe16-bench/apps/practice_app/practice_app/practice_app/doctype/task/task.json
/home/sanjayh/frappe16-bench/apps/practice_app/practice_app/practice_app/doctype/task/task.py already exists, skipping...
/home/sanjayh/frappe16-bench/apps/practice_app/practice_app/practice_app/doctype/task/test_task.py already exists, skipping...
/home/sanjayh/frappe16-bench/apps/practice_app/practice_app/practice_app/doctype/task/task.js already exists, skipping...
Traceback (most recent call last):
  File "apps/frappe/frappe/app.py", line 121, in application
    response = frappe.api.handle(request)
  File "apps/frappe/frappe/api/__init__.py", line 63, in handle
    data = endpoint(**arguments)
  File "apps/frappe/frappe/api/v1.py", line 40, in handle_rpc_call
    return frappe.handler.handle()
           ~~~~~~~~~~~~~~~~~~~~~^^
  File "apps/frappe/frappe/handler.py", line 53, in handle
    data = execute_cmd(cmd)
  File "apps/frappe/frappe/handler.py", line 86, in execute_cmd
    return frappe.call(method, **frappe.form_dict)
           ~~~~~~~~~~~^^^^^^^^^^^^^^^^^^^^^^^^^^^^
  File "apps/frappe/frappe/__init__.py", line 1147, in call
    return fn(*args, **newargs)
  File "apps/frappe/frappe/utils/typing_validations.py", line 36, in wrapper
    return func(*args, **kwargs)
  File "apps/frappe/frappe/desk/form/save.py", line 43, in savedocs
    doc.save()
    ~~~~~~~~^^
  File "apps/frappe/frappe/model/document.py", line 550, in save
    return self._save(*args, **kwargs)
           ~~~~~~~~~~^^^^^^^^^^^^^^^^^
  File "apps/frappe/frappe/model/document.py", line 587, in _save
    self.run_before_save_methods()
    ~~~~~~~~~~~~~~~~~~~~~~~~~~~~^^
  File "apps/frappe/frappe/model/document.py", line 1403, in run_before_save_methods
    self.run_method("validate")
    ~~~~~~~~~~~~~~~^^^^^^^^^^^^
  File "apps/frappe/frappe/model/document.py", line 1252, in run_method
    out = Document.hook(fn)(self, *args, **kwargs)
  File "apps/frappe/frappe/model/document.py", line 1653, in composer
    return composed(self, method, *args, **kwargs)
  File "apps/frappe/frappe/model/document.py", line 1627, in runner
    add_to_return_value(self, fn(self, *args, **kwargs))
                              ~~^^^^^^^^^^^^^^^^^^^^^^^
  File "apps/frappe/frappe/model/document.py", line 1249, in fn
    return method_object(*args, **kwargs)
  File "apps/frappe/frappe/core/doctype/doctype/doctype.py", line 208, in validate
    validate_fields(self)
    ~~~~~~~~~~~~~~~^^^^^^
  File "apps/frappe/frappe/core/doctype/doctype/doctype.py", line 1784, in validate_fields
    check_title_field(meta)
    ~~~~~~~~~~~~~~~~~^^^^^^
  File "apps/frappe/frappe/core/doctype/doctype/doctype.py", line 1514, in check_title_field
    frappe.throw(_("Title field must be a valid fieldname"), InvalidFieldNameError)
    ~~~~~~~~~~~~^^^^^^^^^^^^^^^^^^^^^^^^^^^^^^^^^^^^^^^^^^^^^^^^^^^^^^^^^^^^^^^^^^^
  File "apps/frappe/frappe/utils/messages.py", line 159, in throw
    msgprint(
    ~~~~~~~~^
    	msg,
     ^^^^
    ...<7 lines>...
    	allow_dangerous_html=allow_dangerous_html,
     ^^^^^^^^^^^^^^^^^^^^^^^^^^^^^^^^^^^^^^^^^^
    )
    ^
  File "apps/frappe/frappe/utils/messages.py", line 118, in msgprint
    _raise_exception()
    ~~~~~~~~~~~~~~~~^^
  File "apps/frappe/frappe/utils/messages.py", line 59, in _raise_exception
    raise exc
frappe.core.doctype.doctype.doctype.InvalidFieldNameError: Title field must be a valid fieldname

Traceback (most recent call last):
  File "apps/frappe/frappe/app.py", line 121, in application
    response = frappe.api.handle(request)
  File "apps/frappe/frappe/api/__init__.py", line 63, in handle
    data = endpoint(**arguments)
  File "apps/frappe/frappe/api/v1.py", line 40, in handle_rpc_call
    return frappe.handler.handle()
           ~~~~~~~~~~~~~~~~~~~~~^^
  File "apps/frappe/frappe/handler.py", line 53, in handle
    data = execute_cmd(cmd)
  File "apps/frappe/frappe/handler.py", line 86, in execute_cmd
    return frappe.call(method, **frappe.form_dict)
           ~~~~~~~~~~~^^^^^^^^^^^^^^^^^^^^^^^^^^^^
  File "apps/frappe/frappe/__init__.py", line 1147, in call
    return fn(*args, **newargs)
  File "apps/frappe/frappe/utils/typing_validations.py", line 36, in wrapper
    return func(*args, **kwargs)
  File "apps/frappe/frappe/desk/form/save.py", line 43, in savedocs
    doc.save()
    ~~~~~~~~^^
  File "apps/frappe/frappe/model/document.py", line 550, in save
    return self._save(*args, **kwargs)
           ~~~~~~~~~~^^^^^^^^^^^^^^^^^
  File "apps/frappe/frappe/model/document.py", line 587, in _save
    self.run_before_save_methods()
    ~~~~~~~~~~~~~~~~~~~~~~~~~~~~^^
  File "apps/frappe/frappe/model/document.py", line 1403, in run_before_save_methods
    self.run_method("validate")
    ~~~~~~~~~~~~~~~^^^^^^^^^^^^
  File "apps/frappe/frappe/model/document.py", line 1252, in run_method
    out = Document.hook(fn)(self, *args, **kwargs)
  File "apps/frappe/frappe/model/document.py", line 1653, in composer
    return composed(self, method, *args, **kwargs)
  File "apps/frappe/frappe/model/document.py", line 1627, in runner
    add_to_return_value(self, fn(self, *args, **kwargs))
                              ~~^^^^^^^^^^^^^^^^^^^^^^^
  File "apps/frappe/frappe/model/document.py", line 1249, in fn
    return method_object(*args, **kwargs)
  File "apps/frappe/frappe/core/doctype/doctype/doctype.py", line 208, in validate
    validate_fields(self)
    ~~~~~~~~~~~~~~~^^^^^^
  File "apps/frappe/frappe/core/doctype/doctype/doctype.py", line 1784, in validate_fields
    check_title_field(meta)
    ~~~~~~~~~~~~~~~~~^^^^^^
  File "apps/frappe/frappe/core/doctype/doctype/doctype.py", line 1514, in check_title_field
    frappe.throw(_("Title field must be a valid fieldname"), InvalidFieldNameError)
    ~~~~~~~~~~~~^^^^^^^^^^^^^^^^^^^^^^^^^^^^^^^^^^^^^^^^^^^^^^^^^^^^^^^^^^^^^^^^^^^
  File "apps/frappe/frappe/utils/messages.py", line 159, in throw
    msgprint(
    ~~~~~~~~^
    	msg,
     ^^^^
    ...<7 lines>...
    	allow_dangerous_html=allow_dangerous_html,
     ^^^^^^^^^^^^^^^^^^^^^^^^^^^^^^^^^^^^^^^^^^
    )
    ^
  File "apps/frappe/frappe/utils/messages.py", line 118, in msgprint
    _raise_exception()
    ~~~~~~~~~~~~~~~~^^
  File "apps/frappe/frappe/utils/messages.py", line 59, in _raise_exception
    raise exc
frappe.core.doctype.doctype.doctype.InvalidFieldNameError: Title field must be a valid fieldname

Wrote document file for DocType Task at /home/sanjayh/frappe16-bench/apps/practice_app/practice_app/practice_app/doctype/task/task.json
Wrote document file for Page practice at /home/sanjayh/frappe16-bench/apps/practice_app/practice_app/practice_app/page/practice/practice.json
Traceback (most recent call last):
  File "apps/frappe/frappe/app.py", line 121, in application
    response = frappe.api.handle(request)
  File "apps/frappe/frappe/api/__init__.py", line 63, in handle
    data = endpoint(**arguments)
  File "apps/frappe/frappe/api/v1.py", line 40, in handle_rpc_call
    return frappe.handler.handle()
           ~~~~~~~~~~~~~~~~~~~~~^^
  File "apps/frappe/frappe/handler.py", line 53, in handle
    data = execute_cmd(cmd)
  File "apps/frappe/frappe/handler.py", line 86, in execute_cmd
    return frappe.call(method, **frappe.form_dict)
           ~~~~~~~~~~~^^^^^^^^^^^^^^^^^^^^^^^^^^^^
  File "apps/frappe/frappe/__init__.py", line 1147, in call
    return fn(*args, **newargs)
  File "apps/frappe/frappe/utils/typing_validations.py", line 36, in wrapper
    return func(*args, **kwargs)
  File "apps/frappe/frappe/core/doctype/communication/email.py", line 108, in make
    return _make(
    	doctype=doctype,
    ...<25 lines>...
    	in_reply_to=in_reply_to,
    )
  File "apps/frappe/frappe/core/doctype/communication/email.py", line 170, in _make
    sender = sender or get_formatted_email(frappe.session.user)
                       ~~~~~~~~~~~~~~~~~~~^^^^^^^^^^^^^^^^^^^^^
  File "apps/frappe/frappe/utils/__init__.py", line 90, in get_formatted_email
    method = get_hook_method("get_sender_details")
  File "apps/frappe/frappe/utils/__init__.py", line 597, in get_hook_method
    method = frappe.get_attr(method[0])
  File "apps/frappe/frappe/__init__.py", line 1137, in get_attr
    return getattr(get_module(modulename), methodname)
AttributeError: module 'practice_app.overrides' has no attribute 'get_sender_details'

Traceback (most recent call last):
  File "apps/frappe/frappe/app.py", line 121, in application
    response = frappe.api.handle(request)
  File "apps/frappe/frappe/api/__init__.py", line 63, in handle
    data = endpoint(**arguments)
  File "apps/frappe/frappe/api/v1.py", line 40, in handle_rpc_call
    return frappe.handler.handle()
           ~~~~~~~~~~~~~~~~~~~~~^^
  File "apps/frappe/frappe/handler.py", line 53, in handle
    data = execute_cmd(cmd)
  File "apps/frappe/frappe/handler.py", line 86, in execute_cmd
    return frappe.call(method, **frappe.form_dict)
           ~~~~~~~~~~~^^^^^^^^^^^^^^^^^^^^^^^^^^^^
  File "apps/frappe/frappe/__init__.py", line 1147, in call
    return fn(*args, **newargs)
  File "apps/frappe/frappe/utils/typing_validations.py", line 36, in wrapper
    return func(*args, **kwargs)
  File "apps/frappe/frappe/core/doctype/communication/email.py", line 108, in make
    return _make(
    	doctype=doctype,
    ...<25 lines>...
    	in_reply_to=in_reply_to,
    )
  File "apps/frappe/frappe/core/doctype/communication/email.py", line 170, in _make
    sender = sender or get_formatted_email(frappe.session.user)
                       ~~~~~~~~~~~~~~~~~~~^^^^^^^^^^^^^^^^^^^^^
  File "apps/frappe/frappe/utils/__init__.py", line 90, in get_formatted_email
    method = get_hook_method("get_sender_details")
  File "apps/frappe/frappe/utils/__init__.py", line 597, in get_hook_method
    method = frappe.get_attr(method[0])
  File "apps/frappe/frappe/__init__.py", line 1137, in get_attr
    return getattr(get_module(modulename), methodname)
AttributeError: module 'practice_app.overrides' has no attribute 'get_sender_details'

Traceback (most recent call last):
  File "apps/frappe/frappe/app.py", line 121, in application
    response = frappe.api.handle(request)
  File "apps/frappe/frappe/api/__init__.py", line 63, in handle
    data = endpoint(**arguments)
  File "apps/frappe/frappe/api/v1.py", line 40, in handle_rpc_call
    return frappe.handler.handle()
           ~~~~~~~~~~~~~~~~~~~~~^^
  File "apps/frappe/frappe/handler.py", line 53, in handle
    data = execute_cmd(cmd)
  File "apps/frappe/frappe/handler.py", line 86, in execute_cmd
    return frappe.call(method, **frappe.form_dict)
           ~~~~~~~~~~~^^^^^^^^^^^^^^^^^^^^^^^^^^^^
  File "apps/frappe/frappe/__init__.py", line 1147, in call
    return fn(*args, **newargs)
  File "apps/frappe/frappe/utils/typing_validations.py", line 36, in wrapper
    return func(*args, **kwargs)
  File "apps/frappe/frappe/core/doctype/communication/email.py", line 108, in make
    return _make(
    	doctype=doctype,
    ...<25 lines>...
    	in_reply_to=in_reply_to,
    )
  File "apps/frappe/frappe/core/doctype/communication/email.py", line 170, in _make
    sender = sender or get_formatted_email(frappe.session.user)
                       ~~~~~~~~~~~~~~~~~~~^^^^^^^^^^^^^^^^^^^^^
  File "apps/frappe/frappe/utils/__init__.py", line 90, in get_formatted_email
    method = get_hook_method("get_sender_details")
  File "apps/frappe/frappe/utils/__init__.py", line 597, in get_hook_method
    method = frappe.get_attr(method[0])
  File "apps/frappe/frappe/__init__.py", line 1137, in get_attr
    return getattr(get_module(modulename), methodname)
AttributeError: module 'practice_app.overrides' has no attribute 'get_sender_details'

Traceback (most recent call last):
  File "apps/frappe/frappe/handler.py", line 75, in execute_cmd
    method = get_attr(cmd)
  File "apps/frappe/frappe/handler.py", line 259, in get_attr
    method = frappe.get_attr(cmd)
  File "apps/frappe/frappe/__init__.py", line 1137, in get_attr
    return getattr(get_module(modulename), methodname)
AttributeError: module 'practice_app.api' has no attribute 'get_detail_email'

During handling of the above exception, another exception occurred:

Traceback (most recent call last):
  File "apps/frappe/frappe/app.py", line 121, in application
    response = frappe.api.handle(request)
  File "apps/frappe/frappe/api/__init__.py", line 63, in handle
    data = endpoint(**arguments)
  File "apps/frappe/frappe/api/v1.py", line 40, in handle_rpc_call
    return frappe.handler.handle()
           ~~~~~~~~~~~~~~~~~~~~~^^
  File "apps/frappe/frappe/handler.py", line 53, in handle
    data = execute_cmd(cmd)
  File "apps/frappe/frappe/handler.py", line 77, in execute_cmd
    frappe.throw(_("Failed to get method for command {0} with {1}").format(cmd, str(e)))
    ~~~~~~~~~~~~^^^^^^^^^^^^^^^^^^^^^^^^^^^^^^^^^^^^^^^^^^^^^^^^^^^^^^^^^^^^^^^^^^^^^^^^
  File "apps/frappe/frappe/utils/messages.py", line 159, in throw
    msgprint(
    ~~~~~~~~^
    	msg,
     ^^^^
    ...<7 lines>...
    	allow_dangerous_html=allow_dangerous_html,
     ^^^^^^^^^^^^^^^^^^^^^^^^^^^^^^^^^^^^^^^^^^
    )
    ^
  File "apps/frappe/frappe/utils/messages.py", line 118, in msgprint
    _raise_exception()
    ~~~~~~~~~~~~~~~~^^
  File "apps/frappe/frappe/utils/messages.py", line 59, in _raise_exception
    raise exc
frappe.exceptions.ValidationError: Failed to get method for command practice_app.api.get_detail_email with module 'practice_app.api' has no attribute 'get_detail_email'

Traceback (most recent call last):
  File "apps/frappe/frappe/handler.py", line 75, in execute_cmd
    method = get_attr(cmd)
  File "apps/frappe/frappe/handler.py", line 259, in get_attr
    method = frappe.get_attr(cmd)
  File "apps/frappe/frappe/__init__.py", line 1137, in get_attr
    return getattr(get_module(modulename), methodname)
AttributeError: module 'practice_app.api' has no attribute 'get_detail_email'

During handling of the above exception, another exception occurred:

Traceback (most recent call last):
  File "apps/frappe/frappe/app.py", line 121, in application
    response = frappe.api.handle(request)
  File "apps/frappe/frappe/api/__init__.py", line 63, in handle
    data = endpoint(**arguments)
  File "apps/frappe/frappe/api/v1.py", line 40, in handle_rpc_call
    return frappe.handler.handle()
           ~~~~~~~~~~~~~~~~~~~~~^^
  File "apps/frappe/frappe/handler.py", line 53, in handle
    data = execute_cmd(cmd)
  File "apps/frappe/frappe/handler.py", line 77, in execute_cmd
    frappe.throw(_("Failed to get method for command {0} with {1}").format(cmd, str(e)))
    ~~~~~~~~~~~~^^^^^^^^^^^^^^^^^^^^^^^^^^^^^^^^^^^^^^^^^^^^^^^^^^^^^^^^^^^^^^^^^^^^^^^^
  File "apps/frappe/frappe/utils/messages.py", line 159, in throw
    msgprint(
    ~~~~~~~~^
    	msg,
     ^^^^
    ...<7 lines>...
    	allow_dangerous_html=allow_dangerous_html,
     ^^^^^^^^^^^^^^^^^^^^^^^^^^^^^^^^^^^^^^^^^^
    )
    ^
  File "apps/frappe/frappe/utils/messages.py", line 118, in msgprint
    _raise_exception()
    ~~~~~~~~~~~~~~~~^^
  File "apps/frappe/frappe/utils/messages.py", line 59, in _raise_exception
    raise exc
frappe.exceptions.ValidationError: Failed to get method for command practice_app.api.get_detail_email with module 'practice_app.api' has no attribute 'get_detail_email'

Traceback (most recent call last):
  File "apps/frappe/frappe/handler.py", line 75, in execute_cmd
    method = get_attr(cmd)
  File "apps/frappe/frappe/handler.py", line 259, in get_attr
    method = frappe.get_attr(cmd)
  File "apps/frappe/frappe/__init__.py", line 1137, in get_attr
    return getattr(get_module(modulename), methodname)
AttributeError: module 'practice_app.api' has no attribute 'get_detail_email'

During handling of the above exception, another exception occurred:

Traceback (most recent call last):
  File "apps/frappe/frappe/app.py", line 121, in application
    response = frappe.api.handle(request)
  File "apps/frappe/frappe/api/__init__.py", line 63, in handle
    data = endpoint(**arguments)
  File "apps/frappe/frappe/api/v1.py", line 40, in handle_rpc_call
    return frappe.handler.handle()
           ~~~~~~~~~~~~~~~~~~~~~^^
  File "apps/frappe/frappe/handler.py", line 53, in handle
    data = execute_cmd(cmd)
  File "apps/frappe/frappe/handler.py", line 77, in execute_cmd
    frappe.throw(_("Failed to get method for command {0} with {1}").format(cmd, str(e)))
    ~~~~~~~~~~~~^^^^^^^^^^^^^^^^^^^^^^^^^^^^^^^^^^^^^^^^^^^^^^^^^^^^^^^^^^^^^^^^^^^^^^^^
  File "apps/frappe/frappe/utils/messages.py", line 159, in throw
    msgprint(
    ~~~~~~~~^
    	msg,
     ^^^^
    ...<7 lines>...
    	allow_dangerous_html=allow_dangerous_html,
     ^^^^^^^^^^^^^^^^^^^^^^^^^^^^^^^^^^^^^^^^^^
    )
    ^
  File "apps/frappe/frappe/utils/messages.py", line 118, in msgprint
    _raise_exception()
    ~~~~~~~~~~~~~~~~^^
  File "apps/frappe/frappe/utils/messages.py", line 59, in _raise_exception
    raise exc
frappe.exceptions.ValidationError: Failed to get method for command practice_app.api.get_detail_email with module 'practice_app.api' has no attribute 'get_detail_email'

Traceback (most recent call last):
  File "apps/frappe/frappe/handler.py", line 75, in execute_cmd
    method = get_attr(cmd)
  File "apps/frappe/frappe/handler.py", line 259, in get_attr
    method = frappe.get_attr(cmd)
  File "apps/frappe/frappe/__init__.py", line 1137, in get_attr
    return getattr(get_module(modulename), methodname)
AttributeError: module 'practice_app.api' has no attribute 'update_status'

During handling of the above exception, another exception occurred:

Traceback (most recent call last):
  File "apps/frappe/frappe/app.py", line 121, in application
    response = frappe.api.handle(request)
  File "apps/frappe/frappe/api/__init__.py", line 63, in handle
    data = endpoint(**arguments)
  File "apps/frappe/frappe/api/v1.py", line 40, in handle_rpc_call
    return frappe.handler.handle()
           ~~~~~~~~~~~~~~~~~~~~~^^
  File "apps/frappe/frappe/handler.py", line 53, in handle
    data = execute_cmd(cmd)
  File "apps/frappe/frappe/handler.py", line 77, in execute_cmd
    frappe.throw(_("Failed to get method for command {0} with {1}").format(cmd, str(e)))
    ~~~~~~~~~~~~^^^^^^^^^^^^^^^^^^^^^^^^^^^^^^^^^^^^^^^^^^^^^^^^^^^^^^^^^^^^^^^^^^^^^^^^
  File "apps/frappe/frappe/utils/messages.py", line 159, in throw
    msgprint(
    ~~~~~~~~^
    	msg,
     ^^^^
    ...<7 lines>...
    	allow_dangerous_html=allow_dangerous_html,
     ^^^^^^^^^^^^^^^^^^^^^^^^^^^^^^^^^^^^^^^^^^
    )
    ^
  File "apps/frappe/frappe/utils/messages.py", line 118, in msgprint
    _raise_exception()
    ~~~~~~~~~~~~~~~~^^
  File "apps/frappe/frappe/utils/messages.py", line 59, in _raise_exception
    raise exc
frappe.exceptions.ValidationError: Failed to get method for command practice_app.api.update_status with module 'practice_app.api' has no attribute 'update_status'

Traceback (most recent call last):
  File "apps/frappe/frappe/handler.py", line 75, in execute_cmd
    method = get_attr(cmd)
  File "apps/frappe/frappe/handler.py", line 259, in get_attr
    method = frappe.get_attr(cmd)
  File "apps/frappe/frappe/__init__.py", line 1137, in get_attr
    return getattr(get_module(modulename), methodname)
AttributeError: module 'practice_app.api' has no attribute 'count_details'. Did you mean: 'get_details'?

During handling of the above exception, another exception occurred:

Traceback (most recent call last):
  File "apps/frappe/frappe/app.py", line 121, in application
    response = frappe.api.handle(request)
  File "apps/frappe/frappe/api/__init__.py", line 63, in handle
    data = endpoint(**arguments)
  File "apps/frappe/frappe/api/v1.py", line 40, in handle_rpc_call
    return frappe.handler.handle()
           ~~~~~~~~~~~~~~~~~~~~~^^
  File "apps/frappe/frappe/handler.py", line 53, in handle
    data = execute_cmd(cmd)
  File "apps/frappe/frappe/handler.py", line 77, in execute_cmd
    frappe.throw(_("Failed to get method for command {0} with {1}").format(cmd, str(e)))
    ~~~~~~~~~~~~^^^^^^^^^^^^^^^^^^^^^^^^^^^^^^^^^^^^^^^^^^^^^^^^^^^^^^^^^^^^^^^^^^^^^^^^
  File "apps/frappe/frappe/utils/messages.py", line 159, in throw
    msgprint(
    ~~~~~~~~^
    	msg,
     ^^^^
    ...<7 lines>...
    	allow_dangerous_html=allow_dangerous_html,
     ^^^^^^^^^^^^^^^^^^^^^^^^^^^^^^^^^^^^^^^^^^
    )
    ^
  File "apps/frappe/frappe/utils/messages.py", line 118, in msgprint
    _raise_exception()
    ~~~~~~~~~~~~~~~~^^
  File "apps/frappe/frappe/utils/messages.py", line 59, in _raise_exception
    raise exc
frappe.exceptions.ValidationError: Failed to get method for command practice_app.api.count_details with module 'practice_app.api' has no attribute 'count_details'

Traceback (most recent call last):
  File "apps/frappe/frappe/handler.py", line 75, in execute_cmd
    method = get_attr(cmd)
  File "apps/frappe/frappe/handler.py", line 259, in get_attr
    method = frappe.get_attr(cmd)
  File "apps/frappe/frappe/__init__.py", line 1137, in get_attr
    return getattr(get_module(modulename), methodname)
AttributeError: module 'practice_app.api' has no attribute 'check_detail_exists'

During handling of the above exception, another exception occurred:

Traceback (most recent call last):
  File "apps/frappe/frappe/app.py", line 121, in application
    response = frappe.api.handle(request)
  File "apps/frappe/frappe/api/__init__.py", line 63, in handle
    data = endpoint(**arguments)
  File "apps/frappe/frappe/api/v1.py", line 40, in handle_rpc_call
    return frappe.handler.handle()
           ~~~~~~~~~~~~~~~~~~~~~^^
  File "apps/frappe/frappe/handler.py", line 53, in handle
    data = execute_cmd(cmd)
  File "apps/frappe/frappe/handler.py", line 77, in execute_cmd
    frappe.throw(_("Failed to get method for command {0} with {1}").format(cmd, str(e)))
    ~~~~~~~~~~~~^^^^^^^^^^^^^^^^^^^^^^^^^^^^^^^^^^^^^^^^^^^^^^^^^^^^^^^^^^^^^^^^^^^^^^^^
  File "apps/frappe/frappe/utils/messages.py", line 159, in throw
    msgprint(
    ~~~~~~~~^
    	msg,
     ^^^^
    ...<7 lines>...
    	allow_dangerous_html=allow_dangerous_html,
     ^^^^^^^^^^^^^^^^^^^^^^^^^^^^^^^^^^^^^^^^^^
    )
    ^
  File "apps/frappe/frappe/utils/messages.py", line 118, in msgprint
    _raise_exception()
    ~~~~~~~~~~~~~~~~^^
  File "apps/frappe/frappe/utils/messages.py", line 59, in _raise_exception
    raise exc
frappe.exceptions.ValidationError: Failed to get method for command practice_app.api.check_detail_exists with module 'practice_app.api' has no attribute 'check_detail_exists'

Traceback (most recent call last):
  File "apps/frappe/frappe/handler.py", line 75, in execute_cmd
    method = get_attr(cmd)
  File "apps/frappe/frappe/handler.py", line 259, in get_attr
    method = frappe.get_attr(cmd)
  File "apps/frappe/frappe/__init__.py", line 1137, in get_attr
    return getattr(get_module(modulename), methodname)
AttributeError: module 'practice_app.api' has no attribute 'count_details'. Did you mean: 'get_details'?

During handling of the above exception, another exception occurred:

Traceback (most recent call last):
  File "apps/frappe/frappe/app.py", line 121, in application
    response = frappe.api.handle(request)
  File "apps/frappe/frappe/api/__init__.py", line 63, in handle
    data = endpoint(**arguments)
  File "apps/frappe/frappe/api/v1.py", line 40, in handle_rpc_call
    return frappe.handler.handle()
           ~~~~~~~~~~~~~~~~~~~~~^^
  File "apps/frappe/frappe/handler.py", line 53, in handle
    data = execute_cmd(cmd)
  File "apps/frappe/frappe/handler.py", line 77, in execute_cmd
    frappe.throw(_("Failed to get method for command {0} with {1}").format(cmd, str(e)))
    ~~~~~~~~~~~~^^^^^^^^^^^^^^^^^^^^^^^^^^^^^^^^^^^^^^^^^^^^^^^^^^^^^^^^^^^^^^^^^^^^^^^^
  File "apps/frappe/frappe/utils/messages.py", line 159, in throw
    msgprint(
    ~~~~~~~~^
    	msg,
     ^^^^
    ...<7 lines>...
    	allow_dangerous_html=allow_dangerous_html,
     ^^^^^^^^^^^^^^^^^^^^^^^^^^^^^^^^^^^^^^^^^^
    )
    ^
  File "apps/frappe/frappe/utils/messages.py", line 118, in msgprint
    _raise_exception()
    ~~~~~~~~~~~~~~~~^^
  File "apps/frappe/frappe/utils/messages.py", line 59, in _raise_exception
    raise exc
frappe.exceptions.ValidationError: Failed to get method for command practice_app.api.count_details with module 'practice_app.api' has no attribute 'count_details'

Traceback (most recent call last):
  File "apps/frappe/frappe/handler.py", line 75, in execute_cmd
    method = get_attr(cmd)
  File "apps/frappe/frappe/handler.py", line 259, in get_attr
    method = frappe.get_attr(cmd)
  File "apps/frappe/frappe/__init__.py", line 1137, in get_attr
    return getattr(get_module(modulename), methodname)
AttributeError: module 'practice_app.api' has no attribute 'count_details'. Did you mean: 'get_details'?

During handling of the above exception, another exception occurred:

Traceback (most recent call last):
  File "apps/frappe/frappe/app.py", line 121, in application
    response = frappe.api.handle(request)
  File "apps/frappe/frappe/api/__init__.py", line 63, in handle
    data = endpoint(**arguments)
  File "apps/frappe/frappe/api/v1.py", line 40, in handle_rpc_call
    return frappe.handler.handle()
           ~~~~~~~~~~~~~~~~~~~~~^^
  File "apps/frappe/frappe/handler.py", line 53, in handle
    data = execute_cmd(cmd)
  File "apps/frappe/frappe/handler.py", line 77, in execute_cmd
    frappe.throw(_("Failed to get method for command {0} with {1}").format(cmd, str(e)))
    ~~~~~~~~~~~~^^^^^^^^^^^^^^^^^^^^^^^^^^^^^^^^^^^^^^^^^^^^^^^^^^^^^^^^^^^^^^^^^^^^^^^^
  File "apps/frappe/frappe/utils/messages.py", line 159, in throw
    msgprint(
    ~~~~~~~~^
    	msg,
     ^^^^
    ...<7 lines>...
    	allow_dangerous_html=allow_dangerous_html,
     ^^^^^^^^^^^^^^^^^^^^^^^^^^^^^^^^^^^^^^^^^^
    )
    ^
  File "apps/frappe/frappe/utils/messages.py", line 118, in msgprint
    _raise_exception()
    ~~~~~~~~~~~~~~~~^^
  File "apps/frappe/frappe/utils/messages.py", line 59, in _raise_exception
    raise exc
frappe.exceptions.ValidationError: Failed to get method for command practice_app.api.count_details with module 'practice_app.api' has no attribute 'count_details'

Traceback (most recent call last):
  File "apps/frappe/frappe/handler.py", line 75, in execute_cmd
    method = get_attr(cmd)
  File "apps/frappe/frappe/handler.py", line 259, in get_attr
    method = frappe.get_attr(cmd)
  File "apps/frappe/frappe/__init__.py", line 1137, in get_attr
    return getattr(get_module(modulename), methodname)
AttributeError: module 'practice_app.api' has no attribute 'count_details'. Did you mean: 'get_details'?

During handling of the above exception, another exception occurred:

Traceback (most recent call last):
  File "apps/frappe/frappe/app.py", line 121, in application
    response = frappe.api.handle(request)
  File "apps/frappe/frappe/api/__init__.py", line 63, in handle
    data = endpoint(**arguments)
  File "apps/frappe/frappe/api/v1.py", line 40, in handle_rpc_call
    return frappe.handler.handle()
           ~~~~~~~~~~~~~~~~~~~~~^^
  File "apps/frappe/frappe/handler.py", line 53, in handle
    data = execute_cmd(cmd)
  File "apps/frappe/frappe/handler.py", line 77, in execute_cmd
    frappe.throw(_("Failed to get method for command {0} with {1}").format(cmd, str(e)))
    ~~~~~~~~~~~~^^^^^^^^^^^^^^^^^^^^^^^^^^^^^^^^^^^^^^^^^^^^^^^^^^^^^^^^^^^^^^^^^^^^^^^^
  File "apps/frappe/frappe/utils/messages.py", line 159, in throw
    msgprint(
    ~~~~~~~~^
    	msg,
     ^^^^
    ...<7 lines>...
    	allow_dangerous_html=allow_dangerous_html,
     ^^^^^^^^^^^^^^^^^^^^^^^^^^^^^^^^^^^^^^^^^^
    )
    ^
  File "apps/frappe/frappe/utils/messages.py", line 118, in msgprint
    _raise_exception()
    ~~~~~~~~~~~~~~~~^^
  File "apps/frappe/frappe/utils/messages.py", line 59, in _raise_exception
    raise exc
frappe.exceptions.ValidationError: Failed to get method for command practice_app.api.count_details with module 'practice_app.api' has no attribute 'count_details'

Traceback (most recent call last):
  File "apps/frappe/frappe/handler.py", line 75, in execute_cmd
    method = get_attr(cmd)
  File "apps/frappe/frappe/handler.py", line 259, in get_attr
    method = frappe.get_attr(cmd)
  File "apps/frappe/frappe/__init__.py", line 1137, in get_attr
    return getattr(get_module(modulename), methodname)
AttributeError: module 'practice_app.api' has no attribute 'count_details'. Did you mean: 'get_details'?

During handling of the above exception, another exception occurred:

Traceback (most recent call last):
  File "apps/frappe/frappe/app.py", line 121, in application
    response = frappe.api.handle(request)
  File "apps/frappe/frappe/api/__init__.py", line 63, in handle
    data = endpoint(**arguments)
  File "apps/frappe/frappe/api/v1.py", line 40, in handle_rpc_call
    return frappe.handler.handle()
           ~~~~~~~~~~~~~~~~~~~~~^^
  File "apps/frappe/frappe/handler.py", line 53, in handle
    data = execute_cmd(cmd)
  File "apps/frappe/frappe/handler.py", line 77, in execute_cmd
    frappe.throw(_("Failed to get method for command {0} with {1}").format(cmd, str(e)))
    ~~~~~~~~~~~~^^^^^^^^^^^^^^^^^^^^^^^^^^^^^^^^^^^^^^^^^^^^^^^^^^^^^^^^^^^^^^^^^^^^^^^^
  File "apps/frappe/frappe/utils/messages.py", line 159, in throw
    msgprint(
    ~~~~~~~~^
    	msg,
     ^^^^
    ...<7 lines>...
    	allow_dangerous_html=allow_dangerous_html,
     ^^^^^^^^^^^^^^^^^^^^^^^^^^^^^^^^^^^^^^^^^^
    )
    ^
  File "apps/frappe/frappe/utils/messages.py", line 118, in msgprint
    _raise_exception()
    ~~~~~~~~~~~~~~~~^^
  File "apps/frappe/frappe/utils/messages.py", line 59, in _raise_exception
    raise exc
frappe.exceptions.ValidationError: Failed to get method for command practice_app.api.count_details with module 'practice_app.api' has no attribute 'count_details'

Traceback (most recent call last):
  File "apps/frappe/frappe/handler.py", line 75, in execute_cmd
    method = get_attr(cmd)
  File "apps/frappe/frappe/handler.py", line 259, in get_attr
    method = frappe.get_attr(cmd)
  File "apps/frappe/frappe/__init__.py", line 1137, in get_attr
    return getattr(get_module(modulename), methodname)
AttributeError: module 'practice_app.api' has no attribute 'count_details'. Did you mean: 'get_details'?

During handling of the above exception, another exception occurred:

Traceback (most recent call last):
  File "apps/frappe/frappe/app.py", line 121, in application
    response = frappe.api.handle(request)
  File "apps/frappe/frappe/api/__init__.py", line 63, in handle
    data = endpoint(**arguments)
  File "apps/frappe/frappe/api/v1.py", line 40, in handle_rpc_call
    return frappe.handler.handle()
           ~~~~~~~~~~~~~~~~~~~~~^^
  File "apps/frappe/frappe/handler.py", line 53, in handle
    data = execute_cmd(cmd)
  File "apps/frappe/frappe/handler.py", line 77, in execute_cmd
    frappe.throw(_("Failed to get method for command {0} with {1}").format(cmd, str(e)))
    ~~~~~~~~~~~~^^^^^^^^^^^^^^^^^^^^^^^^^^^^^^^^^^^^^^^^^^^^^^^^^^^^^^^^^^^^^^^^^^^^^^^^
  File "apps/frappe/frappe/utils/messages.py", line 159, in throw
    msgprint(
    ~~~~~~~~^
    	msg,
     ^^^^
    ...<7 lines>...
    	allow_dangerous_html=allow_dangerous_html,
     ^^^^^^^^^^^^^^^^^^^^^^^^^^^^^^^^^^^^^^^^^^
    )
    ^
  File "apps/frappe/frappe/utils/messages.py", line 118, in msgprint
    _raise_exception()
    ~~~~~~~~~~~~~~~~^^
  File "apps/frappe/frappe/utils/messages.py", line 59, in _raise_exception
    raise exc
frappe.exceptions.ValidationError: Failed to get method for command practice_app.api.count_details with module 'practice_app.api' has no attribute 'count_details'

Traceback (most recent call last):
  File "apps/frappe/frappe/handler.py", line 75, in execute_cmd
    method = get_attr(cmd)
  File "apps/frappe/frappe/handler.py", line 259, in get_attr
    method = frappe.get_attr(cmd)
  File "apps/frappe/frappe/__init__.py", line 1137, in get_attr
    return getattr(get_module(modulename), methodname)
AttributeError: module 'practice_app.api' has no attribute 'count_details'. Did you mean: 'get_details'?

During handling of the above exception, another exception occurred:

Traceback (most recent call last):
  File "apps/frappe/frappe/app.py", line 121, in application
    response = frappe.api.handle(request)
  File "apps/frappe/frappe/api/__init__.py", line 63, in handle
    data = endpoint(**arguments)
  File "apps/frappe/frappe/api/v1.py", line 40, in handle_rpc_call
    return frappe.handler.handle()
           ~~~~~~~~~~~~~~~~~~~~~^^
  File "apps/frappe/frappe/handler.py", line 53, in handle
    data = execute_cmd(cmd)
  File "apps/frappe/frappe/handler.py", line 77, in execute_cmd
    frappe.throw(_("Failed to get method for command {0} with {1}").format(cmd, str(e)))
    ~~~~~~~~~~~~^^^^^^^^^^^^^^^^^^^^^^^^^^^^^^^^^^^^^^^^^^^^^^^^^^^^^^^^^^^^^^^^^^^^^^^^
  File "apps/frappe/frappe/utils/messages.py", line 159, in throw
    msgprint(
    ~~~~~~~~^
    	msg,
     ^^^^
    ...<7 lines>...
    	allow_dangerous_html=allow_dangerous_html,
     ^^^^^^^^^^^^^^^^^^^^^^^^^^^^^^^^^^^^^^^^^^
    )
    ^
  File "apps/frappe/frappe/utils/messages.py", line 118, in msgprint
    _raise_exception()
    ~~~~~~~~~~~~~~~~^^
  File "apps/frappe/frappe/utils/messages.py", line 59, in _raise_exception
    raise exc
frappe.exceptions.ValidationError: Failed to get method for command practice_app.api.count_details with module 'practice_app.api' has no attribute 'count_details'

Traceback (most recent call last):
  File "apps/frappe/frappe/handler.py", line 75, in execute_cmd
    method = get_attr(cmd)
  File "apps/frappe/frappe/handler.py", line 259, in get_attr
    method = frappe.get_attr(cmd)
  File "apps/frappe/frappe/__init__.py", line 1137, in get_attr
    return getattr(get_module(modulename), methodname)
AttributeError: module 'practice_app.api' has no attribute 'count_details'. Did you mean: 'get_details'?

During handling of the above exception, another exception occurred:

Traceback (most recent call last):
  File "apps/frappe/frappe/app.py", line 121, in application
    response = frappe.api.handle(request)
  File "apps/frappe/frappe/api/__init__.py", line 63, in handle
    data = endpoint(**arguments)
  File "apps/frappe/frappe/api/v1.py", line 40, in handle_rpc_call
    return frappe.handler.handle()
           ~~~~~~~~~~~~~~~~~~~~~^^
  File "apps/frappe/frappe/handler.py", line 53, in handle
    data = execute_cmd(cmd)
  File "apps/frappe/frappe/handler.py", line 77, in execute_cmd
    frappe.throw(_("Failed to get method for command {0} with {1}").format(cmd, str(e)))
    ~~~~~~~~~~~~^^^^^^^^^^^^^^^^^^^^^^^^^^^^^^^^^^^^^^^^^^^^^^^^^^^^^^^^^^^^^^^^^^^^^^^^
  File "apps/frappe/frappe/utils/messages.py", line 159, in throw
    msgprint(
    ~~~~~~~~^
    	msg,
     ^^^^
    ...<7 lines>...
    	allow_dangerous_html=allow_dangerous_html,
     ^^^^^^^^^^^^^^^^^^^^^^^^^^^^^^^^^^^^^^^^^^
    )
    ^
  File "apps/frappe/frappe/utils/messages.py", line 118, in msgprint
    _raise_exception()
    ~~~~~~~~~~~~~~~~^^
  File "apps/frappe/frappe/utils/messages.py", line 59, in _raise_exception
    raise exc
frappe.exceptions.ValidationError: Failed to get method for command practice_app.api.count_details with module 'practice_app.api' has no attribute 'count_details'

Traceback (most recent call last):
  File "apps/frappe/frappe/database/database.py", line 272, in sql
    self.execute_query(query, values)
    ~~~~~~~~~~~~~~~~~~^^^^^^^^^^^^^^^
  File "apps/frappe/frappe/database/database.py", line 372, in execute_query
    return self._cursor.execute(query, values)
           ~~~~~~~~~~~~~~~~~~~~^^^^^^^^^^^^^^^
  File "env/lib/python3.14/site-packages/MySQLdb/cursors.py", line 179, in execute
    res = self._query(mogrified_query)
  File "env/lib/python3.14/site-packages/MySQLdb/cursors.py", line 330, in _query
    db.query(q)
    ~~~~~~~~^^^
  File "env/lib/python3.14/site-packages/MySQLdb/connections.py", line 280, in query
    _mysql.connection.query(self, query)
    ~~~~~~~~~~~~~~~~~~~~~~~^^^^^^^^^^^^^
MySQLdb.OperationalError: (1205, 'Lock wait timeout exceeded; try restarting transaction')

The above exception was the direct cause of the following exception:

Traceback (most recent call last):
  File "apps/frappe/frappe/app.py", line 121, in application
    response = frappe.api.handle(request)
  File "apps/frappe/frappe/api/__init__.py", line 63, in handle
    data = endpoint(**arguments)
  File "apps/frappe/frappe/api/v1.py", line 40, in handle_rpc_call
    return frappe.handler.handle()
           ~~~~~~~~~~~~~~~~~~~~~^^
  File "apps/frappe/frappe/handler.py", line 53, in handle
    data = execute_cmd(cmd)
  File "apps/frappe/frappe/handler.py", line 86, in execute_cmd
    return frappe.call(method, **frappe.form_dict)
           ~~~~~~~~~~~^^^^^^^^^^^^^^^^^^^^^^^^^^^^
  File "apps/frappe/frappe/__init__.py", line 1147, in call
    return fn(*args, **newargs)
  File "apps/frappe/frappe/utils/typing_validations.py", line 36, in wrapper
    return func(*args, **kwargs)
  File "apps/practice_app/practice_app/api.py", line 105, in update_status
    return frappe.db.set_value(
           ~~~~~~~~~~~~~~~~~~~^
        "Details",
        ^^^^^^^^^^
    ...<2 lines>...
        status
        ^^^^^^
    )
    ^
  File "apps/frappe/frappe/database/database.py", line 1001, in set_value
    query.run(debug=debug)
    ~~~~~~~~~^^^^^^^^^^^^^
  File "apps/frappe/frappe/query_builder/utils.py", line 131, in execute_query
    result = frappe.local.db.sql(query, params, *args, **kwargs)  # nosemgrep
  File "apps/frappe/frappe/database/database.py", line 281, in sql
    raise frappe.QueryTimeoutError(e) from e
frappe.exceptions.QueryTimeoutError: (1205, 'Lock wait timeout exceeded; try restarting transaction')

Traceback (most recent call last):
  File "apps/frappe/frappe/handler.py", line 75, in execute_cmd
    method = get_attr(cmd)
  File "apps/frappe/frappe/handler.py", line 259, in get_attr
    method = frappe.get_attr(cmd)
  File "apps/frappe/frappe/__init__.py", line 1137, in get_attr
    return getattr(get_module(modulename), methodname)
AttributeError: module 'practice_app.api' has no attribute 'count_details'. Did you mean: 'get_details'?

During handling of the above exception, another exception occurred:

Traceback (most recent call last):
  File "apps/frappe/frappe/app.py", line 121, in application
    response = frappe.api.handle(request)
  File "apps/frappe/frappe/api/__init__.py", line 63, in handle
    data = endpoint(**arguments)
  File "apps/frappe/frappe/api/v1.py", line 40, in handle_rpc_call
    return frappe.handler.handle()
           ~~~~~~~~~~~~~~~~~~~~~^^
  File "apps/frappe/frappe/handler.py", line 53, in handle
    data = execute_cmd(cmd)
  File "apps/frappe/frappe/handler.py", line 77, in execute_cmd
    frappe.throw(_("Failed to get method for command {0} with {1}").format(cmd, str(e)))
    ~~~~~~~~~~~~^^^^^^^^^^^^^^^^^^^^^^^^^^^^^^^^^^^^^^^^^^^^^^^^^^^^^^^^^^^^^^^^^^^^^^^^
  File "apps/frappe/frappe/utils/messages.py", line 159, in throw
    msgprint(
    ~~~~~~~~^
    	msg,
     ^^^^
    ...<7 lines>...
    	allow_dangerous_html=allow_dangerous_html,
     ^^^^^^^^^^^^^^^^^^^^^^^^^^^^^^^^^^^^^^^^^^
    )
    ^
  File "apps/frappe/frappe/utils/messages.py", line 118, in msgprint
    _raise_exception()
    ~~~~~~~~~~~~~~~~^^
  File "apps/frappe/frappe/utils/messages.py", line 59, in _raise_exception
    raise exc
frappe.exceptions.ValidationError: Failed to get method for command practice_app.api.count_details with module 'practice_app.api' has no attribute 'count_details'

Traceback (most recent call last):
  File "apps/frappe/frappe/handler.py", line 75, in execute_cmd
    method = get_attr(cmd)
  File "apps/frappe/frappe/handler.py", line 259, in get_attr
    method = frappe.get_attr(cmd)
  File "apps/frappe/frappe/__init__.py", line 1137, in get_attr
    return getattr(get_module(modulename), methodname)
AttributeError: module 'practice_app.api' has no attribute 'count_details'. Did you mean: 'get_details'?

During handling of the above exception, another exception occurred:

Traceback (most recent call last):
  File "apps/frappe/frappe/app.py", line 121, in application
    response = frappe.api.handle(request)
  File "apps/frappe/frappe/api/__init__.py", line 63, in handle
    data = endpoint(**arguments)
  File "apps/frappe/frappe/api/v1.py", line 40, in handle_rpc_call
    return frappe.handler.handle()
           ~~~~~~~~~~~~~~~~~~~~~^^
  File "apps/frappe/frappe/handler.py", line 53, in handle
    data = execute_cmd(cmd)
  File "apps/frappe/frappe/handler.py", line 77, in execute_cmd
    frappe.throw(_("Failed to get method for command {0} with {1}").format(cmd, str(e)))
    ~~~~~~~~~~~~^^^^^^^^^^^^^^^^^^^^^^^^^^^^^^^^^^^^^^^^^^^^^^^^^^^^^^^^^^^^^^^^^^^^^^^^
  File "apps/frappe/frappe/utils/messages.py", line 159, in throw
    msgprint(
    ~~~~~~~~^
    	msg,
     ^^^^
    ...<7 lines>...
    	allow_dangerous_html=allow_dangerous_html,
     ^^^^^^^^^^^^^^^^^^^^^^^^^^^^^^^^^^^^^^^^^^
    )
    ^
  File "apps/frappe/frappe/utils/messages.py", line 118, in msgprint
    _raise_exception()
    ~~~~~~~~~~~~~~~~^^
  File "apps/frappe/frappe/utils/messages.py", line 59, in _raise_exception
    raise exc
frappe.exceptions.ValidationError: Failed to get method for command practice_app.api.count_details with module 'practice_app.api' has no attribute 'count_details'

Traceback (most recent call last):
  File "apps/frappe/frappe/handler.py", line 75, in execute_cmd
    method = get_attr(cmd)
  File "apps/frappe/frappe/handler.py", line 259, in get_attr
    method = frappe.get_attr(cmd)
  File "apps/frappe/frappe/__init__.py", line 1137, in get_attr
    return getattr(get_module(modulename), methodname)
AttributeError: module 'practice_app.api' has no attribute 'get_detail_info'. Did you mean: 'get_detail_email'?

During handling of the above exception, another exception occurred:

Traceback (most recent call last):
  File "apps/frappe/frappe/app.py", line 121, in application
    response = frappe.api.handle(request)
  File "apps/frappe/frappe/api/__init__.py", line 63, in handle
    data = endpoint(**arguments)
  File "apps/frappe/frappe/api/v1.py", line 40, in handle_rpc_call
    return frappe.handler.handle()
           ~~~~~~~~~~~~~~~~~~~~~^^
  File "apps/frappe/frappe/handler.py", line 53, in handle
    data = execute_cmd(cmd)
  File "apps/frappe/frappe/handler.py", line 77, in execute_cmd
    frappe.throw(_("Failed to get method for command {0} with {1}").format(cmd, str(e)))
    ~~~~~~~~~~~~^^^^^^^^^^^^^^^^^^^^^^^^^^^^^^^^^^^^^^^^^^^^^^^^^^^^^^^^^^^^^^^^^^^^^^^^
  File "apps/frappe/frappe/utils/messages.py", line 159, in throw
    msgprint(
    ~~~~~~~~^
    	msg,
     ^^^^
    ...<7 lines>...
    	allow_dangerous_html=allow_dangerous_html,
     ^^^^^^^^^^^^^^^^^^^^^^^^^^^^^^^^^^^^^^^^^^
    )
    ^
  File "apps/frappe/frappe/utils/messages.py", line 118, in msgprint
    _raise_exception()
    ~~~~~~~~~~~~~~~~^^
  File "apps/frappe/frappe/utils/messages.py", line 59, in _raise_exception
    raise exc
frappe.exceptions.ValidationError: Failed to get method for command practice_app.api.get_detail_info with module 'practice_app.api' has no attribute 'get_detail_info'

Traceback (most recent call last):
  File "apps/frappe/frappe/handler.py", line 75, in execute_cmd
    method = get_attr(cmd)
  File "apps/frappe/frappe/handler.py", line 259, in get_attr
    method = frappe.get_attr(cmd)
  File "apps/frappe/frappe/__init__.py", line 1137, in get_attr
    return getattr(get_module(modulename), methodname)
AttributeError: module 'practice_app.api' has no attribute 'update_status'

During handling of the above exception, another exception occurred:

Traceback (most recent call last):
  File "apps/frappe/frappe/app.py", line 121, in application
    response = frappe.api.handle(request)
  File "apps/frappe/frappe/api/__init__.py", line 63, in handle
    data = endpoint(**arguments)
  File "apps/frappe/frappe/api/v1.py", line 40, in handle_rpc_call
    return frappe.handler.handle()
           ~~~~~~~~~~~~~~~~~~~~~^^
  File "apps/frappe/frappe/handler.py", line 53, in handle
    data = execute_cmd(cmd)
  File "apps/frappe/frappe/handler.py", line 77, in execute_cmd
    frappe.throw(_("Failed to get method for command {0} with {1}").format(cmd, str(e)))
    ~~~~~~~~~~~~^^^^^^^^^^^^^^^^^^^^^^^^^^^^^^^^^^^^^^^^^^^^^^^^^^^^^^^^^^^^^^^^^^^^^^^^
  File "apps/frappe/frappe/utils/messages.py", line 159, in throw
    msgprint(
    ~~~~~~~~^
    	msg,
     ^^^^
    ...<7 lines>...
    	allow_dangerous_html=allow_dangerous_html,
     ^^^^^^^^^^^^^^^^^^^^^^^^^^^^^^^^^^^^^^^^^^
    )
    ^
  File "apps/frappe/frappe/utils/messages.py", line 118, in msgprint
    _raise_exception()
    ~~~~~~~~~~~~~~~~^^
  File "apps/frappe/frappe/utils/messages.py", line 59, in _raise_exception
    raise exc
frappe.exceptions.ValidationError: Failed to get method for command practice_app.api.update_status with module 'practice_app.api' has no attribute 'update_status'

Traceback (most recent call last):
  File "apps/frappe/frappe/handler.py", line 75, in execute_cmd
    method = get_attr(cmd)
  File "apps/frappe/frappe/handler.py", line 259, in get_attr
    method = frappe.get_attr(cmd)
  File "apps/frappe/frappe/__init__.py", line 1137, in get_attr
    return getattr(get_module(modulename), methodname)
AttributeError: module 'practice_app.api' has no attribute 'update_status'

During handling of the above exception, another exception occurred:

Traceback (most recent call last):
  File "apps/frappe/frappe/app.py", line 121, in application
    response = frappe.api.handle(request)
  File "apps/frappe/frappe/api/__init__.py", line 63, in handle
    data = endpoint(**arguments)
  File "apps/frappe/frappe/api/v1.py", line 40, in handle_rpc_call
    return frappe.handler.handle()
           ~~~~~~~~~~~~~~~~~~~~~^^
  File "apps/frappe/frappe/handler.py", line 53, in handle
    data = execute_cmd(cmd)
  File "apps/frappe/frappe/handler.py", line 77, in execute_cmd
    frappe.throw(_("Failed to get method for command {0} with {1}").format(cmd, str(e)))
    ~~~~~~~~~~~~^^^^^^^^^^^^^^^^^^^^^^^^^^^^^^^^^^^^^^^^^^^^^^^^^^^^^^^^^^^^^^^^^^^^^^^^
  File "apps/frappe/frappe/utils/messages.py", line 159, in throw
    msgprint(
    ~~~~~~~~^
    	msg,
     ^^^^
    ...<7 lines>...
    	allow_dangerous_html=allow_dangerous_html,
     ^^^^^^^^^^^^^^^^^^^^^^^^^^^^^^^^^^^^^^^^^^
    )
    ^
  File "apps/frappe/frappe/utils/messages.py", line 118, in msgprint
    _raise_exception()
    ~~~~~~~~~~~~~~~~^^
  File "apps/frappe/frappe/utils/messages.py", line 59, in _raise_exception
    raise exc
frappe.exceptions.ValidationError: Failed to get method for command practice_app.api.update_status with module 'practice_app.api' has no attribute 'update_status'

Traceback (most recent call last):
  File "apps/frappe/frappe/handler.py", line 75, in execute_cmd
    method = get_attr(cmd)
  File "apps/frappe/frappe/handler.py", line 259, in get_attr
    method = frappe.get_attr(cmd)
  File "apps/frappe/frappe/__init__.py", line 1137, in get_attr
    return getattr(get_module(modulename), methodname)
AttributeError: module 'practice_app.api' has no attribute 'count_details'. Did you mean: 'get_details'?

During handling of the above exception, another exception occurred:

Traceback (most recent call last):
  File "apps/frappe/frappe/app.py", line 121, in application
    response = frappe.api.handle(request)
  File "apps/frappe/frappe/api/__init__.py", line 63, in handle
    data = endpoint(**arguments)
  File "apps/frappe/frappe/api/v1.py", line 40, in handle_rpc_call
    return frappe.handler.handle()
           ~~~~~~~~~~~~~~~~~~~~~^^
  File "apps/frappe/frappe/handler.py", line 53, in handle
    data = execute_cmd(cmd)
  File "apps/frappe/frappe/handler.py", line 77, in execute_cmd
    frappe.throw(_("Failed to get method for command {0} with {1}").format(cmd, str(e)))
    ~~~~~~~~~~~~^^^^^^^^^^^^^^^^^^^^^^^^^^^^^^^^^^^^^^^^^^^^^^^^^^^^^^^^^^^^^^^^^^^^^^^^
  File "apps/frappe/frappe/utils/messages.py", line 159, in throw
    msgprint(
    ~~~~~~~~^
    	msg,
     ^^^^
    ...<7 lines>...
    	allow_dangerous_html=allow_dangerous_html,
     ^^^^^^^^^^^^^^^^^^^^^^^^^^^^^^^^^^^^^^^^^^
    )
    ^
  File "apps/frappe/frappe/utils/messages.py", line 118, in msgprint
    _raise_exception()
    ~~~~~~~~~~~~~~~~^^
  File "apps/frappe/frappe/utils/messages.py", line 59, in _raise_exception
    raise exc
frappe.exceptions.ValidationError: Failed to get method for command practice_app.api.count_details with module 'practice_app.api' has no attribute 'count_details'

Traceback (most recent call last):
  File "apps/frappe/frappe/handler.py", line 75, in execute_cmd
    method = get_attr(cmd)
  File "apps/frappe/frappe/handler.py", line 259, in get_attr
    method = frappe.get_attr(cmd)
  File "apps/frappe/frappe/__init__.py", line 1137, in get_attr
    return getattr(get_module(modulename), methodname)
AttributeError: module 'practice_app.api' has no attribute 'count_details'. Did you mean: 'get_details'?

During handling of the above exception, another exception occurred:

Traceback (most recent call last):
  File "apps/frappe/frappe/app.py", line 121, in application
    response = frappe.api.handle(request)
  File "apps/frappe/frappe/api/__init__.py", line 63, in handle
    data = endpoint(**arguments)
  File "apps/frappe/frappe/api/v1.py", line 40, in handle_rpc_call
    return frappe.handler.handle()
           ~~~~~~~~~~~~~~~~~~~~~^^
  File "apps/frappe/frappe/handler.py", line 53, in handle
    data = execute_cmd(cmd)
  File "apps/frappe/frappe/handler.py", line 77, in execute_cmd
    frappe.throw(_("Failed to get method for command {0} with {1}").format(cmd, str(e)))
    ~~~~~~~~~~~~^^^^^^^^^^^^^^^^^^^^^^^^^^^^^^^^^^^^^^^^^^^^^^^^^^^^^^^^^^^^^^^^^^^^^^^^
  File "apps/frappe/frappe/utils/messages.py", line 159, in throw
    msgprint(
    ~~~~~~~~^
    	msg,
     ^^^^
    ...<7 lines>...
    	allow_dangerous_html=allow_dangerous_html,
     ^^^^^^^^^^^^^^^^^^^^^^^^^^^^^^^^^^^^^^^^^^
    )
    ^
  File "apps/frappe/frappe/utils/messages.py", line 118, in msgprint
    _raise_exception()
    ~~~~~~~~~~~~~~~~^^
  File "apps/frappe/frappe/utils/messages.py", line 59, in _raise_exception
    raise exc
frappe.exceptions.ValidationError: Failed to get method for command practice_app.api.count_details with module 'practice_app.api' has no attribute 'count_details'

Traceback (most recent call last):
  File "apps/frappe/frappe/database/database.py", line 272, in sql
    self.execute_query(query, values)
    ~~~~~~~~~~~~~~~~~~^^^^^^^^^^^^^^^
  File "apps/frappe/frappe/database/database.py", line 372, in execute_query
    return self._cursor.execute(query, values)
           ~~~~~~~~~~~~~~~~~~~~^^^^^^^^^^^^^^^
  File "env/lib/python3.14/site-packages/MySQLdb/cursors.py", line 179, in execute
    res = self._query(mogrified_query)
  File "env/lib/python3.14/site-packages/MySQLdb/cursors.py", line 330, in _query
    db.query(q)
    ~~~~~~~~^^^
  File "env/lib/python3.14/site-packages/MySQLdb/connections.py", line 280, in query
    _mysql.connection.query(self, query)
    ~~~~~~~~~~~~~~~~~~~~~~~^^^^^^^^^^^^^
MySQLdb.OperationalError: (1205, 'Lock wait timeout exceeded; try restarting transaction')

The above exception was the direct cause of the following exception:

Traceback (most recent call last):
  File "apps/frappe/frappe/app.py", line 121, in application
    response = frappe.api.handle(request)
  File "apps/frappe/frappe/api/__init__.py", line 63, in handle
    data = endpoint(**arguments)
  File "apps/frappe/frappe/api/v1.py", line 40, in handle_rpc_call
    return frappe.handler.handle()
           ~~~~~~~~~~~~~~~~~~~~~^^
  File "apps/frappe/frappe/handler.py", line 53, in handle
    data = execute_cmd(cmd)
  File "apps/frappe/frappe/handler.py", line 86, in execute_cmd
    return frappe.call(method, **frappe.form_dict)
           ~~~~~~~~~~~^^^^^^^^^^^^^^^^^^^^^^^^^^^^
  File "apps/frappe/frappe/__init__.py", line 1147, in call
    return fn(*args, **newargs)
  File "apps/frappe/frappe/utils/typing_validations.py", line 36, in wrapper
    return func(*args, **kwargs)
  File "apps/practice_app/practice_app/api.py", line 105, in update_status
    return frappe.db.set_value(
           ~~~~~~~~~~~~~~~~~~~^
        "Details",
        ^^^^^^^^^^
    ...<2 lines>...
        status
        ^^^^^^
    )
    ^
  File "apps/frappe/frappe/database/database.py", line 1001, in set_value
    query.run(debug=debug)
    ~~~~~~~~~^^^^^^^^^^^^^
  File "apps/frappe/frappe/query_builder/utils.py", line 131, in execute_query
    result = frappe.local.db.sql(query, params, *args, **kwargs)  # nosemgrep
  File "apps/frappe/frappe/database/database.py", line 281, in sql
    raise frappe.QueryTimeoutError(e) from e
frappe.exceptions.QueryTimeoutError: (1205, 'Lock wait timeout exceeded; try restarting transaction')

Traceback (most recent call last):
  File "apps/frappe/frappe/handler.py", line 75, in execute_cmd
    method = get_attr(cmd)
  File "apps/frappe/frappe/handler.py", line 259, in get_attr
    method = frappe.get_attr(cmd)
  File "apps/frappe/frappe/__init__.py", line 1137, in get_attr
    return getattr(get_module(modulename), methodname)
AttributeError: module 'practice_app.api' has no attribute 'count_details'. Did you mean: 'get_details'?

During handling of the above exception, another exception occurred:

Traceback (most recent call last):
  File "apps/frappe/frappe/app.py", line 121, in application
    response = frappe.api.handle(request)
  File "apps/frappe/frappe/api/__init__.py", line 63, in handle
    data = endpoint(**arguments)
  File "apps/frappe/frappe/api/v1.py", line 40, in handle_rpc_call
    return frappe.handler.handle()
           ~~~~~~~~~~~~~~~~~~~~~^^
  File "apps/frappe/frappe/handler.py", line 53, in handle
    data = execute_cmd(cmd)
  File "apps/frappe/frappe/handler.py", line 77, in execute_cmd
    frappe.throw(_("Failed to get method for command {0} with {1}").format(cmd, str(e)))
    ~~~~~~~~~~~~^^^^^^^^^^^^^^^^^^^^^^^^^^^^^^^^^^^^^^^^^^^^^^^^^^^^^^^^^^^^^^^^^^^^^^^^
  File "apps/frappe/frappe/utils/messages.py", line 159, in throw
    msgprint(
    ~~~~~~~~^
    	msg,
     ^^^^
    ...<7 lines>...
    	allow_dangerous_html=allow_dangerous_html,
     ^^^^^^^^^^^^^^^^^^^^^^^^^^^^^^^^^^^^^^^^^^
    )
    ^
  File "apps/frappe/frappe/utils/messages.py", line 118, in msgprint
    _raise_exception()
    ~~~~~~~~~~~~~~~~^^
  File "apps/frappe/frappe/utils/messages.py", line 59, in _raise_exception
    raise exc
frappe.exceptions.ValidationError: Failed to get method for command practice_app.api.count_details with module 'practice_app.api' has no attribute 'count_details'

Traceback (most recent call last):
  File "apps/frappe/frappe/handler.py", line 75, in execute_cmd
    method = get_attr(cmd)
  File "apps/frappe/frappe/handler.py", line 259, in get_attr
    method = frappe.get_attr(cmd)
  File "apps/frappe/frappe/__init__.py", line 1137, in get_attr
    return getattr(get_module(modulename), methodname)
AttributeError: module 'practice_app.api' has no attribute 'count_details'. Did you mean: 'get_details'?

During handling of the above exception, another exception occurred:

Traceback (most recent call last):
  File "apps/frappe/frappe/app.py", line 121, in application
    response = frappe.api.handle(request)
  File "apps/frappe/frappe/api/__init__.py", line 63, in handle
    data = endpoint(**arguments)
  File "apps/frappe/frappe/api/v1.py", line 40, in handle_rpc_call
    return frappe.handler.handle()
           ~~~~~~~~~~~~~~~~~~~~~^^
  File "apps/frappe/frappe/handler.py", line 53, in handle
    data = execute_cmd(cmd)
  File "apps/frappe/frappe/handler.py", line 77, in execute_cmd
    frappe.throw(_("Failed to get method for command {0} with {1}").format(cmd, str(e)))
    ~~~~~~~~~~~~^^^^^^^^^^^^^^^^^^^^^^^^^^^^^^^^^^^^^^^^^^^^^^^^^^^^^^^^^^^^^^^^^^^^^^^^
  File "apps/frappe/frappe/utils/messages.py", line 159, in throw
    msgprint(
    ~~~~~~~~^
    	msg,
     ^^^^
    ...<7 lines>...
    	allow_dangerous_html=allow_dangerous_html,
     ^^^^^^^^^^^^^^^^^^^^^^^^^^^^^^^^^^^^^^^^^^
    )
    ^
  File "apps/frappe/frappe/utils/messages.py", line 118, in msgprint
    _raise_exception()
    ~~~~~~~~~~~~~~~~^^
  File "apps/frappe/frappe/utils/messages.py", line 59, in _raise_exception
    raise exc
frappe.exceptions.ValidationError: Failed to get method for command practice_app.api.count_details with module 'practice_app.api' has no attribute 'count_details'

Traceback (most recent call last):
  File "apps/frappe/frappe/handler.py", line 75, in execute_cmd
    method = get_attr(cmd)
  File "apps/frappe/frappe/handler.py", line 259, in get_attr
    method = frappe.get_attr(cmd)
  File "apps/frappe/frappe/__init__.py", line 1137, in get_attr
    return getattr(get_module(modulename), methodname)
AttributeError: module 'practice_app.api' has no attribute 'update_status'

During handling of the above exception, another exception occurred:

Traceback (most recent call last):
  File "apps/frappe/frappe/app.py", line 121, in application
    response = frappe.api.handle(request)
  File "apps/frappe/frappe/api/__init__.py", line 63, in handle
    data = endpoint(**arguments)
  File "apps/frappe/frappe/api/v1.py", line 40, in handle_rpc_call
    return frappe.handler.handle()
           ~~~~~~~~~~~~~~~~~~~~~^^
  File "apps/frappe/frappe/handler.py", line 53, in handle
    data = execute_cmd(cmd)
  File "apps/frappe/frappe/handler.py", line 77, in execute_cmd
    frappe.throw(_("Failed to get method for command {0} with {1}").format(cmd, str(e)))
    ~~~~~~~~~~~~^^^^^^^^^^^^^^^^^^^^^^^^^^^^^^^^^^^^^^^^^^^^^^^^^^^^^^^^^^^^^^^^^^^^^^^^
  File "apps/frappe/frappe/utils/messages.py", line 159, in throw
    msgprint(
    ~~~~~~~~^
    	msg,
     ^^^^
    ...<7 lines>...
    	allow_dangerous_html=allow_dangerous_html,
     ^^^^^^^^^^^^^^^^^^^^^^^^^^^^^^^^^^^^^^^^^^
    )
    ^
  File "apps/frappe/frappe/utils/messages.py", line 118, in msgprint
    _raise_exception()
    ~~~~~~~~~~~~~~~~^^
  File "apps/frappe/frappe/utils/messages.py", line 59, in _raise_exception
    raise exc
frappe.exceptions.ValidationError: Failed to get method for command practice_app.api.update_status with module 'practice_app.api' has no attribute 'update_status'

Traceback (most recent call last):
  File "apps/frappe/frappe/handler.py", line 75, in execute_cmd
    method = get_attr(cmd)
  File "apps/frappe/frappe/handler.py", line 259, in get_attr
    method = frappe.get_attr(cmd)
  File "apps/frappe/frappe/__init__.py", line 1137, in get_attr
    return getattr(get_module(modulename), methodname)
AttributeError: module 'practice_app.api' has no attribute 'get_approved_name'

During handling of the above exception, another exception occurred:

Traceback (most recent call last):
  File "apps/frappe/frappe/app.py", line 121, in application
    response = frappe.api.handle(request)
  File "apps/frappe/frappe/api/__init__.py", line 63, in handle
    data = endpoint(**arguments)
  File "apps/frappe/frappe/api/v1.py", line 40, in handle_rpc_call
    return frappe.handler.handle()
           ~~~~~~~~~~~~~~~~~~~~~^^
  File "apps/frappe/frappe/handler.py", line 53, in handle
    data = execute_cmd(cmd)
  File "apps/frappe/frappe/handler.py", line 77, in execute_cmd
    frappe.throw(_("Failed to get method for command {0} with {1}").format(cmd, str(e)))
    ~~~~~~~~~~~~^^^^^^^^^^^^^^^^^^^^^^^^^^^^^^^^^^^^^^^^^^^^^^^^^^^^^^^^^^^^^^^^^^^^^^^^
  File "apps/frappe/frappe/utils/messages.py", line 159, in throw
    msgprint(
    ~~~~~~~~^
    	msg,
     ^^^^
    ...<7 lines>...
    	allow_dangerous_html=allow_dangerous_html,
     ^^^^^^^^^^^^^^^^^^^^^^^^^^^^^^^^^^^^^^^^^^
    )
    ^
  File "apps/frappe/frappe/utils/messages.py", line 118, in msgprint
    _raise_exception()
    ~~~~~~~~~~~~~~~~^^
  File "apps/frappe/frappe/utils/messages.py", line 59, in _raise_exception
    raise exc
frappe.exceptions.ValidationError: Failed to get method for command practice_app.api.get_approved_name with module 'practice_app.api' has no attribute 'get_approved_name'

Traceback (most recent call last):
  File "apps/frappe/frappe/handler.py", line 75, in execute_cmd
    method = get_attr(cmd)
  File "apps/frappe/frappe/handler.py", line 259, in get_attr
    method = frappe.get_attr(cmd)
  File "apps/frappe/frappe/__init__.py", line 1137, in get_attr
    return getattr(get_module(modulename), methodname)
AttributeError: module 'practice_app.api' has no attribute 'update_status'

During handling of the above exception, another exception occurred:

Traceback (most recent call last):
  File "apps/frappe/frappe/app.py", line 121, in application
    response = frappe.api.handle(request)
  File "apps/frappe/frappe/api/__init__.py", line 63, in handle
    data = endpoint(**arguments)
  File "apps/frappe/frappe/api/v1.py", line 40, in handle_rpc_call
    return frappe.handler.handle()
           ~~~~~~~~~~~~~~~~~~~~~^^
  File "apps/frappe/frappe/handler.py", line 53, in handle
    data = execute_cmd(cmd)
  File "apps/frappe/frappe/handler.py", line 77, in execute_cmd
    frappe.throw(_("Failed to get method for command {0} with {1}").format(cmd, str(e)))
    ~~~~~~~~~~~~^^^^^^^^^^^^^^^^^^^^^^^^^^^^^^^^^^^^^^^^^^^^^^^^^^^^^^^^^^^^^^^^^^^^^^^^
  File "apps/frappe/frappe/utils/messages.py", line 159, in throw
    msgprint(
    ~~~~~~~~^
    	msg,
     ^^^^
    ...<7 lines>...
    	allow_dangerous_html=allow_dangerous_html,
     ^^^^^^^^^^^^^^^^^^^^^^^^^^^^^^^^^^^^^^^^^^
    )
    ^
  File "apps/frappe/frappe/utils/messages.py", line 118, in msgprint
    _raise_exception()
    ~~~~~~~~~~~~~~~~^^
  File "apps/frappe/frappe/utils/messages.py", line 59, in _raise_exception
    raise exc
frappe.exceptions.ValidationError: Failed to get method for command practice_app.api.update_status with module 'practice_app.api' has no attribute 'update_status'

Status Changed
Traceback (most recent call last):
  File "apps/frappe/frappe/handler.py", line 75, in execute_cmd
    method = get_attr(cmd)
  File "apps/frappe/frappe/handler.py", line 259, in get_attr
    method = frappe.get_attr(cmd)
  File "apps/frappe/frappe/__init__.py", line 1137, in get_attr
    return getattr(get_module(modulename), methodname)
AttributeError: module 'practice_app.api' has no attribute 'process_details'

During handling of the above exception, another exception occurred:

Traceback (most recent call last):
  File "apps/frappe/frappe/app.py", line 121, in application
    response = frappe.api.handle(request)
  File "apps/frappe/frappe/api/__init__.py", line 63, in handle
    data = endpoint(**arguments)
  File "apps/frappe/frappe/api/v1.py", line 40, in handle_rpc_call
    return frappe.handler.handle()
           ~~~~~~~~~~~~~~~~~~~~~^^
  File "apps/frappe/frappe/handler.py", line 53, in handle
    data = execute_cmd(cmd)
  File "apps/frappe/frappe/handler.py", line 77, in execute_cmd
    frappe.throw(_("Failed to get method for command {0} with {1}").format(cmd, str(e)))
    ~~~~~~~~~~~~^^^^^^^^^^^^^^^^^^^^^^^^^^^^^^^^^^^^^^^^^^^^^^^^^^^^^^^^^^^^^^^^^^^^^^^^
  File "apps/frappe/frappe/utils/messages.py", line 159, in throw
    msgprint(
    ~~~~~~~~^
    	msg,
     ^^^^
    ...<7 lines>...
    	allow_dangerous_html=allow_dangerous_html,
     ^^^^^^^^^^^^^^^^^^^^^^^^^^^^^^^^^^^^^^^^^^
    )
    ^
  File "apps/frappe/frappe/utils/messages.py", line 118, in msgprint
    _raise_exception()
    ~~~~~~~~~~~~~~~~^^
  File "apps/frappe/frappe/utils/messages.py", line 59, in _raise_exception
    raise exc
frappe.exceptions.ValidationError: Failed to get method for command practice_app.api.process_details with module 'practice_app.api' has no attribute 'process_details'

Status Changed
Status Changed
Status Changed
Status Changed
Status Changed
Wrote document file for DocType Details_email at /home/sanjayh/frappe16-bench/apps/practice_app/practice_app/practice_app/doctype/details_email/details_email.json
/home/sanjayh/frappe16-bench/apps/practice_app/practice_app/practice_app/doctype/details_email/details_email.py already exists, skipping...
/home/sanjayh/frappe16-bench/apps/practice_app/practice_app/practice_app/doctype/details_email/test_details_email.py already exists, skipping...
/home/sanjayh/frappe16-bench/apps/practice_app/practice_app/practice_app/doctype/details_email/details_email.js already exists, skipping...
Status Changed
Wrote document file for DocType Details at /home/sanjayh/frappe16-bench/apps/practice_app/practice_app/practice_app/doctype/details/details.json
/home/sanjayh/frappe16-bench/apps/practice_app/practice_app/practice_app/doctype/details/details.py already exists, skipping...
/home/sanjayh/frappe16-bench/apps/practice_app/practice_app/practice_app/doctype/details/test_details.py already exists, skipping...
/home/sanjayh/frappe16-bench/apps/practice_app/practice_app/practice_app/doctype/details/details.js already exists, skipping...
Status Changed
Status Changed
Wrote document file for DocType Details at /home/sanjayh/frappe16-bench/apps/practice_app/practice_app/practice_app/doctype/details/details.json
/home/sanjayh/frappe16-bench/apps/practice_app/practice_app/practice_app/doctype/details/details.py already exists, skipping...
/home/sanjayh/frappe16-bench/apps/practice_app/practice_app/practice_app/doctype/details/test_details.py already exists, skipping...
/home/sanjayh/frappe16-bench/apps/practice_app/practice_app/practice_app/doctype/details/details.js already exists, skipping...
Wrote document file for DocType Details_email at /home/sanjayh/frappe16-bench/apps/practice_app/practice_app/practice_app/doctype/details_email/details_email.json
/home/sanjayh/frappe16-bench/apps/practice_app/practice_app/practice_app/doctype/details_email/details_email.py already exists, skipping...
/home/sanjayh/frappe16-bench/apps/practice_app/practice_app/practice_app/doctype/details_email/test_details_email.py already exists, skipping...
/home/sanjayh/frappe16-bench/apps/practice_app/practice_app/practice_app/doctype/details_email/details_email.js already exists, skipping...
Hook called for: Administrator
