2026-07-21 10:32:00,575 ERROR scheduler Skipped queueing frappe.desk.utils.delete_old_exported_report_files because it was found in queue for doctypesite
2026-07-21 10:32:00,616 ERROR scheduler Skipped queueing frappe.core.doctype.prepared_report.prepared_report.expire_stalled_report because it was found in queue for doctypesite
2026-07-21 10:32:00,619 ERROR scheduler Skipped queueing frappe.website.doctype.personal_data_deletion_request.personal_data_deletion_request.process_data_deletion_request because it was found in queue for doctypesite
2026-07-21 10:32:00,620 ERROR scheduler Skipped queueing frappe.twofactor.delete_all_barcodes_for_users because it was found in queue for doctypesite
2026-07-21 10:32:00,622 ERROR scheduler Skipped queueing frappe.oauth.delete_oauth2_data because it was found in queue for doctypesite
2026-07-21 10:32:00,623 ERROR scheduler Skipped queueing frappe.model.utils.user_settings.sync_user_settings because it was found in queue for doctypesite
2026-07-21 10:32:00,624 ERROR scheduler Skipped queueing frappe.website.doctype.web_page.web_page.check_publish_status because it was found in queue for doctypesite
2026-07-21 10:32:00,625 ERROR scheduler Skipped queueing frappe.desk.page.backups.backups.delete_downloadable_backups because it was found in queue for doctypesite
2026-07-21 10:32:00,625 ERROR scheduler Skipped queueing frappe.desk.form.document_follow.send_hourly_updates because it was found in queue for doctypesite
2026-07-22 08:00:00,924 ERROR scheduler Skipped queueing frappe.email.queue.retry_sending_emails because it was found in queue for doctypesite
2026-07-22 08:00:00,978 ERROR scheduler Skipped queueing frappe.email.doctype.email_account.email_account.pull because it was found in queue for doctypesite
2026-07-24 06:48:01,043 ERROR scheduler Skipped queueing frappe.integrations.doctype.google_calendar.google_calendar.sync because it was found in queue for doctypesite
2026-07-24 06:48:01,046 ERROR scheduler Skipped queueing frappe.email.doctype.notification.notification.trigger_offset_alerts because it was found in queue for doctypesite
2026-07-24 06:48:01,048 ERROR scheduler Skipped queueing frappe.model.utils.link_count.update_link_count because it was found in queue for doctypesite
2026-07-24 06:48:01,049 ERROR scheduler Skipped queueing frappe.email.queue.flush because it was found in queue for doctypesite
2026-07-24 06:48:01,050 ERROR scheduler Skipped queueing frappe.deferred_insert.save_to_db because it was found in queue for doctypesite
2026-07-24 06:48:01,051 ERROR scheduler Skipped queueing frappe.automation.doctype.reminder.reminder.send_reminders because it was found in queue for doctypesite
2026-07-24 06:48:01,052 ERROR scheduler Skipped queueing frappe.utils.global_search.sync_global_search because it was found in queue for doctypesite
2026-07-24 06:48:01,053 ERROR scheduler Skipped queueing frappe.monitor.flush because it was found in queue for doctypesite
2026-07-24 06:48:01,054 ERROR scheduler Skipped queueing frappe.utils.telemetry.pulse.client.send_queued_events because it was found in queue for doctypesite
2026-07-24 06:48:01,056 ERROR scheduler Skipped queueing frappe.email.queue.retry_sending_emails because it was found in queue for doctypesite
2026-07-24 06:48:01,058 ERROR scheduler Skipped queueing frappe.email.doctype.email_account.email_account.notify_unreplied because it was found in queue for doctypesite
2026-07-24 06:48:01,058 ERROR scheduler Skipped queueing frappe.email.doctype.email_account.email_account.pull because it was found in queue for doctypesite
2026-07-28 12:40:00,148 ERROR scheduler Skipped queueing frappe.deferred_insert.save_to_db because it was found in queue for doctypesite
2026-07-28 12:40:00,153 ERROR scheduler Skipped queueing frappe.automation.doctype.reminder.reminder.send_reminders because it was found in queue for doctypesite
2026-07-28 12:40:00,154 ERROR scheduler Skipped queueing frappe.email.queue.flush because it was found in queue for doctypesite
2026-07-28 12:40:00,155 ERROR scheduler Skipped queueing frappe.email.doctype.email_account.email_account.notify_unreplied because it was found in queue for doctypesite
2026-07-28 12:40:00,156 ERROR scheduler Skipped queueing frappe.oauth.delete_oauth2_data because it was found in queue for doctypesite
2026-07-28 12:40:00,156 ERROR scheduler Skipped queueing frappe.model.utils.link_count.update_link_count because it was found in queue for doctypesite
2026-07-28 12:40:00,157 ERROR scheduler Skipped queueing frappe.email.doctype.notification.notification.trigger_offset_alerts because it was found in queue for doctypesite
2026-07-28 12:40:00,167 ERROR scheduler Skipped queueing frappe.monitor.flush because it was found in queue for doctypesite
2026-07-28 12:40:00,169 ERROR scheduler Skipped queueing frappe.core.doctype.prepared_report.prepared_report.expire_stalled_report because it was found in queue for doctypesite
2026-07-28 12:40:00,170 ERROR scheduler Skipped queueing frappe.utils.global_search.sync_global_search because it was found in queue for doctypesite
2026-07-28 12:40:00,171 ERROR scheduler Skipped queueing frappe.desk.page.backups.backups.delete_downloadable_backups because it was found in queue for doctypesite
2026-07-28 12:40:00,171 ERROR scheduler Skipped queueing frappe.email.doctype.email_account.email_account.pull because it was found in queue for doctypesite
2026-07-28 12:40:00,172 ERROR scheduler Skipped queueing frappe.email.queue.retry_sending_emails because it was found in queue for doctypesite
2026-07-28 12:40:00,173 ERROR scheduler Skipped queueing frappe.integrations.doctype.google_calendar.google_calendar.sync because it was found in queue for doctypesite
2026-07-28 12:40:00,173 ERROR scheduler Skipped queueing frappe.desk.form.document_follow.send_hourly_updates because it was found in queue for doctypesite
2026-07-28 12:40:00,174 ERROR scheduler Skipped queueing frappe.website.doctype.personal_data_deletion_request.personal_data_deletion_request.process_data_deletion_request because it was found in queue for doctypesite
2026-07-28 12:40:00,174 ERROR scheduler Skipped queueing frappe.twofactor.delete_all_barcodes_for_users because it was found in queue for doctypesite
2026-07-28 12:40:00,176 ERROR scheduler Skipped queueing frappe.search.sqlite_search.build_index_if_not_exists because it was found in queue for doctypesite
2026-07-28 12:40:00,177 ERROR scheduler Skipped queueing frappe.model.utils.user_settings.sync_user_settings because it was found in queue for doctypesite
2026-07-28 12:40:00,178 ERROR scheduler Skipped queueing frappe.utils.telemetry.pulse.client.send_queued_events because it was found in queue for doctypesite
2026-07-28 12:40:00,179 ERROR scheduler Skipped queueing frappe.desk.utils.delete_old_exported_report_files because it was found in queue for doctypesite
2026-07-28 12:40:00,179 ERROR scheduler Skipped queueing frappe.website.doctype.web_page.web_page.check_publish_status because it was found in queue for doctypesite
2026-08-01 08:12:00,528 ERROR scheduler Skipped queueing frappe.email.queue.flush because it was found in queue for doctypesite
2026-08-01 08:12:00,534 ERROR scheduler Skipped queueing frappe.monitor.flush because it was found in queue for doctypesite
2026-08-01 08:12:00,536 ERROR scheduler Skipped queueing frappe.email.queue.retry_sending_emails because it was found in queue for doctypesite
2026-08-01 08:12:00,537 ERROR scheduler Skipped queueing frappe.automation.doctype.reminder.reminder.send_reminders because it was found in queue for doctypesite
2026-08-01 08:12:00,541 ERROR scheduler Skipped queueing frappe.model.utils.link_count.update_link_count because it was found in queue for doctypesite
2026-08-01 08:12:00,542 ERROR scheduler Skipped queueing frappe.email.doctype.email_account.email_account.notify_unreplied because it was found in queue for doctypesite
2026-08-01 08:12:00,545 ERROR scheduler Skipped queueing frappe.email.doctype.email_account.email_account.pull because it was found in queue for doctypesite
2026-08-01 08:12:00,546 ERROR scheduler Skipped queueing frappe.integrations.doctype.google_calendar.google_calendar.sync because it was found in queue for doctypesite
2026-08-01 08:12:00,558 ERROR scheduler Skipped queueing frappe.email.doctype.notification.notification.trigger_offset_alerts because it was found in queue for doctypesite
2026-08-01 08:12:00,559 ERROR scheduler Skipped queueing frappe.utils.telemetry.pulse.client.send_queued_events because it was found in queue for doctypesite
2026-08-03 08:08:01,087 ERROR scheduler Skipped queueing frappe.model.utils.link_count.update_link_count because it was found in queue for doctypesite
2026-08-03 08:08:01,090 ERROR scheduler Skipped queueing frappe.email.doctype.notification.notification.trigger_offset_alerts because it was found in queue for doctypesite
2026-08-03 08:08:01,096 ERROR scheduler Skipped queueing frappe.email.doctype.email_account.email_account.pull because it was found in queue for doctypesite
2026-08-03 08:08:01,097 ERROR scheduler Skipped queueing frappe.deferred_insert.save_to_db because it was found in queue for doctypesite
2026-08-03 08:08:01,098 ERROR scheduler Skipped queueing frappe.utils.global_search.sync_global_search because it was found in queue for doctypesite
2026-08-03 08:08:01,099 ERROR scheduler Skipped queueing frappe.email.queue.flush because it was found in queue for doctypesite
2026-08-03 08:08:01,100 ERROR scheduler Skipped queueing frappe.email.doctype.email_account.email_account.notify_unreplied because it was found in queue for doctypesite
2026-08-03 08:08:01,101 ERROR scheduler Skipped queueing frappe.monitor.flush because it was found in queue for doctypesite
2026-08-03 08:08:01,102 ERROR scheduler Skipped queueing frappe.email.queue.retry_sending_emails because it was found in queue for doctypesite
2026-08-03 08:08:01,103 ERROR scheduler Skipped queueing frappe.integrations.doctype.google_calendar.google_calendar.sync because it was found in queue for doctypesite
2026-08-03 08:08:01,105 ERROR scheduler Skipped queueing frappe.utils.telemetry.pulse.client.send_queued_events because it was found in queue for doctypesite
2026-08-03 08:08:01,106 ERROR scheduler Skipped queueing frappe.automation.doctype.reminder.reminder.send_reminders because it was found in queue for doctypesite
