2026-07-16 07:00:00,831 ERROR scheduler Skipped queueing frappe.automation.doctype.reminder.reminder.send_reminders because it was found in queue for site2.local
2026-07-16 07:00:01,113 ERROR scheduler Skipped queueing frappe.core.doctype.prepared_report.prepared_report.expire_stalled_report because it was found in queue for site2.local
2026-07-16 07:00:01,115 ERROR scheduler Skipped queueing frappe.desk.utils.delete_old_exported_report_files because it was found in queue for site2.local
2026-07-16 07:00:01,116 ERROR scheduler Skipped queueing frappe.integrations.doctype.google_calendar.google_calendar.sync because it was found in queue for site2.local
2026-07-16 07:00:01,117 ERROR scheduler Skipped queueing frappe.model.utils.user_settings.sync_user_settings because it was found in queue for site2.local
2026-07-16 07:00:01,118 ERROR scheduler Skipped queueing frappe.email.queue.flush because it was found in queue for site2.local
2026-07-16 07:00:01,119 ERROR scheduler Skipped queueing frappe.desk.form.document_follow.send_hourly_updates because it was found in queue for site2.local
2026-07-16 07:00:01,120 ERROR scheduler Skipped queueing frappe.email.doctype.email_account.email_account.pull because it was found in queue for site2.local
2026-07-16 07:00:01,121 ERROR scheduler Skipped queueing frappe.utils.global_search.sync_global_search because it was found in queue for site2.local
2026-07-16 07:00:01,122 ERROR scheduler Skipped queueing frappe.monitor.flush because it was found in queue for site2.local
2026-07-16 07:00:01,123 ERROR scheduler Skipped queueing frappe.search.sqlite_search.build_index_if_not_exists because it was found in queue for site2.local
2026-07-16 07:00:01,124 ERROR scheduler Skipped queueing frappe.email.doctype.notification.notification.trigger_offset_alerts because it was found in queue for site2.local
2026-07-16 07:00:01,125 ERROR scheduler Skipped queueing frappe.website.doctype.web_page.web_page.check_publish_status because it was found in queue for site2.local
2026-07-16 07:00:01,126 ERROR scheduler Skipped queueing frappe.oauth.delete_oauth2_data because it was found in queue for site2.local
2026-07-16 07:00:01,127 ERROR scheduler Skipped queueing frappe.desk.page.backups.backups.delete_downloadable_backups because it was found in queue for site2.local
2026-07-16 07:00:01,128 ERROR scheduler Skipped queueing frappe.email.doctype.email_account.email_account.notify_unreplied because it was found in queue for site2.local
2026-07-16 07:00:01,129 ERROR scheduler Skipped queueing frappe.email.queue.retry_sending_emails because it was found in queue for site2.local
2026-07-16 07:00:01,130 ERROR scheduler Skipped queueing frappe.utils.telemetry.pulse.client.send_queued_events because it was found in queue for site2.local
2026-07-16 07:00:01,131 ERROR scheduler Skipped queueing frappe.website.doctype.personal_data_deletion_request.personal_data_deletion_request.process_data_deletion_request because it was found in queue for site2.local
2026-07-16 07:00:01,132 ERROR scheduler Skipped queueing frappe.model.utils.link_count.update_link_count because it was found in queue for site2.local
2026-07-16 07:00:01,133 ERROR scheduler Skipped queueing frappe.deferred_insert.save_to_db because it was found in queue for site2.local
2026-07-16 07:00:01,134 ERROR scheduler Skipped queueing frappe.twofactor.delete_all_barcodes_for_users because it was found in queue for site2.local
2026-07-17 06:00:01,061 ERROR scheduler Skipped queueing frappe.email.doctype.email_account.email_account.pull because it was found in queue for site2.local
2026-07-17 06:00:01,100 ERROR scheduler Skipped queueing frappe.integrations.doctype.google_calendar.google_calendar.sync because it was found in queue for site2.local
2026-07-17 06:00:01,107 ERROR scheduler Skipped queueing frappe.email.doctype.notification.notification.trigger_offset_alerts because it was found in queue for site2.local
2026-07-17 06:00:01,108 ERROR scheduler Skipped queueing frappe.email.queue.flush because it was found in queue for site2.local
2026-07-17 06:00:01,109 ERROR scheduler Skipped queueing frappe.monitor.flush because it was found in queue for site2.local
2026-07-17 06:00:01,114 ERROR scheduler Skipped queueing frappe.email.queue.retry_sending_emails because it was found in queue for site2.local
2026-07-21 10:32:00,631 ERROR scheduler Skipped queueing frappe.model.utils.user_settings.sync_user_settings because it was found in queue for site2.local
2026-07-21 10:32:00,635 ERROR scheduler Skipped queueing frappe.website.doctype.personal_data_deletion_request.personal_data_deletion_request.process_data_deletion_request because it was found in queue for site2.local
2026-07-21 10:32:00,636 ERROR scheduler Skipped queueing frappe.oauth.delete_oauth2_data because it was found in queue for site2.local
2026-07-21 10:32:00,637 ERROR scheduler Skipped queueing frappe.desk.form.document_follow.send_hourly_updates because it was found in queue for site2.local
2026-07-21 10:32:00,637 ERROR scheduler Skipped queueing frappe.core.doctype.prepared_report.prepared_report.expire_stalled_report because it was found in queue for site2.local
2026-07-21 10:32:00,638 ERROR scheduler Skipped queueing frappe.twofactor.delete_all_barcodes_for_users because it was found in queue for site2.local
2026-07-21 10:32:00,639 ERROR scheduler Skipped queueing frappe.desk.utils.delete_old_exported_report_files because it was found in queue for site2.local
2026-07-21 10:32:00,639 ERROR scheduler Skipped queueing frappe.desk.page.backups.backups.delete_downloadable_backups because it was found in queue for site2.local
2026-07-21 10:32:00,641 ERROR scheduler Skipped queueing frappe.website.doctype.web_page.web_page.check_publish_status because it was found in queue for site2.local
2026-07-24 06:48:01,065 ERROR scheduler Skipped queueing frappe.email.doctype.email_account.email_account.pull because it was found in queue for site2.local
2026-07-24 06:48:01,068 ERROR scheduler Skipped queueing frappe.utils.global_search.sync_global_search because it was found in queue for site2.local
2026-07-24 06:48:01,071 ERROR scheduler Skipped queueing frappe.deferred_insert.save_to_db because it was found in queue for site2.local
2026-07-24 06:48:01,072 ERROR scheduler Skipped queueing frappe.monitor.flush because it was found in queue for site2.local
2026-07-24 06:48:01,073 ERROR scheduler Skipped queueing frappe.automation.doctype.reminder.reminder.send_reminders because it was found in queue for site2.local
2026-07-24 06:48:01,076 ERROR scheduler Skipped queueing frappe.utils.telemetry.pulse.client.send_queued_events because it was found in queue for site2.local
2026-07-28 12:40:00,184 ERROR scheduler Skipped queueing frappe.website.doctype.personal_data_deletion_request.personal_data_deletion_request.process_data_deletion_request because it was found in queue for site2.local
2026-07-28 12:40:00,186 ERROR scheduler Skipped queueing frappe.integrations.doctype.google_calendar.google_calendar.sync because it was found in queue for site2.local
2026-07-28 12:40:00,191 ERROR scheduler Skipped queueing frappe.email.doctype.email_account.email_account.notify_unreplied because it was found in queue for site2.local
2026-07-28 12:40:00,192 ERROR scheduler Skipped queueing frappe.core.doctype.prepared_report.prepared_report.expire_stalled_report because it was found in queue for site2.local
2026-07-28 12:40:00,193 ERROR scheduler Skipped queueing frappe.desk.form.document_follow.send_hourly_updates because it was found in queue for site2.local
2026-07-28 12:40:00,194 ERROR scheduler Skipped queueing frappe.desk.utils.delete_old_exported_report_files because it was found in queue for site2.local
2026-07-28 12:40:00,194 ERROR scheduler Skipped queueing frappe.model.utils.user_settings.sync_user_settings because it was found in queue for site2.local
2026-07-28 12:40:00,195 ERROR scheduler Skipped queueing frappe.utils.telemetry.pulse.client.send_queued_events because it was found in queue for site2.local
2026-07-28 12:40:00,196 ERROR scheduler Skipped queueing frappe.website.doctype.web_page.web_page.check_publish_status because it was found in queue for site2.local
2026-07-28 12:40:00,197 ERROR scheduler Skipped queueing frappe.model.utils.link_count.update_link_count because it was found in queue for site2.local
2026-07-28 12:40:00,198 ERROR scheduler Skipped queueing frappe.email.queue.retry_sending_emails because it was found in queue for site2.local
2026-07-28 12:40:00,199 ERROR scheduler Skipped queueing frappe.search.sqlite_search.build_index_if_not_exists because it was found in queue for site2.local
2026-07-28 12:40:00,200 ERROR scheduler Skipped queueing frappe.oauth.delete_oauth2_data because it was found in queue for site2.local
2026-07-28 12:40:00,200 ERROR scheduler Skipped queueing frappe.desk.page.backups.backups.delete_downloadable_backups because it was found in queue for site2.local
2026-07-28 12:40:00,201 ERROR scheduler Skipped queueing frappe.email.doctype.notification.notification.trigger_offset_alerts because it was found in queue for site2.local
2026-07-28 12:40:00,201 ERROR scheduler Skipped queueing frappe.monitor.flush because it was found in queue for site2.local
2026-07-28 12:40:00,202 ERROR scheduler Skipped queueing frappe.email.doctype.email_account.email_account.pull because it was found in queue for site2.local
2026-07-28 12:40:00,204 ERROR scheduler Skipped queueing frappe.twofactor.delete_all_barcodes_for_users because it was found in queue for site2.local
2026-07-28 12:40:00,204 ERROR scheduler Skipped queueing frappe.automation.doctype.reminder.reminder.send_reminders because it was found in queue for site2.local
2026-08-01 08:12:00,591 ERROR scheduler Skipped queueing frappe.email.queue.retry_sending_emails because it was found in queue for site2.local
2026-08-01 08:12:00,596 ERROR scheduler Skipped queueing frappe.integrations.doctype.google_calendar.google_calendar.sync because it was found in queue for site2.local
2026-08-01 08:12:00,604 ERROR scheduler Skipped queueing frappe.deferred_insert.save_to_db because it was found in queue for site2.local
2026-08-01 08:12:00,605 ERROR scheduler Skipped queueing frappe.email.doctype.email_account.email_account.notify_unreplied because it was found in queue for site2.local
2026-08-01 08:12:00,606 ERROR scheduler Skipped queueing frappe.monitor.flush because it was found in queue for site2.local
2026-08-01 08:12:00,607 ERROR scheduler Skipped queueing frappe.model.utils.link_count.update_link_count because it was found in queue for site2.local
2026-08-01 08:12:00,608 ERROR scheduler Skipped queueing frappe.email.doctype.email_account.email_account.pull because it was found in queue for site2.local
2026-08-01 08:12:00,609 ERROR scheduler Skipped queueing frappe.automation.doctype.reminder.reminder.send_reminders because it was found in queue for site2.local
2026-08-01 08:12:00,611 ERROR scheduler Skipped queueing frappe.utils.global_search.sync_global_search because it was found in queue for site2.local
2026-08-01 08:12:00,611 ERROR scheduler Skipped queueing frappe.utils.telemetry.pulse.client.send_queued_events because it was found in queue for site2.local
2026-08-01 08:12:00,613 ERROR scheduler Skipped queueing frappe.email.queue.flush because it was found in queue for site2.local
2026-08-01 08:12:00,614 ERROR scheduler Skipped queueing frappe.email.doctype.notification.notification.trigger_offset_alerts because it was found in queue for site2.local
2026-08-03 08:08:01,022 ERROR scheduler Skipped queueing frappe.utils.global_search.sync_global_search because it was found in queue for site2.local
2026-08-03 08:08:01,025 ERROR scheduler Skipped queueing frappe.email.queue.retry_sending_emails because it was found in queue for site2.local
2026-08-03 08:08:01,026 ERROR scheduler Skipped queueing frappe.automation.doctype.reminder.reminder.send_reminders because it was found in queue for site2.local
2026-08-03 08:08:01,027 ERROR scheduler Skipped queueing frappe.model.utils.link_count.update_link_count because it was found in queue for site2.local
2026-08-03 08:08:01,027 ERROR scheduler Skipped queueing frappe.email.doctype.email_account.email_account.pull because it was found in queue for site2.local
2026-08-03 08:08:01,046 ERROR scheduler Skipped queueing frappe.utils.telemetry.pulse.client.send_queued_events because it was found in queue for site2.local
2026-08-03 08:08:01,047 ERROR scheduler Skipped queueing frappe.monitor.flush because it was found in queue for site2.local
2026-08-03 08:08:01,048 ERROR scheduler Skipped queueing frappe.integrations.doctype.google_calendar.google_calendar.sync because it was found in queue for site2.local
2026-08-03 08:08:01,051 ERROR scheduler Skipped queueing frappe.email.queue.flush because it was found in queue for site2.local
2026-08-03 08:08:01,052 ERROR scheduler Skipped queueing frappe.email.doctype.notification.notification.trigger_offset_alerts because it was found in queue for site2.local
2026-08-03 08:08:01,052 ERROR scheduler Skipped queueing frappe.email.doctype.email_account.email_account.notify_unreplied because it was found in queue for site2.local
2026-08-03 08:08:01,054 ERROR scheduler Skipped queueing frappe.deferred_insert.save_to_db because it was found in queue for site2.local
