2026-08-18 07:28:06,446 ERROR frappe Failed to run after request hook
Site: site1.local
Form Dict: {}
Traceback (most recent call last):
  File "/home/sanjayh/frappe16-bench/apps/frappe/frappe/app.py", line 102, in application
    init_request(request)
    ~~~~~~~~~~~~^^^^^^^^^
  File "/home/sanjayh/frappe16-bench/apps/frappe/frappe/app.py", line 205, in init_request
    frappe.local.http_request = HTTPRequest()
                                ~~~~~~~~~~~^^
  File "/home/sanjayh/frappe16-bench/apps/frappe/frappe/auth.py", line 42, in __init__
    self.set_session()
    ~~~~~~~~~~~~~~~~^^
  File "/home/sanjayh/frappe16-bench/apps/frappe/frappe/auth.py", line 79, in set_session
    frappe.local.login_manager = LoginManager()
                                 ~~~~~~~~~~~~^^
  File "/home/sanjayh/frappe16-bench/apps/frappe/frappe/auth.py", line 137, in __init__
    self.make_session(resume=True)
    ~~~~~~~~~~~~~~~~~^^^^^^^^^^^^^
  File "/home/sanjayh/frappe16-bench/apps/frappe/frappe/auth.py", line 228, in make_session
    frappe.local.session_obj = Session(
                               ~~~~~~~^
    	user=self.user,
     ^^^^^^^^^^^^^^^
    ...<4 lines>...
    	audit_user=audit_user,
     ^^^^^^^^^^^^^^^^^^^^^^
    )
    ^
  File "/home/sanjayh/frappe16-bench/apps/frappe/frappe/sessions.py", line 236, in __init__
    self.resume()
    ~~~~~~~~~~~^^
  File "/home/sanjayh/frappe16-bench/apps/frappe/frappe/sessions.py", line 327, in resume
    validate_ip_address(self.user)
    ~~~~~~~~~~~~~~~~~~~^^^^^^^^^^^
  File "/home/sanjayh/frappe16-bench/apps/frappe/frappe/auth.py", line 476, in validate_ip_address
    user_info = frappe.get_cached_doc("User", user)
  File "/home/sanjayh/frappe16-bench/apps/frappe/frappe/model/document.py", line 2248, in get_cached_doc
    doc = get_doc(*args, **kwargs)
  File "/home/sanjayh/frappe16-bench/apps/frappe/frappe/model/utils/__init__.py", line 225, in wrapper
    return dispatch(args[0])(*args, **kw)
           ~~~~~~~~~~~~~~~~~^^^^^^^^^^^^^
  File "/home/sanjayh/frappe16-bench/apps/frappe/frappe/model/document.py", line 143, in get_doc_str
    if controller := get_controller(doctype):
                     ~~~~~~~~~~~~~~^^^^^^^^^
  File "/home/sanjayh/frappe16-bench/apps/frappe/frappe/model/base_document.py", line 92, in get_controller
    site_controllers[doctype] = import_controller(doctype)
                                ~~~~~~~~~~~~~~~~~^^^^^^^^^
  File "/home/sanjayh/frappe16-bench/apps/frappe/frappe/model/base_document.py", line 103, in import_controller
    doctype_info = frappe.db.get_value("DocType", doctype, ("module", "custom", "is_tree"), as_dict=True)
  File "/home/sanjayh/frappe16-bench/apps/frappe/frappe/database/database.py", line 564, in get_value
    result = self.get_values(
    	doctype,
    ...<13 lines>...
    	wait=wait,
    )
  File "/home/sanjayh/frappe16-bench/apps/frappe/frappe/database/database.py", line 667, in get_values
    query = frappe.qb.get_query(
    	table=doctype,
    ...<7 lines>...
    	limit=limit,
    )
  File "/home/sanjayh/frappe16-bench/apps/frappe/frappe/query_builder/utils.py", line 65, in get_query
    return Engine().get_query(*args, **kwargs)
           ~~~~~~~~~~~~~~~~~~^^^^^^^^^^^^^^^^^
  File "/home/sanjayh/frappe16-bench/apps/frappe/frappe/database/query.py", line 293, in get_query
    self.apply_filters(filters)
    ~~~~~~~~~~~~~~~~~~^^^^^^^^^
  File "/home/sanjayh/frappe16-bench/apps/frappe/frappe/database/query.py", line 389, in apply_filters
    self.apply_dict_filters(filters, collect=collect)
    ~~~~~~~~~~~~~~~~~~~~~~~^^^^^^^^^^^^^^^^^^^^^^^^^^
  File "/home/sanjayh/frappe16-bench/apps/frappe/frappe/database/query.py", line 528, in apply_dict_filters
    self._apply_filter(field, value, operator, collect=collect)
    ~~~~~~~~~~~~~~~~~~^^^^^^^^^^^^^^^^^^^^^^^^^^^^^^^^^^^^^^^^^
  File "/home/sanjayh/frappe16-bench/apps/frappe/frappe/database/query.py", line 539, in _apply_filter
    criterion = self._build_criterion_for_simple_filter(field, value, operator, doctype)
  File "/home/sanjayh/frappe16-bench/apps/frappe/frappe/database/query.py", line 557, in _build_criterion_for_simple_filter
    additional_filters_config = get_additional_filters_from_hooks()
  File "/home/sanjayh/frappe16-bench/apps/frappe/frappe/boot.py", line 304, in get_additional_filters_from_hooks
    filter_hooks = frappe.get_hooks("filters_config")
  File "/home/sanjayh/frappe16-bench/apps/frappe/frappe/__init__.py", line 1004, in get_hooks
    hooks = _site_cached_load_app_hooks()
  File "/home/sanjayh/frappe16-bench/apps/frappe/frappe/utils/caching.py", line 157, in site_cache_wrapper
    result = func(*args, **kwargs)
  File "/home/sanjayh/frappe16-bench/apps/frappe/frappe/__init__.py", line 970, in _load_app_hooks
    app_hooks = get_module(f"{app}.hooks")
  File "/home/sanjayh/frappe16-bench/apps/frappe/frappe/__init__.py", line 837, in get_module
    return importlib.import_module(modulename)
           ~~~~~~~~~~~~~~~~~~~~~~~^^^^^^^^^^^^
  File "/usr/lib/python3.14/importlib/__init__.py", line 88, in import_module
    return _bootstrap._gcd_import(name[level:], package, level)
           ~~~~~~~~~~~~~~~~~~~~~~^^^^^^^^^^^^^^^^^^^^^^^^^^^^^^
  File "<frozen importlib._bootstrap>", line 1406, in _gcd_import
  File "<frozen importlib._bootstrap>", line 1371, in _find_and_load
  File "<frozen importlib._bootstrap>", line 1342, in _find_and_load_unlocked
  File "<frozen importlib._bootstrap>", line 938, in _load_unlocked
  File "<frozen importlib._bootstrap_external>", line 755, in exec_module
  File "<frozen importlib._bootstrap_external>", line 893, in get_code
  File "<frozen importlib._bootstrap_external>", line 823, in source_to_code
  File "<frozen importlib._bootstrap>", line 491, in _call_with_frames_removed
  File "/home/sanjayh/frappe16-bench/apps/practice_app/practice_app/hooks.py", line 44
    }t_sender_details = "practice_app.overrides.email.get_sender_details"
     ^^^^^^^^^^^^^^^^
SyntaxError: invalid syntax

During handling of the above exception, another exception occurred:

Traceback (most recent call last):
  File "/home/sanjayh/frappe16-bench/apps/frappe/frappe/app.py", line 145, in application
    response = e.get_response(request.environ) if isinstance(e, HTTPException) else handle_exception(e)
                                                                                    ~~~~~~~~~~~~~~~~^^^
  File "/home/sanjayh/frappe16-bench/apps/frappe/frappe/permissions.py", line 930, in wrapper
    return fn(e, *args, **kwargs)
  File "/home/sanjayh/frappe16-bench/apps/frappe/frappe/app.py", line 405, in handle_exception
    ).render()
      ~~~~~~^^
  File "/home/sanjayh/frappe16-bench/apps/frappe/frappe/website/page_renderers/template_page.py", line 84, in render
    html = self.get_html()
  File "/home/sanjayh/frappe16-bench/apps/frappe/frappe/website/utils.py", line 545, in cache_html_decorator
    html = func(*args, **kwargs)
  File "/home/sanjayh/frappe16-bench/apps/frappe/frappe/website/page_renderers/template_page.py", line 92, in get_html
    self.init_context()
    ~~~~~~~~~~~~~~~~~^^
  File "/home/sanjayh/frappe16-bench/apps/frappe/frappe/website/page_renderers/error_page.py", line 17, in init_context
    super().init_context()
    ~~~~~~~~~~~~~~~~~~~~^^
  File "/home/sanjayh/frappe16-bench/apps/frappe/frappe/website/page_renderers/base_template_page.py", line 15, in init_context
    self.context.update(get_website_settings())
                        ~~~~~~~~~~~~~~~~~~~~^^
  File "/home/sanjayh/frappe16-bench/apps/frappe/frappe/website/doctype/website_settings/website_settings.py", line 172, in get_website_settings
    hooks = frappe.get_hooks()
  File "/home/sanjayh/frappe16-bench/apps/frappe/frappe/__init__.py", line 1004, in get_hooks
    hooks = _site_cached_load_app_hooks()
  File "/home/sanjayh/frappe16-bench/apps/frappe/frappe/utils/caching.py", line 157, in site_cache_wrapper
    result = func(*args, **kwargs)
  File "/home/sanjayh/frappe16-bench/apps/frappe/frappe/__init__.py", line 970, in _load_app_hooks
    app_hooks = get_module(f"{app}.hooks")
  File "/home/sanjayh/frappe16-bench/apps/frappe/frappe/__init__.py", line 837, in get_module
    return importlib.import_module(modulename)
           ~~~~~~~~~~~~~~~~~~~~~~~^^^^^^^^^^^^
  File "/usr/lib/python3.14/importlib/__init__.py", line 88, in import_module
    return _bootstrap._gcd_import(name[level:], package, level)
           ~~~~~~~~~~~~~~~~~~~~~~^^^^^^^^^^^^^^^^^^^^^^^^^^^^^^
  File "<frozen importlib._bootstrap>", line 1406, in _gcd_import
  File "<frozen importlib._bootstrap>", line 1371, in _find_and_load
  File "<frozen importlib._bootstrap>", line 1342, in _find_and_load_unlocked
  File "<frozen importlib._bootstrap>", line 938, in _load_unlocked
  File "<frozen importlib._bootstrap_external>", line 755, in exec_module
  File "<frozen importlib._bootstrap_external>", line 893, in get_code
  File "<frozen importlib._bootstrap_external>", line 823, in source_to_code
  File "<frozen importlib._bootstrap>", line 491, in _call_with_frames_removed
  File "/home/sanjayh/frappe16-bench/apps/practice_app/practice_app/hooks.py", line 44
    }t_sender_details = "practice_app.overrides.email.get_sender_details"
     ^^^^^^^^^^^^^^^^
SyntaxError: invalid syntax

During handling of the above exception, another exception occurred:

Traceback (most recent call last):
  File "/home/sanjayh/frappe16-bench/apps/frappe/frappe/app.py", line 158, in application
    run_after_request_hooks(request, response)
    ~~~~~~~~~~~~~~~~~~~~~~~^^^^^^^^^^^^^^^^^^^
  File "/home/sanjayh/frappe16-bench/apps/frappe/frappe/app.py", line 173, in run_after_request_hooks
    for after_request_task in frappe.get_hooks("after_request"):
                              ~~~~~~~~~~~~~~~~^^^^^^^^^^^^^^^^^
  File "/home/sanjayh/frappe16-bench/apps/frappe/frappe/__init__.py", line 1004, in get_hooks
    hooks = _site_cached_load_app_hooks()
  File "/home/sanjayh/frappe16-bench/apps/frappe/frappe/utils/caching.py", line 157, in site_cache_wrapper
    result = func(*args, **kwargs)
  File "/home/sanjayh/frappe16-bench/apps/frappe/frappe/__init__.py", line 970, in _load_app_hooks
    app_hooks = get_module(f"{app}.hooks")
  File "/home/sanjayh/frappe16-bench/apps/frappe/frappe/__init__.py", line 837, in get_module
    return importlib.import_module(modulename)
           ~~~~~~~~~~~~~~~~~~~~~~~^^^^^^^^^^^^
  File "/usr/lib/python3.14/importlib/__init__.py", line 88, in import_module
    return _bootstrap._gcd_import(name[level:], package, level)
           ~~~~~~~~~~~~~~~~~~~~~~^^^^^^^^^^^^^^^^^^^^^^^^^^^^^^
  File "<frozen importlib._bootstrap>", line 1406, in _gcd_import
  File "<frozen importlib._bootstrap>", line 1371, in _find_and_load
  File "<frozen importlib._bootstrap>", line 1342, in _find_and_load_unlocked
  File "<frozen importlib._bootstrap>", line 938, in _load_unlocked
  File "<frozen importlib._bootstrap_external>", line 755, in exec_module
  File "<frozen importlib._bootstrap_external>", line 893, in get_code
  File "<frozen importlib._bootstrap_external>", line 823, in source_to_code
  File "<frozen importlib._bootstrap>", line 491, in _call_with_frames_removed
  File "/home/sanjayh/frappe16-bench/apps/practice_app/practice_app/hooks.py", line 44
    }t_sender_details = "practice_app.overrides.email.get_sender_details"
     ^^^^^^^^^^^^^^^^
SyntaxError: invalid syntax
2026-08-18 07:28:45,414 ERROR frappe Failed to run after request hook
Site: site1.local
Form Dict: {}
Traceback (most recent call last):
  File "/home/sanjayh/frappe16-bench/apps/frappe/frappe/app.py", line 102, in application
    init_request(request)
    ~~~~~~~~~~~~^^^^^^^^^
  File "/home/sanjayh/frappe16-bench/apps/frappe/frappe/app.py", line 205, in init_request
    frappe.local.http_request = HTTPRequest()
                                ~~~~~~~~~~~^^
  File "/home/sanjayh/frappe16-bench/apps/frappe/frappe/auth.py", line 42, in __init__
    self.set_session()
    ~~~~~~~~~~~~~~~~^^
  File "/home/sanjayh/frappe16-bench/apps/frappe/frappe/auth.py", line 79, in set_session
    frappe.local.login_manager = LoginManager()
                                 ~~~~~~~~~~~~^^
  File "/home/sanjayh/frappe16-bench/apps/frappe/frappe/auth.py", line 137, in __init__
    self.make_session(resume=True)
    ~~~~~~~~~~~~~~~~~^^^^^^^^^^^^^
  File "/home/sanjayh/frappe16-bench/apps/frappe/frappe/auth.py", line 228, in make_session
    frappe.local.session_obj = Session(
                               ~~~~~~~^
    	user=self.user,
     ^^^^^^^^^^^^^^^
    ...<4 lines>...
    	audit_user=audit_user,
     ^^^^^^^^^^^^^^^^^^^^^^
    )
    ^
  File "/home/sanjayh/frappe16-bench/apps/frappe/frappe/sessions.py", line 236, in __init__
    self.resume()
    ~~~~~~~~~~~^^
  File "/home/sanjayh/frappe16-bench/apps/frappe/frappe/sessions.py", line 327, in resume
    validate_ip_address(self.user)
    ~~~~~~~~~~~~~~~~~~~^^^^^^^^^^^
  File "/home/sanjayh/frappe16-bench/apps/frappe/frappe/auth.py", line 476, in validate_ip_address
    user_info = frappe.get_cached_doc("User", user)
  File "/home/sanjayh/frappe16-bench/apps/frappe/frappe/model/document.py", line 2248, in get_cached_doc
    doc = get_doc(*args, **kwargs)
  File "/home/sanjayh/frappe16-bench/apps/frappe/frappe/model/utils/__init__.py", line 225, in wrapper
    return dispatch(args[0])(*args, **kw)
           ~~~~~~~~~~~~~~~~~^^^^^^^^^^^^^
  File "/home/sanjayh/frappe16-bench/apps/frappe/frappe/model/document.py", line 143, in get_doc_str
    if controller := get_controller(doctype):
                     ~~~~~~~~~~~~~~^^^^^^^^^
  File "/home/sanjayh/frappe16-bench/apps/frappe/frappe/model/base_document.py", line 92, in get_controller
    site_controllers[doctype] = import_controller(doctype)
                                ~~~~~~~~~~~~~~~~~^^^^^^^^^
  File "/home/sanjayh/frappe16-bench/apps/frappe/frappe/model/base_document.py", line 103, in import_controller
    doctype_info = frappe.db.get_value("DocType", doctype, ("module", "custom", "is_tree"), as_dict=True)
  File "/home/sanjayh/frappe16-bench/apps/frappe/frappe/database/database.py", line 564, in get_value
    result = self.get_values(
    	doctype,
    ...<13 lines>...
    	wait=wait,
    )
  File "/home/sanjayh/frappe16-bench/apps/frappe/frappe/database/database.py", line 667, in get_values
    query = frappe.qb.get_query(
    	table=doctype,
    ...<7 lines>...
    	limit=limit,
    )
  File "/home/sanjayh/frappe16-bench/apps/frappe/frappe/query_builder/utils.py", line 65, in get_query
    return Engine().get_query(*args, **kwargs)
           ~~~~~~~~~~~~~~~~~~^^^^^^^^^^^^^^^^^
  File "/home/sanjayh/frappe16-bench/apps/frappe/frappe/database/query.py", line 293, in get_query
    self.apply_filters(filters)
    ~~~~~~~~~~~~~~~~~~^^^^^^^^^
  File "/home/sanjayh/frappe16-bench/apps/frappe/frappe/database/query.py", line 389, in apply_filters
    self.apply_dict_filters(filters, collect=collect)
    ~~~~~~~~~~~~~~~~~~~~~~~^^^^^^^^^^^^^^^^^^^^^^^^^^
  File "/home/sanjayh/frappe16-bench/apps/frappe/frappe/database/query.py", line 528, in apply_dict_filters
    self._apply_filter(field, value, operator, collect=collect)
    ~~~~~~~~~~~~~~~~~~^^^^^^^^^^^^^^^^^^^^^^^^^^^^^^^^^^^^^^^^^
  File "/home/sanjayh/frappe16-bench/apps/frappe/frappe/database/query.py", line 539, in _apply_filter
    criterion = self._build_criterion_for_simple_filter(field, value, operator, doctype)
  File "/home/sanjayh/frappe16-bench/apps/frappe/frappe/database/query.py", line 557, in _build_criterion_for_simple_filter
    additional_filters_config = get_additional_filters_from_hooks()
  File "/home/sanjayh/frappe16-bench/apps/frappe/frappe/boot.py", line 304, in get_additional_filters_from_hooks
    filter_hooks = frappe.get_hooks("filters_config")
  File "/home/sanjayh/frappe16-bench/apps/frappe/frappe/__init__.py", line 1004, in get_hooks
    hooks = _site_cached_load_app_hooks()
  File "/home/sanjayh/frappe16-bench/apps/frappe/frappe/utils/caching.py", line 157, in site_cache_wrapper
    result = func(*args, **kwargs)
  File "/home/sanjayh/frappe16-bench/apps/frappe/frappe/__init__.py", line 970, in _load_app_hooks
    app_hooks = get_module(f"{app}.hooks")
  File "/home/sanjayh/frappe16-bench/apps/frappe/frappe/__init__.py", line 837, in get_module
    return importlib.import_module(modulename)
           ~~~~~~~~~~~~~~~~~~~~~~~^^^^^^^^^^^^
  File "/usr/lib/python3.14/importlib/__init__.py", line 88, in import_module
    return _bootstrap._gcd_import(name[level:], package, level)
           ~~~~~~~~~~~~~~~~~~~~~~^^^^^^^^^^^^^^^^^^^^^^^^^^^^^^
  File "<frozen importlib._bootstrap>", line 1406, in _gcd_import
  File "<frozen importlib._bootstrap>", line 1371, in _find_and_load
  File "<frozen importlib._bootstrap>", line 1342, in _find_and_load_unlocked
  File "<frozen importlib._bootstrap>", line 938, in _load_unlocked
  File "<frozen importlib._bootstrap_external>", line 755, in exec_module
  File "<frozen importlib._bootstrap_external>", line 893, in get_code
  File "<frozen importlib._bootstrap_external>", line 823, in source_to_code
  File "<frozen importlib._bootstrap>", line 491, in _call_with_frames_removed
  File "/home/sanjayh/frappe16-bench/apps/practice_app/practice_app/hooks.py", line 44
    }t_sender_details = "practice_app.overrides.email.get_sender_details"
     ^^^^^^^^^^^^^^^^
SyntaxError: invalid syntax

During handling of the above exception, another exception occurred:

Traceback (most recent call last):
  File "/home/sanjayh/frappe16-bench/apps/frappe/frappe/app.py", line 145, in application
    response = e.get_response(request.environ) if isinstance(e, HTTPException) else handle_exception(e)
                                                                                    ~~~~~~~~~~~~~~~~^^^
  File "/home/sanjayh/frappe16-bench/apps/frappe/frappe/permissions.py", line 930, in wrapper
    return fn(e, *args, **kwargs)
  File "/home/sanjayh/frappe16-bench/apps/frappe/frappe/app.py", line 405, in handle_exception
    ).render()
      ~~~~~~^^
  File "/home/sanjayh/frappe16-bench/apps/frappe/frappe/website/page_renderers/template_page.py", line 84, in render
    html = self.get_html()
  File "/home/sanjayh/frappe16-bench/apps/frappe/frappe/website/utils.py", line 545, in cache_html_decorator
    html = func(*args, **kwargs)
  File "/home/sanjayh/frappe16-bench/apps/frappe/frappe/website/page_renderers/template_page.py", line 92, in get_html
    self.init_context()
    ~~~~~~~~~~~~~~~~~^^
  File "/home/sanjayh/frappe16-bench/apps/frappe/frappe/website/page_renderers/error_page.py", line 17, in init_context
    super().init_context()
    ~~~~~~~~~~~~~~~~~~~~^^
  File "/home/sanjayh/frappe16-bench/apps/frappe/frappe/website/page_renderers/base_template_page.py", line 15, in init_context
    self.context.update(get_website_settings())
                        ~~~~~~~~~~~~~~~~~~~~^^
  File "/home/sanjayh/frappe16-bench/apps/frappe/frappe/website/doctype/website_settings/website_settings.py", line 172, in get_website_settings
    hooks = frappe.get_hooks()
  File "/home/sanjayh/frappe16-bench/apps/frappe/frappe/__init__.py", line 1004, in get_hooks
    hooks = _site_cached_load_app_hooks()
  File "/home/sanjayh/frappe16-bench/apps/frappe/frappe/utils/caching.py", line 157, in site_cache_wrapper
    result = func(*args, **kwargs)
  File "/home/sanjayh/frappe16-bench/apps/frappe/frappe/__init__.py", line 970, in _load_app_hooks
    app_hooks = get_module(f"{app}.hooks")
  File "/home/sanjayh/frappe16-bench/apps/frappe/frappe/__init__.py", line 837, in get_module
    return importlib.import_module(modulename)
           ~~~~~~~~~~~~~~~~~~~~~~~^^^^^^^^^^^^
  File "/usr/lib/python3.14/importlib/__init__.py", line 88, in import_module
    return _bootstrap._gcd_import(name[level:], package, level)
           ~~~~~~~~~~~~~~~~~~~~~~^^^^^^^^^^^^^^^^^^^^^^^^^^^^^^
  File "<frozen importlib._bootstrap>", line 1406, in _gcd_import
  File "<frozen importlib._bootstrap>", line 1371, in _find_and_load
  File "<frozen importlib._bootstrap>", line 1342, in _find_and_load_unlocked
  File "<frozen importlib._bootstrap>", line 938, in _load_unlocked
  File "<frozen importlib._bootstrap_external>", line 755, in exec_module
  File "<frozen importlib._bootstrap_external>", line 893, in get_code
  File "<frozen importlib._bootstrap_external>", line 823, in source_to_code
  File "<frozen importlib._bootstrap>", line 491, in _call_with_frames_removed
  File "/home/sanjayh/frappe16-bench/apps/practice_app/practice_app/hooks.py", line 44
    }t_sender_details = "practice_app.overrides.email.get_sender_details"
     ^^^^^^^^^^^^^^^^
SyntaxError: invalid syntax

During handling of the above exception, another exception occurred:

Traceback (most recent call last):
  File "/home/sanjayh/frappe16-bench/apps/frappe/frappe/app.py", line 158, in application
    run_after_request_hooks(request, response)
    ~~~~~~~~~~~~~~~~~~~~~~~^^^^^^^^^^^^^^^^^^^
  File "/home/sanjayh/frappe16-bench/apps/frappe/frappe/app.py", line 173, in run_after_request_hooks
    for after_request_task in frappe.get_hooks("after_request"):
                              ~~~~~~~~~~~~~~~~^^^^^^^^^^^^^^^^^
  File "/home/sanjayh/frappe16-bench/apps/frappe/frappe/__init__.py", line 1004, in get_hooks
    hooks = _site_cached_load_app_hooks()
  File "/home/sanjayh/frappe16-bench/apps/frappe/frappe/utils/caching.py", line 157, in site_cache_wrapper
    result = func(*args, **kwargs)
  File "/home/sanjayh/frappe16-bench/apps/frappe/frappe/__init__.py", line 970, in _load_app_hooks
    app_hooks = get_module(f"{app}.hooks")
  File "/home/sanjayh/frappe16-bench/apps/frappe/frappe/__init__.py", line 837, in get_module
    return importlib.import_module(modulename)
           ~~~~~~~~~~~~~~~~~~~~~~~^^^^^^^^^^^^
  File "/usr/lib/python3.14/importlib/__init__.py", line 88, in import_module
    return _bootstrap._gcd_import(name[level:], package, level)
           ~~~~~~~~~~~~~~~~~~~~~~^^^^^^^^^^^^^^^^^^^^^^^^^^^^^^
  File "<frozen importlib._bootstrap>", line 1406, in _gcd_import
  File "<frozen importlib._bootstrap>", line 1371, in _find_and_load
  File "<frozen importlib._bootstrap>", line 1342, in _find_and_load_unlocked
  File "<frozen importlib._bootstrap>", line 938, in _load_unlocked
  File "<frozen importlib._bootstrap_external>", line 755, in exec_module
  File "<frozen importlib._bootstrap_external>", line 893, in get_code
  File "<frozen importlib._bootstrap_external>", line 823, in source_to_code
  File "<frozen importlib._bootstrap>", line 491, in _call_with_frames_removed
  File "/home/sanjayh/frappe16-bench/apps/practice_app/practice_app/hooks.py", line 44
    }t_sender_details = "practice_app.overrides.email.get_sender_details"
     ^^^^^^^^^^^^^^^^
SyntaxError: invalid syntax
2026-08-18 07:30:16,386 ERROR frappe Failed to run after request hook
Site: site1.local
Form Dict: {}
Traceback (most recent call last):
  File "/home/sanjayh/frappe16-bench/apps/frappe/frappe/app.py", line 102, in application
    init_request(request)
    ~~~~~~~~~~~~^^^^^^^^^
  File "/home/sanjayh/frappe16-bench/apps/frappe/frappe/app.py", line 205, in init_request
    frappe.local.http_request = HTTPRequest()
                                ~~~~~~~~~~~^^
  File "/home/sanjayh/frappe16-bench/apps/frappe/frappe/auth.py", line 42, in __init__
    self.set_session()
    ~~~~~~~~~~~~~~~~^^
  File "/home/sanjayh/frappe16-bench/apps/frappe/frappe/auth.py", line 79, in set_session
    frappe.local.login_manager = LoginManager()
                                 ~~~~~~~~~~~~^^
  File "/home/sanjayh/frappe16-bench/apps/frappe/frappe/auth.py", line 137, in __init__
    self.make_session(resume=True)
    ~~~~~~~~~~~~~~~~~^^^^^^^^^^^^^
  File "/home/sanjayh/frappe16-bench/apps/frappe/frappe/auth.py", line 228, in make_session
    frappe.local.session_obj = Session(
                               ~~~~~~~^
    	user=self.user,
     ^^^^^^^^^^^^^^^
    ...<4 lines>...
    	audit_user=audit_user,
     ^^^^^^^^^^^^^^^^^^^^^^
    )
    ^
  File "/home/sanjayh/frappe16-bench/apps/frappe/frappe/sessions.py", line 236, in __init__
    self.resume()
    ~~~~~~~~~~~^^
  File "/home/sanjayh/frappe16-bench/apps/frappe/frappe/sessions.py", line 327, in resume
    validate_ip_address(self.user)
    ~~~~~~~~~~~~~~~~~~~^^^^^^^^^^^
  File "/home/sanjayh/frappe16-bench/apps/frappe/frappe/auth.py", line 476, in validate_ip_address
    user_info = frappe.get_cached_doc("User", user)
  File "/home/sanjayh/frappe16-bench/apps/frappe/frappe/model/document.py", line 2248, in get_cached_doc
    doc = get_doc(*args, **kwargs)
  File "/home/sanjayh/frappe16-bench/apps/frappe/frappe/model/utils/__init__.py", line 225, in wrapper
    return dispatch(args[0])(*args, **kw)
           ~~~~~~~~~~~~~~~~~^^^^^^^^^^^^^
  File "/home/sanjayh/frappe16-bench/apps/frappe/frappe/model/document.py", line 143, in get_doc_str
    if controller := get_controller(doctype):
                     ~~~~~~~~~~~~~~^^^^^^^^^
  File "/home/sanjayh/frappe16-bench/apps/frappe/frappe/model/base_document.py", line 92, in get_controller
    site_controllers[doctype] = import_controller(doctype)
                                ~~~~~~~~~~~~~~~~~^^^^^^^^^
  File "/home/sanjayh/frappe16-bench/apps/frappe/frappe/model/base_document.py", line 103, in import_controller
    doctype_info = frappe.db.get_value("DocType", doctype, ("module", "custom", "is_tree"), as_dict=True)
  File "/home/sanjayh/frappe16-bench/apps/frappe/frappe/database/database.py", line 564, in get_value
    result = self.get_values(
    	doctype,
    ...<13 lines>...
    	wait=wait,
    )
  File "/home/sanjayh/frappe16-bench/apps/frappe/frappe/database/database.py", line 667, in get_values
    query = frappe.qb.get_query(
    	table=doctype,
    ...<7 lines>...
    	limit=limit,
    )
  File "/home/sanjayh/frappe16-bench/apps/frappe/frappe/query_builder/utils.py", line 65, in get_query
    return Engine().get_query(*args, **kwargs)
           ~~~~~~~~~~~~~~~~~~^^^^^^^^^^^^^^^^^
  File "/home/sanjayh/frappe16-bench/apps/frappe/frappe/database/query.py", line 293, in get_query
    self.apply_filters(filters)
    ~~~~~~~~~~~~~~~~~~^^^^^^^^^
  File "/home/sanjayh/frappe16-bench/apps/frappe/frappe/database/query.py", line 389, in apply_filters
    self.apply_dict_filters(filters, collect=collect)
    ~~~~~~~~~~~~~~~~~~~~~~~^^^^^^^^^^^^^^^^^^^^^^^^^^
  File "/home/sanjayh/frappe16-bench/apps/frappe/frappe/database/query.py", line 528, in apply_dict_filters
    self._apply_filter(field, value, operator, collect=collect)
    ~~~~~~~~~~~~~~~~~~^^^^^^^^^^^^^^^^^^^^^^^^^^^^^^^^^^^^^^^^^
  File "/home/sanjayh/frappe16-bench/apps/frappe/frappe/database/query.py", line 539, in _apply_filter
    criterion = self._build_criterion_for_simple_filter(field, value, operator, doctype)
  File "/home/sanjayh/frappe16-bench/apps/frappe/frappe/database/query.py", line 557, in _build_criterion_for_simple_filter
    additional_filters_config = get_additional_filters_from_hooks()
  File "/home/sanjayh/frappe16-bench/apps/frappe/frappe/boot.py", line 304, in get_additional_filters_from_hooks
    filter_hooks = frappe.get_hooks("filters_config")
  File "/home/sanjayh/frappe16-bench/apps/frappe/frappe/__init__.py", line 1004, in get_hooks
    hooks = _site_cached_load_app_hooks()
  File "/home/sanjayh/frappe16-bench/apps/frappe/frappe/utils/caching.py", line 157, in site_cache_wrapper
    result = func(*args, **kwargs)
  File "/home/sanjayh/frappe16-bench/apps/frappe/frappe/__init__.py", line 970, in _load_app_hooks
    app_hooks = get_module(f"{app}.hooks")
  File "/home/sanjayh/frappe16-bench/apps/frappe/frappe/__init__.py", line 837, in get_module
    return importlib.import_module(modulename)
           ~~~~~~~~~~~~~~~~~~~~~~~^^^^^^^^^^^^
  File "/usr/lib/python3.14/importlib/__init__.py", line 88, in import_module
    return _bootstrap._gcd_import(name[level:], package, level)
           ~~~~~~~~~~~~~~~~~~~~~~^^^^^^^^^^^^^^^^^^^^^^^^^^^^^^
  File "<frozen importlib._bootstrap>", line 1406, in _gcd_import
  File "<frozen importlib._bootstrap>", line 1371, in _find_and_load
  File "<frozen importlib._bootstrap>", line 1342, in _find_and_load_unlocked
  File "<frozen importlib._bootstrap>", line 938, in _load_unlocked
  File "<frozen importlib._bootstrap_external>", line 755, in exec_module
  File "<frozen importlib._bootstrap_external>", line 893, in get_code
  File "<frozen importlib._bootstrap_external>", line 823, in source_to_code
  File "<frozen importlib._bootstrap>", line 491, in _call_with_frames_removed
  File "/home/sanjayh/frappe16-bench/apps/practice_app/practice_app/hooks.py", line 44
    }t_sender_details = "practice_app.overrides.email.get_sender_details"
     ^^^^^^^^^^^^^^^^
SyntaxError: invalid syntax

During handling of the above exception, another exception occurred:

Traceback (most recent call last):
  File "/home/sanjayh/frappe16-bench/apps/frappe/frappe/app.py", line 145, in application
    response = e.get_response(request.environ) if isinstance(e, HTTPException) else handle_exception(e)
                                                                                    ~~~~~~~~~~~~~~~~^^^
  File "/home/sanjayh/frappe16-bench/apps/frappe/frappe/permissions.py", line 930, in wrapper
    return fn(e, *args, **kwargs)
  File "/home/sanjayh/frappe16-bench/apps/frappe/frappe/app.py", line 405, in handle_exception
    ).render()
      ~~~~~~^^
  File "/home/sanjayh/frappe16-bench/apps/frappe/frappe/website/page_renderers/template_page.py", line 84, in render
    html = self.get_html()
  File "/home/sanjayh/frappe16-bench/apps/frappe/frappe/website/utils.py", line 545, in cache_html_decorator
    html = func(*args, **kwargs)
  File "/home/sanjayh/frappe16-bench/apps/frappe/frappe/website/page_renderers/template_page.py", line 92, in get_html
    self.init_context()
    ~~~~~~~~~~~~~~~~~^^
  File "/home/sanjayh/frappe16-bench/apps/frappe/frappe/website/page_renderers/error_page.py", line 17, in init_context
    super().init_context()
    ~~~~~~~~~~~~~~~~~~~~^^
  File "/home/sanjayh/frappe16-bench/apps/frappe/frappe/website/page_renderers/base_template_page.py", line 15, in init_context
    self.context.update(get_website_settings())
                        ~~~~~~~~~~~~~~~~~~~~^^
  File "/home/sanjayh/frappe16-bench/apps/frappe/frappe/website/doctype/website_settings/website_settings.py", line 172, in get_website_settings
    hooks = frappe.get_hooks()
  File "/home/sanjayh/frappe16-bench/apps/frappe/frappe/__init__.py", line 1004, in get_hooks
    hooks = _site_cached_load_app_hooks()
  File "/home/sanjayh/frappe16-bench/apps/frappe/frappe/utils/caching.py", line 157, in site_cache_wrapper
    result = func(*args, **kwargs)
  File "/home/sanjayh/frappe16-bench/apps/frappe/frappe/__init__.py", line 970, in _load_app_hooks
    app_hooks = get_module(f"{app}.hooks")
  File "/home/sanjayh/frappe16-bench/apps/frappe/frappe/__init__.py", line 837, in get_module
    return importlib.import_module(modulename)
           ~~~~~~~~~~~~~~~~~~~~~~~^^^^^^^^^^^^
  File "/usr/lib/python3.14/importlib/__init__.py", line 88, in import_module
    return _bootstrap._gcd_import(name[level:], package, level)
           ~~~~~~~~~~~~~~~~~~~~~~^^^^^^^^^^^^^^^^^^^^^^^^^^^^^^
  File "<frozen importlib._bootstrap>", line 1406, in _gcd_import
  File "<frozen importlib._bootstrap>", line 1371, in _find_and_load
  File "<frozen importlib._bootstrap>", line 1342, in _find_and_load_unlocked
  File "<frozen importlib._bootstrap>", line 938, in _load_unlocked
  File "<frozen importlib._bootstrap_external>", line 755, in exec_module
  File "<frozen importlib._bootstrap_external>", line 893, in get_code
  File "<frozen importlib._bootstrap_external>", line 823, in source_to_code
  File "<frozen importlib._bootstrap>", line 491, in _call_with_frames_removed
  File "/home/sanjayh/frappe16-bench/apps/practice_app/practice_app/hooks.py", line 44
    }t_sender_details = "practice_app.overrides.email.get_sender_details"
     ^^^^^^^^^^^^^^^^
SyntaxError: invalid syntax

During handling of the above exception, another exception occurred:

Traceback (most recent call last):
  File "/home/sanjayh/frappe16-bench/apps/frappe/frappe/app.py", line 158, in application
    run_after_request_hooks(request, response)
    ~~~~~~~~~~~~~~~~~~~~~~~^^^^^^^^^^^^^^^^^^^
  File "/home/sanjayh/frappe16-bench/apps/frappe/frappe/app.py", line 173, in run_after_request_hooks
    for after_request_task in frappe.get_hooks("after_request"):
                              ~~~~~~~~~~~~~~~~^^^^^^^^^^^^^^^^^
  File "/home/sanjayh/frappe16-bench/apps/frappe/frappe/__init__.py", line 1004, in get_hooks
    hooks = _site_cached_load_app_hooks()
  File "/home/sanjayh/frappe16-bench/apps/frappe/frappe/utils/caching.py", line 157, in site_cache_wrapper
    result = func(*args, **kwargs)
  File "/home/sanjayh/frappe16-bench/apps/frappe/frappe/__init__.py", line 970, in _load_app_hooks
    app_hooks = get_module(f"{app}.hooks")
  File "/home/sanjayh/frappe16-bench/apps/frappe/frappe/__init__.py", line 837, in get_module
    return importlib.import_module(modulename)
           ~~~~~~~~~~~~~~~~~~~~~~~^^^^^^^^^^^^
  File "/usr/lib/python3.14/importlib/__init__.py", line 88, in import_module
    return _bootstrap._gcd_import(name[level:], package, level)
           ~~~~~~~~~~~~~~~~~~~~~~^^^^^^^^^^^^^^^^^^^^^^^^^^^^^^
  File "<frozen importlib._bootstrap>", line 1406, in _gcd_import
  File "<frozen importlib._bootstrap>", line 1371, in _find_and_load
  File "<frozen importlib._bootstrap>", line 1342, in _find_and_load_unlocked
  File "<frozen importlib._bootstrap>", line 938, in _load_unlocked
  File "<frozen importlib._bootstrap_external>", line 755, in exec_module
  File "<frozen importlib._bootstrap_external>", line 893, in get_code
  File "<frozen importlib._bootstrap_external>", line 823, in source_to_code
  File "<frozen importlib._bootstrap>", line 491, in _call_with_frames_removed
  File "/home/sanjayh/frappe16-bench/apps/practice_app/practice_app/hooks.py", line 44
    }t_sender_details = "practice_app.overrides.email.get_sender_details"
     ^^^^^^^^^^^^^^^^
SyntaxError: invalid syntax
2026-08-19 07:13:29,268 ERROR frappe New Exception collected in error log
Site: site1.local
Form Dict: {'doctype': 'Student_Management', 'with_parent': '1', 'cmd': 'frappe.desk.form.load.getdoctype'}
2026-08-19 07:13:29,268 ERROR frappe New Exception collected in error log
Site: site1.local
Form Dict: {'doctype': 'Student_Management', 'with_parent': '1', 'cmd': 'frappe.desk.form.load.getdoctype'}
2026-08-19 07:13:58,208 ERROR frappe New Exception collected in error log
Site: site1.local
Form Dict: {'doctype': 'Student_Management', 'with_parent': '1', 'cmd': 'frappe.desk.form.load.getdoctype'}
2026-08-19 07:13:58,250 ERROR frappe New Exception collected in error log
Site: site1.local
Form Dict: {'doctype': 'Student_Management', 'with_parent': '1', 'cmd': 'frappe.desk.form.load.getdoctype'}
2026-08-19 07:18:01,521 ERROR frappe New Exception collected in error log
Site: site1.local
Form Dict: {'doctype': 'Module Def', 'name': 'Student_Management', 'cmd': 'frappe.client.delete'}
2026-08-19 07:18:42,261 ERROR frappe New Exception collected in error log
Site: site1.local
Form Dict: {'doctype': 'Module Def', 'name': 'Student_Management', 'cmd': 'frappe.client.delete'}
2026-08-19 07:18:59,069 ERROR frappe Error while inserting deferred Error Log record: (1406, "Data too long for column 'method' at row 1")
Site: site1.local
Form Dict: {}
2026-08-19 07:18:59,073 ERROR frappe Error while inserting deferred Error Log record: (1406, "Data too long for column 'method' at row 1")
Site: site1.local
Form Dict: {}
2026-08-19 07:19:19,214 ERROR frappe New Exception collected in error log
Site: site1.local
Form Dict: {'doctype': 'Module Def', 'name': 'Student_Management', 'cmd': 'frappe.client.delete'}
2026-08-19 07:19:42,834 ERROR frappe New Exception collected in error log
Site: site1.local
Form Dict: {'doctype': 'Module Def', 'name': 'Student_Management', 'cmd': 'frappe.client.delete'}
2026-08-19 07:19:47,793 ERROR frappe New Exception collected in error log
Site: site1.local
Form Dict: {'doctype': 'Student_Management', 'with_parent': '1', 'cmd': 'frappe.desk.form.load.getdoctype'}
2026-08-19 07:19:47,867 ERROR frappe New Exception collected in error log
Site: site1.local
Form Dict: {'doctype': 'Student_Management', 'with_parent': '1', 'cmd': 'frappe.desk.form.load.getdoctype'}
2026-08-19 07:20:10,963 ERROR frappe New Exception collected in error log
Site: site1.local
Form Dict: {'doctype': 'Student_Management', 'with_parent': '1', 'cmd': 'frappe.desk.form.load.getdoctype'}
2026-08-19 07:20:11,056 ERROR frappe New Exception collected in error log
Site: site1.local
Form Dict: {'doctype': 'Student_Management', 'with_parent': '1', 'cmd': 'frappe.desk.form.load.getdoctype'}
2026-08-19 07:20:29,279 ERROR frappe New Exception collected in error log
Site: site1.local
Form Dict: {'doctype': 'Module Def', 'name': 'Student_Management', 'cmd': 'frappe.client.delete'}
2026-08-19 07:20:32,468 ERROR frappe New Exception collected in error log
Site: site1.local
Form Dict: {'doctype': 'Student_Management', 'with_parent': '1', 'cmd': 'frappe.desk.form.load.getdoctype'}
2026-08-19 07:20:33,054 ERROR frappe New Exception collected in error log
Site: site1.local
Form Dict: {'doctype': 'Student_Management', 'with_parent': '1', 'cmd': 'frappe.desk.form.load.getdoctype'}
2026-08-19 07:20:43,820 ERROR frappe New Exception collected in error log
Site: site1.local
Form Dict: {'doctype': 'Module Def', 'name': 'Student_Management', 'cmd': 'frappe.client.delete'}
2026-08-19 07:20:46,422 ERROR frappe New Exception collected in error log
Site: site1.local
Form Dict: {'doctype': 'Student_Management', 'with_parent': '1', 'cmd': 'frappe.desk.form.load.getdoctype'}
2026-08-19 07:20:46,938 ERROR frappe New Exception collected in error log
Site: site1.local
Form Dict: {'doctype': 'Student_Management', 'with_parent': '1', 'cmd': 'frappe.desk.form.load.getdoctype'}
2026-08-19 07:20:57,032 ERROR frappe New Exception collected in error log
Site: site1.local
Form Dict: {'doctype': 'Student_Management', 'with_parent': '1', 'cmd': 'frappe.desk.form.load.getdoctype'}
2026-08-19 07:20:57,388 ERROR frappe New Exception collected in error log
Site: site1.local
Form Dict: {'doctype': 'Student_Management', 'with_parent': '1', 'cmd': 'frappe.desk.form.load.getdoctype'}
2026-08-19 07:21:08,550 ERROR frappe New Exception collected in error log
Site: site1.local
Form Dict: {'doctype': 'Module Def', 'name': 'Student_Management', 'cmd': 'frappe.client.delete'}
2026-08-19 07:21:10,773 ERROR frappe New Exception collected in error log
Site: site1.local
Form Dict: {'doctype': 'Student_Management', 'with_parent': '1', 'cmd': 'frappe.desk.form.load.getdoctype'}
2026-08-19 07:21:10,785 ERROR frappe New Exception collected in error log
Site: site1.local
Form Dict: {'doctype': 'Student_Management', 'with_parent': '1', 'cmd': 'frappe.desk.form.load.getdoctype'}
2026-08-19 07:23:16,953 ERROR frappe New Exception collected in error log
Site: site1.local
Form Dict: {'doctype': 'Student_Management', 'with_parent': '1', 'cmd': 'frappe.desk.form.load.getdoctype'}
2026-08-19 07:23:16,988 ERROR frappe New Exception collected in error log
Site: site1.local
Form Dict: {'doctype': 'Student_Management', 'with_parent': '1', 'cmd': 'frappe.desk.form.load.getdoctype'}
2026-08-19 07:23:28,709 ERROR frappe New Exception collected in error log
Site: site1.local
Form Dict: {'doctype': 'Module Def', 'name': 'Student_Management', 'cmd': 'frappe.client.delete'}
2026-08-19 07:32:14,152 ERROR frappe Error while inserting deferred Error Log record: (1406, "Data too long for column 'method' at row 1")
Site: site1.local
Form Dict: {}
2026-08-19 07:32:14,158 ERROR frappe Error while inserting deferred Error Log record: (1406, "Data too long for column 'method' at row 1")
Site: site1.local
Form Dict: {}
2026-08-19 07:32:14,209 ERROR frappe Error while inserting deferred Error Log record: (1406, "Data too long for column 'method' at row 1")
Site: site1.local
Form Dict: {}
2026-08-19 07:32:14,222 ERROR frappe Error while inserting deferred Error Log record: (1406, "Data too long for column 'method' at row 1")
Site: site1.local
Form Dict: {}
2026-08-19 07:32:14,247 ERROR frappe Error while inserting deferred Error Log record: (1406, "Data too long for column 'method' at row 1")
Site: site1.local
Form Dict: {}
2026-08-19 07:32:14,272 ERROR frappe Error while inserting deferred Error Log record: (1406, "Data too long for column 'method' at row 1")
Site: site1.local
Form Dict: {}
2026-08-20 05:43:02,263 ERROR frappe New Exception collected in error log
Site: site1.local
Form Dict: {'name': 'calendar', 'cmd': 'frappe.desk.desk_page.getpage'}
2026-08-20 05:48:31,000 ERROR frappe New Exception collected in error log
Site: site1.local
Form Dict: {'name': 'calendar', 'cmd': 'frappe.desk.desk_page.getpage'}
2026-08-20 07:20:21,446 ERROR frappe New Exception collected in error log
Site: site1.local
Form Dict: {'cmd': 'logout'}
2026-08-20 07:20:34,421 ERROR frappe New Exception collected in error log
Site: site1.local
Form Dict: {'cmd': 'logout'}
2026-08-20 07:22:46,916 ERROR frappe New Exception collected in error log
Site: site1.local
Form Dict: {'cmd': 'login', 'usr': 'Administrator'}
2026-08-20 07:23:05,534 ERROR frappe New Exception collected in error log
Site: site1.local
Form Dict: {'cmd': 'login', 'usr': 'Administrator'}
2026-08-20 07:24:53,336 ERROR frappe New Exception collected in error log
Site: site1.local
Form Dict: {'cmd': 'login', 'usr': 'Administrator'}
2026-08-20 07:26:52,265 ERROR frappe New Exception collected in error log
Site: site1.local
Form Dict: {'cmd': 'login', 'usr': 'Administrator'}
2026-08-20 07:29:12,533 ERROR frappe New Exception collected in error log
Site: site1.local
Form Dict: {'cmd': 'login', 'usr': 'Administrator'}
2026-08-20 07:29:13,385 ERROR frappe New Exception collected in error log
Site: site1.local
Form Dict: {'cmd': 'login', 'usr': 'Administrator'}
2026-08-20 09:01:29,463 ERROR frappe New Exception collected in error log
Site: site1.local
Form Dict: {'name': 'welcome-workspace', 'cmd': 'frappe.desk.desk_page.getpage'}
2026-08-21 12:40:59,537 ERROR frappe New Exception collected in error log
Site: site1.local
Form Dict: {'routes': '[{"creation":"2026-08-21 18:10:47","route":"List/Details/List"}]', 'cmd': 'frappe.desk.doctype.route_history.route_history.deferred_insert'}
2026-08-21 12:56:25,265 ERROR frappe New Exception collected in error log
Site: site1.local
Form Dict: {'doctype': 'Details', 'with_parent': '1', 'cmd': 'frappe.desk.form.load.getdoctype'}
2026-08-21 13:00:02,344 ERROR frappe Error while inserting deferred Error Log record: (1406, "Data too long for column 'method' at row 1")
Site: site1.local
Form Dict: {}
2026-08-26 06:16:55,690 ERROR frappe New Exception collected in error log
Site: site1.local
Form Dict: {'': 'name=Deatils', 'cmd': 'practice_app.api.getusinggetquery'}
2026-08-26 06:17:32,259 ERROR frappe New Exception collected in error log
Site: site1.local
Form Dict: {'name': 'Deatils', 'cmd': 'practice_app.api.getusinggetquery'}
2026-08-26 06:19:16,015 ERROR frappe New Exception collected in error log
Site: site1.local
Form Dict: {'name': 'Details', 'cmd': 'practice_app.api.getusinggetquery'}
2026-08-26 06:27:16,873 ERROR frappe New Exception collected in error log
Site: site1.local
Form Dict: {'name': 'Details', 'filters': '{"status":"Approve"}', 'cmd': 'practice_app.api.getusinggetquerywithfilter'}
2026-08-26 06:33:51,925 ERROR frappe New Exception collected in error log
Site: site1.local
Form Dict: {'name': 'Details', 'cmd': 'practice_app.api.getusinggetquery'}
2026-08-26 06:46:15,799 ERROR frappe New Exception collected in error log
Site: site1.local
Form Dict: {'cmd': 'practice_app.api.getlinkfield'}
2026-08-26 06:47:12,358 ERROR frappe New Exception collected in error log
Site: site1.local
Form Dict: {'cmd': 'practice_app.api.getlinkfield'}
2026-08-26 06:48:18,462 ERROR frappe New Exception collected in error log
Site: site1.local
Form Dict: {'cmd': 'practice_app.api.getlinkfield'}
2026-08-26 06:49:33,644 ERROR frappe New Exception collected in error log
Site: site1.local
Form Dict: {'cmd': 'practice_app.api.getlinkfield'}
2026-08-26 07:32:34,682 ERROR frappe New Exception collected in error log
Site: site1.local
Form Dict: {'cmd': 'practice_app.api.countdetails'}
2026-08-26 07:32:36,562 ERROR frappe New Exception collected in error log
Site: site1.local
Form Dict: {'cmd': 'practice_app.api.countdetails'}
2026-08-26 07:33:23,806 ERROR frappe New Exception collected in error log
Site: site1.local
Form Dict: {'cmd': 'practice_app.api.countdetails'}
2026-08-26 07:34:28,132 ERROR frappe New Exception collected in error log
Site: site1.local
Form Dict: {'cmd': 'practice_app.api.countdetails'}
2026-08-26 07:34:32,581 ERROR frappe New Exception collected in error log
Site: site1.local
Form Dict: {'cmd': 'practice_app.api.countdetails'}
2026-08-26 07:35:36,998 ERROR frappe New Exception collected in error log
Site: site1.local
Form Dict: {'cmd': 'practice_app.api.countdetails'}
2026-08-26 07:35:37,369 ERROR frappe New Exception collected in error log
Site: site1.local
Form Dict: {'cmd': 'practice_app.api.countdetails'}
2026-08-26 07:35:40,471 ERROR frappe New Exception collected in error log
Site: site1.local
Form Dict: {'cmd': 'practice_app.api.countdetails'}
2026-08-26 07:36:29,489 ERROR frappe New Exception collected in error log
Site: site1.local
Form Dict: {'cmd': 'practice_app.api.countdetails'}
2026-08-26 07:36:33,221 ERROR frappe New Exception collected in error log
Site: site1.local
Form Dict: {'cmd': 'practice_app.api.countdetails'}
2026-08-26 07:37:56,963 ERROR frappe New Exception collected in error log
Site: site1.local
Form Dict: {'cmd': 'practice_app.api.countdetails'}
2026-08-26 09:37:03,413 ERROR frappe New Exception collected in error log
Site: site1.local
Form Dict: {'cmd': 'practice_app.api.listfilter'}
2026-08-26 09:37:37,655 ERROR frappe New Exception collected in error log
Site: site1.local
Form Dict: {'cmd': 'practice_app.api.listfilter'}
2026-08-26 09:40:25,164 ERROR frappe New Exception collected in error log
Site: site1.local
Form Dict: {'cmd': 'practice_app.api.currenttime'}
2026-08-26 09:55:09,095 ERROR frappe New Exception collected in error log
Site: site1.local
Form Dict: {'cmd': 'practice_app.api.nestedfilter'}
2026-08-26 09:57:11,940 ERROR frappe New Exception collected in error log
Site: site1.local
Form Dict: {'cmd': 'practice_app.api.nestedfilter'}
2026-08-26 09:57:14,029 ERROR frappe New Exception collected in error log
Site: site1.local
Form Dict: {'cmd': 'practice_app.api.nestedfilter'}
2026-08-26 09:57:15,321 ERROR frappe New Exception collected in error log
Site: site1.local
Form Dict: {'cmd': 'practice_app.api.nestedfilter'}
2026-08-26 13:28:34,864 ERROR frappe New Exception collected in error log
Site: site1.local
Form Dict: {'doc': '{"docstatus":0,"doctype":"Data Import","name":"new-data-import-ecbhvwjrel","__islocal":1,"__unsaved":1,"owner":"Administrator","import_type":"Insert New Records","use_csv_sniffer":0,"custom_delimiters":0,"delimiter_options":",;\\\\t|","status":"Pending","submit_after_import":0,"mute_emails":1,"show_failed_logs":0,"reference_doctype":"Details"}', 'action': 'Save', 'cmd': 'frappe.desk.form.save.savedocs'}
2026-08-27 09:45:00,808 ERROR frappe New Exception collected in error log
Site: site1.local
Form Dict: {'doc': '{"name":"Amount_Usage","owner":"Administrator","creation":"2026-08-27 15:01:58.152115","modified":"2026-08-27 15:07:01.770459","modified_by":"Administrator","docstatus":0,"idx":0,"read_only":0,"in_create":0,"protect_attached_files":0,"naming_rule":"","allow_rename":1,"module":"Practice_App","is_submittable":0,"istable":1,"issingle":0,"is_tree":0,"is_calendar_and_gantt":0,"editable_grid":1,"quick_entry":0,"grid_page_length":50,"rows_threshold_for_grid_search":20,"allow_bulk_edit":1,"track_changes":0,"track_seen":0,"track_views":0,"custom":0,"beta":0,"is_virtual":0,"queue_in_background":0,"max_attachments":0,"hide_toolbar":0,"allow_copy":0,"allow_import":0,"allow_events_in_timeline":0,"allow_auto_repeat":0,"make_attachments_public":0,"show_title_field_in_link":0,"translated_doctype":0,"sort_field":"creation","sort_order":"DESC","force_re_route_to_default_view":0,"document_type":"","show_preview_popup":0,"show_name_in_global_search":0,"email_append_to":0,"has_web_view":0,"allow_guest_to_view":0,"index_web_pages_for_search":1,"engine":"InnoDB","row_format":"Dynamic","doctype":"DocType","fields":[{"docstatus":0,"doctype":"DocField","name":"new-docfield-jfunnfhccp","__islocal":1,"__unsaved":1,"owner":"Administrator","fieldtype":"Section Break","precision":"","non_negative":0,"hide_days":0,"hide_seconds":0,"reqd":0,"is_virtual":0,"search_index":0,"not_nullable":0,"mask":0,"sort_options":0,"show_dashboard":0,"fetch_if_empty":0,"button_color":"","hidden":0,"show_on_timeline":0,"bold":0,"allow_in_quick_entry":0,"translatable":0,"print_hide":0,"print_hide_if_no_value":0,"report_hide":0,"collapsible":0,"hide_border":0,"in_list_view":0,"in_standard_filter":0,"in_preview":0,"sticky":0,"in_filter":0,"in_global_search":0,"read_only":0,"allow_on_submit":0,"ignore_user_permissions":0,"allow_bulk_edit":0,"make_attachment_public":0,"permlevel":0,"ignore_xss_filter":0,"unique":0,"no_copy":0,"set_only_once":0,"remember_last_selected_value":0,"alignment":"","show_description_on_click":0,"parent":"Amount_Usage","parentfield":"fields","parenttype":"DocType","idx":1,"__run_link_triggers":1,"fieldname":"history_section","label":"History","length":0,"columns":0},{"docstatus":0,"doctype":"DocField","name":"new-docfield-hotvltdwvs","__islocal":1,"__unsaved":1,"owner":"Administrator","fieldtype":"Link","precision":"","non_negative":0,"hide_days":0,"hide_seconds":0,"reqd":1,"is_virtual":0,"search_index":0,"not_nullable":0,"mask":0,"sort_options":0,"show_dashboard":0,"fetch_if_empty":0,"button_color":"","hidden":0,"show_on_timeline":0,"bold":0,"allow_in_quick_entry":0,"translatable":0,"print_hide":0,"print_hide_if_no_value":0,"report_hide":0,"collapsible":0,"hide_border":0,"in_list_view":1,"in_standard_filter":0,"in_preview":0,"sticky":0,"in_filter":0,"in_global_search":0,"read_only":0,"allow_on_submit":0,"ignore_user_permissions":0,"allow_bulk_edit":0,"make_attachment_public":0,"permlevel":0,"ignore_xss_filter":0,"unique":0,"no_copy":0,"set_only_once":0,"remember_last_selected_value":0,"alignment":"","show_description_on_click":0,"parent":"Amount_Usage","parentfield":"fields","parenttype":"DocType","idx":2,"__run_link_triggers":1,"fieldname":"invoice","label":"Invoice","options":"Invoice","length":0,"columns":0},{"docstatus":0,"doctype":"DocField","name":"new-docfield-bbadmffaae","__islocal":1,"__unsaved":1,"owner":"Administrator","fieldtype":"Float","precision":"2","non_negative":0,"hide_days":0,"hide_seconds":0,"reqd":1,"is_virtual":0,"search_index":0,"not_nullable":0,"mask":0,"sort_options":0,"show_dashboard":0,"fetch_if_empty":0,"button_color":"","hidden":0,"show_on_timeline":0,"bold":0,"allow_in_quick_entry":0,"translatable":0,"print_hide":0,"print_hide_if_no_value":0,"report_hide":0,"collapsible":0,"hide_border":0,"in_list_view":1,"in_standard_filter":0,"in_preview":0,"sticky":0,"in_filter":0,"in_global_search":0,"read_only":0,"allow_on_submit":0,"ignore_user_permissions":0,"allow_bulk_edit":0,"make_attachment_public":0,"permlevel":0,"ignore_xss_filter":0,"unique":0,"no_copy":0,"set_only_once":0,"remember_last_selected_value":0,"alignment":"","show_description_on_click":0,"parent":"Amount_Usage","parentfield":"fields","parenttype":"DocType","idx":3,"__run_link_triggers":1,"fieldname":"used amount","label":"Used Amount","length":0,"columns":0,"fetch_from":"invoice.using_amount"},{"docstatus":0,"doctype":"DocField","name":"new-docfield-bsavfzovpp","__islocal":1,"__unsaved":1,"owner":"Administrator","fieldtype":"Data","precision":"","non_negative":0,"hide_days":0,"hide_seconds":0,"reqd":1,"is_virtual":0,"search_index":0,"not_nullable":0,"mask":0,"sort_options":0,"show_dashboard":0,"fetch_if_empty":0,"button_color":"","hidden":0,"show_on_timeline":0,"bold":0,"allow_in_quick_entry":0,"translatable":0,"print_hide":0,"print_hide_if_no_value":0,"report_hide":0,"collapsible":0,"hide_border":0,"in_list_view":1,"in_standard_filter":0,"in_preview":0,"sticky":0,"in_filter":0,"in_global_search":0,"read_only":0,"allow_on_submit":0,"ignore_user_permissions":0,"allow_bulk_edit":0,"make_attachment_public":0,"permlevel":0,"ignore_xss_filter":0,"unique":0,"no_copy":0,"set_only_once":0,"remember_last_selected_value":0,"alignment":"","show_description_on_click":0,"parent":"Amount_Usage","parentfield":"fields","parenttype":"DocType","idx":4,"__run_link_triggers":1,"fieldname":"used_reason","label":"used_reason","length":0,"columns":0,"fetch_from":"invoice.using_reason"}],"permissions":[],"actions":[],"links":[],"states":[],"__unsaved":1}', 'action': 'Save', 'cmd': 'frappe.desk.form.save.savedocs'}
2026-08-27 11:17:28,196 ERROR frappe New Exception collected in error log
Site: site1.local
Form Dict: {'doc': '{"name":1,"owner":"Administrator","creation":"2026-08-27 16:18:07.868003","modified":"2026-08-27 16:19:36.150580","modified_by":"Administrator","docstatus":0,"idx":1,"principal_amount":10000,"remaining_amount":9000,"doctype":"Income","reference":[{"invoice":7,"used_amount":1000,"used_reason":"Test"}]}', 'cmd': 'frappe.client.save'}
2026-08-27 11:20:11,953 ERROR frappe New Exception collected in error log
Site: site1.local
Form Dict: {'doc': '{"name":1,"owner":"Administrator","creation":"2026-08-27 16:18:07.868003","modified":"2026-08-27 16:19:36.150580","modified_by":"Administrator","docstatus":0,"idx":1,"principal_amount":10000,"remaining_amount":8900,"doctype":"Income","reference":[{"invoice":7,"used_amount":1100,"used_reason":"Test"}]}', 'cmd': 'frappe.client.save'}
2026-08-27 11:25:45,603 ERROR frappe New Exception collected in error log
Site: site1.local
Form Dict: {'doc': '{"name":1,"owner":"Administrator","creation":"2026-08-27 16:18:07.868003","modified":"2026-08-27 16:19:36.150580","modified_by":"Administrator","docstatus":0,"idx":1,"principal_amount":10000,"remaining_amount":9000,"doctype":"Income","reference":[{"invoice":1,"used_amount":1000,"used_reason":"Test"}],"__last_sync_on":"2026-08-27T11:25:45.183Z"}', 'cmd': 'frappe.client.save'}
2026-08-27 11:26:21,442 ERROR frappe New Exception collected in error log
Site: site1.local
Form Dict: {'doc': '{"name":1,"owner":"Administrator","creation":"2026-08-27 16:18:07.868003","modified":"2026-08-27 16:19:36.150580","modified_by":"Administrator","docstatus":0,"idx":1,"principal_amount":10000,"remaining_amount":-1224567,"doctype":"Income","reference":[{"invoice":1,"used_amount":1234567,"used_reason":"Test"}],"__last_sync_on":"2026-08-27T11:26:21.253Z"}', 'cmd': 'frappe.client.save'}
2026-08-27 11:26:31,633 ERROR frappe New Exception collected in error log
Site: site1.local
Form Dict: {'doc': '{"name":1,"owner":"Administrator","creation":"2026-08-27 16:18:07.868003","modified":"2026-08-27 16:19:36.150580","modified_by":"Administrator","docstatus":0,"idx":1,"principal_amount":10000,"remaining_amount":-123446789,"doctype":"Income","reference":[{"invoice":1,"used_amount":123456789,"used_reason":"Test"}],"__last_sync_on":"2026-08-27T11:26:31.602Z"}', 'cmd': 'frappe.client.save'}
2026-08-27 11:28:27,880 ERROR frappe New Exception collected in error log
Site: site1.local
Form Dict: {'income': '1', 'using_amount': '12345', 'cmd': 'practice_app.api.check_income_amount'}
2026-08-27 11:28:28,416 ERROR frappe New Exception collected in error log
Site: site1.local
Form Dict: {'income': '1', 'invoice': '1', 'using_amount': '12345', 'using_reason': 'Test', 'cmd': 'practice_app.api.update_income'}
2026-08-27 11:30:44,465 ERROR frappe New Exception collected in error log
Site: site1.local
Form Dict: {'income': '1', 'using_amount': '10000', 'cmd': 'practice_app.api.check_income_amount'}
2026-08-27 11:30:44,619 ERROR frappe New Exception collected in error log
Site: site1.local
Form Dict: {'income': '1', 'invoice': '8', 'using_amount': '10000', 'using_reason': 'Test', 'cmd': 'practice_app.api.update_income'}
2026-08-27 11:31:33,879 ERROR frappe New Exception collected in error log
Site: site1.local
Form Dict: {'income': '1', 'using_amount': '10000', 'cmd': 'practice_app.api.check_income_amount'}
2026-08-28 09:32:18,119 ERROR frappe New Exception collected in error log
Site: site1.local
Form Dict: {'report_name': 'Test Report', 'filters': '{}', 'ignore_prepared_report': 'false', 'are_default_filters': 'true', 'js_filters': '[]', 'cmd': 'frappe.desk.query_report.run'}
2026-08-28 09:55:40,894 ERROR frappe New Exception collected in error log
Site: site1.local
Form Dict: {'report_name': 'Test Report', 'filters': '{"status":"Pending"}', 'ignore_prepared_report': 'false', 'are_default_filters': 'false', 'js_filters': '[]', 'cmd': 'frappe.desk.query_report.run'}
2026-08-28 09:56:51,968 ERROR frappe New Exception collected in error log
Site: site1.local
Form Dict: {'report_name': 'Test Report', 'filters': '{"status":"Reject"}', 'ignore_prepared_report': 'false', 'are_default_filters': 'false', 'js_filters': '[]', 'cmd': 'frappe.desk.query_report.run'}
2026-08-28 10:21:43,240 ERROR frappe New Exception collected in error log
Site: site1.local
Form Dict: {'report_name': 'QUERY TEST', 'filters': '{}', 'ignore_prepared_report': 'false', 'are_default_filters': 'true', 'js_filters': '[]', 'cmd': 'frappe.desk.query_report.run'}
2026-08-28 10:22:35,653 ERROR frappe New Exception collected in error log
Site: site1.local
Form Dict: {'report_name': 'QUERY TEST', 'filters': '{}', 'ignore_prepared_report': 'false', 'are_default_filters': 'true', 'js_filters': '[]', 'cmd': 'frappe.desk.query_report.run'}
2026-08-28 10:22:57,343 ERROR frappe New Exception collected in error log
Site: site1.local
Form Dict: {'report_name': 'QUERY TEST', 'filters': '{}', 'ignore_prepared_report': 'false', 'are_default_filters': 'true', 'js_filters': '[]', 'cmd': 'frappe.desk.query_report.run'}
2026-08-28 10:26:36,108 ERROR frappe New Exception collected in error log
Site: site1.local
Form Dict: {'report_name': 'QUERY TEST', 'filters': '{}', 'ignore_prepared_report': 'false', 'are_default_filters': 'true', 'js_filters': '[]', 'cmd': 'frappe.desk.query_report.run'}
2026-08-28 10:26:39,931 ERROR frappe New Exception collected in error log
Site: site1.local
Form Dict: {'report_name': 'QUERY TEST', 'filters': '{}', 'ignore_prepared_report': 'false', 'are_default_filters': 'true', 'js_filters': '[]', 'cmd': 'frappe.desk.query_report.run'}
2026-08-28 10:26:53,726 ERROR frappe New Exception collected in error log
Site: site1.local
Form Dict: {'report_name': 'QUERY TEST', 'filters': '{}', 'ignore_prepared_report': 'false', 'are_default_filters': 'true', 'js_filters': '[]', 'cmd': 'frappe.desk.query_report.run'}
2026-08-28 10:26:56,148 ERROR frappe New Exception collected in error log
Site: site1.local
Form Dict: {'report_name': 'QUERY TEST', 'filters': '{}', 'ignore_prepared_report': 'false', 'are_default_filters': 'true', 'js_filters': '[]', 'cmd': 'frappe.desk.query_report.run'}
2026-08-28 10:26:57,387 ERROR frappe New Exception collected in error log
Site: site1.local
Form Dict: {'report_name': 'QUERY TEST', 'filters': '{}', 'ignore_prepared_report': 'false', 'are_default_filters': 'true', 'js_filters': '[]', 'cmd': 'frappe.desk.query_report.run'}
2026-08-28 10:26:57,490 ERROR frappe New Exception collected in error log
Site: site1.local
Form Dict: {'report_name': 'QUERY TEST', 'filters': '{}', 'ignore_prepared_report': 'false', 'are_default_filters': 'true', 'js_filters': '[]', 'cmd': 'frappe.desk.query_report.run'}
2026-08-28 10:28:24,019 ERROR frappe New Exception collected in error log
Site: site1.local
Form Dict: {'report_name': 'QUERY TEST', 'filters': '{}', 'ignore_prepared_report': 'false', 'are_default_filters': 'true', 'js_filters': '[]', 'cmd': 'frappe.desk.query_report.run'}
2026-08-28 10:58:54,006 ERROR frappe New Exception collected in error log
Site: site1.local
Form Dict: {'doc': '{"name":"Employee Portal","owner":"Administrator","creation":"2026-08-28 16:24:47.343326","modified":"2026-08-28 16:24:47.343326","modified_by":"Administrator","docstatus":0,"idx":0,"read_only":0,"in_create":0,"protect_attached_files":0,"naming_rule":"","allow_rename":1,"module":"Practice_App","is_submittable":0,"istable":0,"issingle":0,"is_tree":0,"is_calendar_and_gantt":0,"editable_grid":0,"quick_entry":0,"grid_page_length":50,"rows_threshold_for_grid_search":20,"allow_bulk_edit":1,"track_changes":0,"track_seen":0,"track_views":0,"custom":0,"beta":0,"is_virtual":0,"queue_in_background":0,"max_attachments":0,"hide_toolbar":0,"allow_copy":0,"allow_import":0,"allow_events_in_timeline":0,"allow_auto_repeat":0,"make_attachments_public":0,"show_title_field_in_link":0,"translated_doctype":0,"sort_field":"creation","sort_order":"DESC","force_re_route_to_default_view":0,"document_type":"","show_preview_popup":0,"show_name_in_global_search":0,"email_append_to":0,"has_web_view":0,"allow_guest_to_view":0,"index_web_pages_for_search":1,"engine":"InnoDB","row_format":"Dynamic","doctype":"DocType","fields":[{"docstatus":0,"doctype":"DocField","name":"new-docfield-dysjtapsei","__islocal":1,"__unsaved":1,"owner":"Administrator","fieldtype":"Section Break","precision":"","non_negative":0,"hide_days":0,"hide_seconds":0,"reqd":0,"is_virtual":0,"search_index":0,"not_nullable":0,"mask":0,"sort_options":0,"show_dashboard":0,"fetch_if_empty":0,"button_color":"","hidden":0,"show_on_timeline":0,"bold":0,"allow_in_quick_entry":0,"translatable":0,"print_hide":0,"print_hide_if_no_value":0,"report_hide":0,"collapsible":0,"hide_border":0,"in_list_view":0,"in_standard_filter":0,"in_preview":0,"sticky":0,"in_filter":0,"in_global_search":0,"read_only":0,"allow_on_submit":0,"ignore_user_permissions":0,"allow_bulk_edit":0,"make_attachment_public":0,"permlevel":0,"ignore_xss_filter":0,"unique":0,"no_copy":0,"set_only_once":0,"remember_last_selected_value":0,"alignment":"","show_description_on_click":0,"parent":"Employee Portal","parentfield":"fields","parenttype":"DocType","idx":1,"__run_link_triggers":1,"fieldname":"employee_portal_section","label":"Employee Portal"},{"docstatus":0,"doctype":"DocField","name":"new-docfield-ilblhlxibc","__islocal":1,"__unsaved":1,"owner":"Administrator","fieldtype":"Link","precision":"","non_negative":0,"hide_days":0,"hide_seconds":0,"reqd":1,"is_virtual":0,"search_index":0,"not_nullable":0,"mask":0,"sort_options":0,"show_dashboard":0,"fetch_if_empty":0,"button_color":"","hidden":0,"show_on_timeline":0,"bold":0,"allow_in_quick_entry":0,"translatable":0,"print_hide":0,"print_hide_if_no_value":0,"report_hide":0,"collapsible":0,"hide_border":0,"in_list_view":0,"in_standard_filter":0,"in_preview":0,"sticky":0,"in_filter":0,"in_global_search":0,"read_only":0,"allow_on_submit":0,"ignore_user_permissions":0,"allow_bulk_edit":0,"make_attachment_public":0,"permlevel":0,"ignore_xss_filter":0,"unique":0,"no_copy":0,"set_only_once":0,"remember_last_selected_value":0,"alignment":"","show_description_on_click":0,"parent":"Employee Portal","parentfield":"fields","parenttype":"DocType","idx":2,"__run_link_triggers":1,"fieldname":"employee_id","label":"Employee Id","options":"Employee"},{"docstatus":0,"doctype":"DocField","name":"new-docfield-dqagjagdkt","__islocal":1,"__unsaved":1,"owner":"Administrator","fieldtype":"Select","precision":"","non_negative":0,"hide_days":0,"hide_seconds":0,"reqd":1,"is_virtual":0,"search_index":0,"not_nullable":0,"mask":0,"sort_options":0,"show_dashboard":0,"fetch_if_empty":0,"button_color":"","hidden":0,"show_on_timeline":0,"bold":0,"allow_in_quick_entry":0,"translatable":0,"print_hide":0,"print_hide_if_no_value":0,"report_hide":0,"collapsible":0,"hide_border":0,"in_list_view":0,"in_standard_filter":0,"in_preview":0,"sticky":0,"in_filter":0,"in_global_search":0,"read_only":0,"allow_on_submit":0,"ignore_user_permissions":0,"allow_bulk_edit":0,"make_attachment_public":0,"permlevel":0,"ignore_xss_filter":0,"unique":0,"no_copy":0,"set_only_once":0,"remember_last_selected_value":0,"alignment":"","show_description_on_click":0,"parent":"Employee Portal","parentfield":"fields","parenttype":"DocType","idx":3,"__run_link_triggers":1,"fieldname":"log","label":"Log ","options":"In\\nOut"},{"docstatus":0,"doctype":"DocField","name":"new-docfield-dotosswqgh","__islocal":1,"__unsaved":1,"owner":"Administrator","fieldtype":"Time","precision":"","non_negative":0,"hide_days":0,"hide_seconds":0,"reqd":0,"is_virtual":0,"search_index":0,"not_nullable":0,"mask":0,"sort_options":0,"show_dashboard":0,"fetch_if_empty":0,"button_color":"","hidden":0,"show_on_timeline":0,"bold":0,"allow_in_quick_entry":0,"translatable":0,"print_hide":0,"print_hide_if_no_value":0,"report_hide":0,"collapsible":0,"hide_border":0,"in_list_view":0,"in_standard_filter":0,"in_preview":0,"sticky":0,"in_filter":0,"in_global_search":0,"read_only":0,"allow_on_submit":0,"ignore_user_permissions":0,"allow_bulk_edit":0,"make_attachment_public":0,"permlevel":0,"ignore_xss_filter":0,"unique":0,"no_copy":0,"set_only_once":0,"remember_last_selected_value":0,"alignment":"","show_description_on_click":0,"parent":"Employee Portal","parentfield":"fields","parenttype":"DocType","idx":4,"__run_link_triggers":1,"fieldname":"log-in_time","label":"Log-In Time","depends_on":"eval: log === \\"In\\""},{"docstatus":0,"doctype":"DocField","name":"new-docfield-pbjytopafr","__islocal":1,"__unsaved":1,"owner":"Administrator","fieldtype":"Time","precision":"","non_negative":0,"hide_days":0,"hide_seconds":0,"reqd":0,"is_virtual":0,"search_index":0,"not_nullable":0,"mask":0,"sort_options":0,"show_dashboard":0,"fetch_if_empty":0,"button_color":"","hidden":0,"show_on_timeline":0,"bold":0,"allow_in_quick_entry":0,"translatable":0,"print_hide":0,"print_hide_if_no_value":0,"report_hide":0,"collapsible":0,"hide_border":0,"in_list_view":0,"in_standard_filter":0,"in_preview":0,"sticky":0,"in_filter":0,"in_global_search":0,"read_only":0,"allow_on_submit":0,"ignore_user_permissions":0,"allow_bulk_edit":0,"make_attachment_public":0,"permlevel":0,"ignore_xss_filter":0,"unique":0,"no_copy":0,"set_only_once":0,"remember_last_selected_value":0,"alignment":"","show_description_on_click":0,"parent":"Employee Portal","parentfield":"fields","parenttype":"DocType","idx":5,"__run_link_triggers":1,"fieldname":"log-out_time","label":"Log-Out Time"}],"permissions":[{"name":"6d9ut85olc","owner":"Administrator","creation":"2026-08-28 16:24:47.343326","modified":"2026-08-28 16:24:47.343326","modified_by":"Administrator","docstatus":0,"idx":1,"role":"System Manager","if_owner":0,"permlevel":0,"select":0,"read":1,"write":1,"create":1,"delete":1,"submit":0,"cancel":0,"amend":0,"mask":0,"report":1,"export":1,"import":0,"share":1,"print":1,"email":1,"impersonate":0,"parent":"Employee Portal","parentfield":"permissions","parenttype":"DocType","doctype":"DocPerm"}],"actions":[],"links":[],"states":[],"__unsaved":1}', 'action': 'Save', 'cmd': 'frappe.desk.form.save.savedocs'}
2026-08-28 10:59:11,248 ERROR frappe New Exception collected in error log
Site: site1.local
Form Dict: {'doc': '{"name":"Employee Portal","owner":"Administrator","creation":"2026-08-28 16:24:47.343326","modified":"2026-08-28 16:24:47.343326","modified_by":"Administrator","docstatus":0,"idx":0,"read_only":0,"in_create":0,"protect_attached_files":0,"naming_rule":"","allow_rename":1,"module":"Practice_App","is_submittable":0,"istable":0,"issingle":0,"is_tree":0,"is_calendar_and_gantt":0,"editable_grid":0,"quick_entry":0,"grid_page_length":50,"rows_threshold_for_grid_search":20,"allow_bulk_edit":1,"track_changes":0,"track_seen":0,"track_views":0,"custom":0,"beta":0,"is_virtual":0,"queue_in_background":0,"max_attachments":0,"hide_toolbar":0,"allow_copy":0,"allow_import":0,"allow_events_in_timeline":0,"allow_auto_repeat":0,"make_attachments_public":0,"show_title_field_in_link":0,"translated_doctype":0,"sort_field":"creation","sort_order":"DESC","force_re_route_to_default_view":0,"document_type":"","show_preview_popup":0,"show_name_in_global_search":0,"email_append_to":0,"has_web_view":0,"allow_guest_to_view":0,"index_web_pages_for_search":1,"engine":"InnoDB","row_format":"Dynamic","doctype":"DocType","fields":[{"docstatus":0,"doctype":"DocField","name":"new-docfield-wmnugqwfkv","__islocal":1,"__unsaved":1,"owner":"Administrator","fieldtype":"Section Break","precision":"","non_negative":0,"hide_days":0,"hide_seconds":0,"reqd":0,"is_virtual":0,"search_index":0,"not_nullable":0,"mask":0,"sort_options":0,"show_dashboard":0,"fetch_if_empty":0,"button_color":"","hidden":0,"show_on_timeline":0,"bold":0,"allow_in_quick_entry":0,"translatable":0,"print_hide":0,"print_hide_if_no_value":0,"report_hide":0,"collapsible":0,"hide_border":0,"in_list_view":0,"in_standard_filter":0,"in_preview":0,"sticky":0,"in_filter":0,"in_global_search":0,"read_only":0,"allow_on_submit":0,"ignore_user_permissions":0,"allow_bulk_edit":0,"make_attachment_public":0,"permlevel":0,"ignore_xss_filter":0,"unique":0,"no_copy":0,"set_only_once":0,"remember_last_selected_value":0,"alignment":"","show_description_on_click":0,"parent":"Employee Portal","parentfield":"fields","parenttype":"DocType","idx":1,"__run_link_triggers":1,"fieldname":"employee_portal_section","label":"Employee Portal"},{"docstatus":0,"doctype":"DocField","name":"new-docfield-xdzjyahdog","__islocal":1,"__unsaved":1,"owner":"Administrator","fieldtype":"Link","precision":"","non_negative":0,"hide_days":0,"hide_seconds":0,"reqd":1,"is_virtual":0,"search_index":0,"not_nullable":0,"mask":0,"sort_options":0,"show_dashboard":0,"fetch_if_empty":0,"button_color":"","hidden":0,"show_on_timeline":0,"bold":0,"allow_in_quick_entry":0,"translatable":0,"print_hide":0,"print_hide_if_no_value":0,"report_hide":0,"collapsible":0,"hide_border":0,"in_list_view":0,"in_standard_filter":0,"in_preview":0,"sticky":0,"in_filter":0,"in_global_search":0,"read_only":0,"allow_on_submit":0,"ignore_user_permissions":0,"allow_bulk_edit":0,"make_attachment_public":0,"permlevel":0,"ignore_xss_filter":0,"unique":0,"no_copy":0,"set_only_once":0,"remember_last_selected_value":0,"alignment":"","show_description_on_click":0,"parent":"Employee Portal","parentfield":"fields","parenttype":"DocType","idx":2,"__run_link_triggers":1,"fieldname":"employee_id","label":"Employee Id","options":"Employee"},{"docstatus":0,"doctype":"DocField","name":"new-docfield-cjlcvcamtb","__islocal":1,"__unsaved":1,"owner":"Administrator","fieldtype":"Select","precision":"","non_negative":0,"hide_days":0,"hide_seconds":0,"reqd":1,"is_virtual":0,"search_index":0,"not_nullable":0,"mask":0,"sort_options":0,"show_dashboard":0,"fetch_if_empty":0,"button_color":"","hidden":0,"show_on_timeline":0,"bold":0,"allow_in_quick_entry":0,"translatable":0,"print_hide":0,"print_hide_if_no_value":0,"report_hide":0,"collapsible":0,"hide_border":0,"in_list_view":0,"in_standard_filter":0,"in_preview":0,"sticky":0,"in_filter":0,"in_global_search":0,"read_only":0,"allow_on_submit":0,"ignore_user_permissions":0,"allow_bulk_edit":0,"make_attachment_public":0,"permlevel":0,"ignore_xss_filter":0,"unique":0,"no_copy":0,"set_only_once":0,"remember_last_selected_value":0,"alignment":"","show_description_on_click":0,"parent":"Employee Portal","parentfield":"fields","parenttype":"DocType","idx":3,"__run_link_triggers":1,"fieldname":"log","label":"Log ","options":"In\\nOut"},{"docstatus":0,"doctype":"DocField","name":"new-docfield-dejadlgqnu","__islocal":1,"__unsaved":1,"owner":"Administrator","fieldtype":"Time","precision":"","non_negative":0,"hide_days":0,"hide_seconds":0,"reqd":0,"is_virtual":0,"search_index":0,"not_nullable":0,"mask":0,"sort_options":0,"show_dashboard":0,"fetch_if_empty":0,"button_color":"","hidden":0,"show_on_timeline":0,"bold":0,"allow_in_quick_entry":0,"translatable":0,"print_hide":0,"print_hide_if_no_value":0,"report_hide":0,"collapsible":0,"hide_border":0,"in_list_view":0,"in_standard_filter":0,"in_preview":0,"sticky":0,"in_filter":0,"in_global_search":0,"read_only":0,"allow_on_submit":0,"ignore_user_permissions":0,"allow_bulk_edit":0,"make_attachment_public":0,"permlevel":0,"ignore_xss_filter":0,"unique":0,"no_copy":0,"set_only_once":0,"remember_last_selected_value":0,"alignment":"","show_description_on_click":0,"parent":"Employee Portal","parentfield":"fields","parenttype":"DocType","idx":4,"__run_link_triggers":1,"fieldname":"log_in_time","label":"Log In Time","depends_on":"eval: log === \\"In\\""},{"docstatus":0,"doctype":"DocField","name":"new-docfield-uyybtxuesp","__islocal":1,"__unsaved":1,"owner":"Administrator","fieldtype":"Time","precision":"","non_negative":0,"hide_days":0,"hide_seconds":0,"reqd":0,"is_virtual":0,"search_index":0,"not_nullable":0,"mask":0,"sort_options":0,"show_dashboard":0,"fetch_if_empty":0,"button_color":"","hidden":0,"show_on_timeline":0,"bold":0,"allow_in_quick_entry":0,"translatable":0,"print_hide":0,"print_hide_if_no_value":0,"report_hide":0,"collapsible":0,"hide_border":0,"in_list_view":0,"in_standard_filter":0,"in_preview":0,"sticky":0,"in_filter":0,"in_global_search":0,"read_only":0,"allow_on_submit":0,"ignore_user_permissions":0,"allow_bulk_edit":0,"make_attachment_public":0,"permlevel":0,"ignore_xss_filter":0,"unique":0,"no_copy":0,"set_only_once":0,"remember_last_selected_value":0,"alignment":"","show_description_on_click":0,"parent":"Employee Portal","parentfield":"fields","parenttype":"DocType","idx":5,"__run_link_triggers":1,"fieldname":"log-out_time","label":"Log-Out Time"}],"permissions":[{"name":"6d9ut85olc","owner":"Administrator","creation":"2026-08-28 16:24:47.343326","modified":"2026-08-28 16:24:47.343326","modified_by":"Administrator","docstatus":0,"idx":1,"role":"System Manager","if_owner":0,"permlevel":0,"select":0,"read":1,"write":1,"create":1,"delete":1,"submit":0,"cancel":0,"amend":0,"mask":0,"report":1,"export":1,"import":0,"share":1,"print":1,"email":1,"impersonate":0,"parent":"Employee Portal","parentfield":"permissions","parenttype":"DocType","doctype":"DocPerm"}],"actions":[],"links":[],"states":[],"__unsaved":1}', 'action': 'Save', 'cmd': 'frappe.desk.form.save.savedocs'}
2026-08-29 10:19:00,936 ERROR frappe New Exception collected in error log
Site: site1.local
Form Dict: {'with_parent': '1', 'cmd': 'frappe.desk.form.load.getdoctype'}
